HAL_UART.c:230:13:uartGpio_Init	16	static
HAL_UART.c:244:13:uartIrq_Init	16	static
HAL_UART.c:255:13:uartDma_Init	64	static
HAL_UART.c:25:6:HAL_UART_INIT	32	static
HAL_UART.c:62:10:HAL_UART_SEND	16	static
HAL_UART.c:95:10:HAL_UART_RECEIVE	24	static
HAL_UART.c:118:10:HAL_UART_SEND_IT	8	static
HAL_UART.c:134:10:HAL_UART_RECEIVE_IT	8	static
HAL_UART.c:148:10:HAL_UART_SEND_DMA	8	static
HAL_UART.c:162:10:HAL_UART_RECEIVE_DMA	8	static
HAL_UART.c:177:13:HAL_uart_RxCallback	0	static
HAL_UART.c:290:17:uart_RECEIVE_IT	16	static
HAL_UART.c:327:17:uart_RECEIVE_DMA	8	static
HAL_UART.c:182:13:HAL_uart_TxCallback	0	static
HAL_UART.c:309:17:uart_SEND_IT	8	static
HAL_UART.c:334:17:uart_SEND_DMA	16	static
HAL_UART.c:187:13:HAL_uart_ErrorCallback	0	static
HAL_UART.c:195:6:HAL_UART_IRQ	16	static
