SEGGER_RTT.c:485:17:_GetAvailWriteSpace	0	static
SEGGER_RTT.c:399:13:_WriteNoCheck	24	static
SEGGER_RTT.c:335:17:_WriteBlocking	32	static
SEGGER_RTT.c:463:13:_PostTerminalSwitch	16	static
SEGGER_RTT.c:280:13:_DoInit	8	static
SEGGER_RTT.c:526:10:SEGGER_RTT_ReadNoLock	32	static
SEGGER_RTT.c:616:10:SEGGER_RTT_Read	8	static
SEGGER_RTT.c:655:6:SEGGER_RTT_WriteWithOverwriteNoLock	32	static
SEGGER_RTT.c:755:10:SEGGER_RTT_WriteSkipNoLock	32	static
SEGGER_RTT.c:834:10:SEGGER_RTT_WriteNoLock	24	static
SEGGER_RTT.c:905:10:SEGGER_RTT_Write	24	static
SEGGER_RTT.c:942:10:SEGGER_RTT_WriteString	16	static
SEGGER_RTT.c:972:10:SEGGER_RTT_PutCharSkipNoLock	16	static
SEGGER_RTT.c:1019:10:SEGGER_RTT_PutCharSkip	24	static
SEGGER_RTT.c:1075:10:SEGGER_RTT_PutChar	24	static
SEGGER_RTT.c:1136:5:SEGGER_RTT_GetKey	16	static
SEGGER_RTT.c:1164:5:SEGGER_RTT_WaitKey	8	static
SEGGER_RTT.c:1187:5:SEGGER_RTT_HasKey	8	static
SEGGER_RTT.c:1213:10:SEGGER_RTT_HasData	8	static
SEGGER_RTT.c:1234:10:SEGGER_RTT_HasDataUp	8	static
SEGGER_RTT.c:1262:5:SEGGER_RTT_AllocDownBuffer	24	static
SEGGER_RTT.c:1307:5:SEGGER_RTT_AllocUpBuffer	32	static
SEGGER_RTT.c:1358:5:SEGGER_RTT_ConfigUpBuffer	32	static
SEGGER_RTT.c:1405:5:SEGGER_RTT_ConfigDownBuffer	24	static
SEGGER_RTT.c:1443:5:SEGGER_RTT_SetNameUpBuffer	16	static
SEGGER_RTT.c:1474:5:SEGGER_RTT_SetNameDownBuffer	16	static
SEGGER_RTT.c:1505:5:SEGGER_RTT_SetFlagsUpBuffer	16	static
SEGGER_RTT.c:1536:5:SEGGER_RTT_SetFlagsDownBuffer	16	static
SEGGER_RTT.c:1560:6:SEGGER_RTT_Init	8	static
SEGGER_RTT.c:1578:5:SEGGER_RTT_SetTerminal	24	static
SEGGER_RTT.c:1628:5:SEGGER_RTT_TerminalOut	32	static
