App.c:101:12:AddService	304	static
App.c:76:5:_write	8	static
App.c:90:6:convertVoltages	16	static
App.c:322:6:App_Init	80	static
App.c:347:6:App_Process	208	static
App.c:422:6:hci_le_connection_complete_event	40	static
App.c:445:6:hci_disconnection_complete_event	8	static
App.c:458:6:aci_gatt_attribute_modified_event	16	static
App.c:492:6:aci_gap_pass_key_req_event	0	static
App.c:497:6:aci_gap_pairing_complete_event	0	static
App.c:502:6:aci_gap_bond_lost_event	0	static
App.c:507:6:BLE_DiagnosticMsgCallback	32	static
App.c:518:6:aci_l2cap_connection_update_req_event	16	static
App.c:531:6:aci_l2cap_command_reject_event	8	static
App.c:542:6:aci_l2cap_connection_update_resp_event	8	static
App.c:550:6:aci_l2cap_proc_timeout_event	8	static
