App.c:102:12:AddService	304	static
App.c:91:6:convertVoltages	16	static
App.c:323:6:App_Init	80	static
App.c:348:6:App_Process	208	static
App.c:423:6:hci_le_connection_complete_event	40	static
App.c:446:6:hci_disconnection_complete_event	8	static
App.c:459:6:aci_gatt_attribute_modified_event	8	static
App.c:493:6:aci_gap_pass_key_req_event	0	static
App.c:498:6:aci_gap_pairing_complete_event	0	static
App.c:503:6:aci_gap_bond_lost_event	0	static
App.c:508:6:BLE_DiagnosticMsgCallback	32	static
App.c:519:6:aci_l2cap_connection_update_req_event	0	static
App.c:532:6:aci_l2cap_command_reject_event	0	static
App.c:543:6:aci_l2cap_connection_update_resp_event	0	static
App.c:551:6:aci_l2cap_proc_timeout_event	0	static
