app_vim.c:32:5:NotifyKeylessUnlock	8	static
app_vim.c:44:6:App_Init	16	static
app_vim.c:67:6:App_Process	32	static
app_vim.c:178:6:hci_le_connection_complete_event	0	static
app_vim.c:195:6:hci_disconnection_complete_event	0	static
app_vim.c:207:6:aci_gatt_attribute_modified_event	8	static
app_vim.c:276:6:BLE_AuthTokenReceivedCallback	8	static
app_vim.c:290:6:BLE_LockReqCallback	0	static
app_vim.c:304:6:BLE_DataReceivedCallback	8	static
app_vim.c:311:6:BLE_UnlockCallback	0	static
app_vim.c:319:6:BLE_RidePausedCallback	0	static
