app_vim.c:37:5:NotifyKeylessUnlock	8	static
app_vim.c:49:6:App_Init	8	static
app_vim.c:71:6:App_Process	32	static
app_vim.c:195:6:hci_le_connection_complete_event	0	static
app_vim.c:212:6:hci_disconnection_complete_event	0	static
app_vim.c:224:6:aci_gatt_attribute_modified_event	16	static
app_vim.c:297:6:BLE_AuthTokenReceivedCallback	8	static
app_vim.c:310:6:BLE_LockReqCallback	32	static
app_vim.c:329:6:BLE_DataReceivedCallback	8	static
app_vim.c:344:6:BLE_UnlockCallback	0	static
app_vim.c:352:6:BLE_RidePausedCallback	0	static
