stack_user_cfg.c:76:12:aci_gap_add_devices_to_resolving_list	8	static
stack_user_cfg.c:81:12:hci_le_remove_device_from_resolving_list	8	static
stack_user_cfg.c:86:12:hci_le_add_device_to_resolving_list	8	static
stack_user_cfg.c:91:12:hci_le_set_resolvable_private_address_timeout	8	static
stack_user_cfg.c:96:12:hci_le_set_address_resolution_enable	8	static
stack_user_cfg.c:101:12:hci_le_read_peer_resolvable_address	8	static
stack_user_cfg.c:106:12:hci_le_read_local_resolvable_address	8	static
stack_user_cfg.c:111:12:hci_le_read_resolving_list_size	8	static
stack_user_cfg.c:116:12:hci_le_clear_resolving_list	8	static
stack_user_cfg.c:121:12:hci_le_set_privacy_mode	8	static
stack_user_cfg.c:127:6:PRIV_vGeneratePrivateAddress_ucfg	8	static
stack_user_cfg.c:132:9:LL_LE_Set_Resolvable_Private_Address_Timeout_ucfg	8	static
stack_user_cfg.c:137:9:LL_SetAddressResolutionEnable_ucfg	8	static
stack_user_cfg.c:142:9:PRIV_u32ProcessAdvPacket_ucfg	8	static
stack_user_cfg.c:147:9:PRIV_u8OfflineProcessing_ucfg	8	static
stack_user_cfg.c:152:6:PRIV_vGenerate_hci_le_enhanced_connection_complete_event_ucfg	32	static
stack_user_cfg.c:167:6:PRIV_vGenerate_hci_le_direct_advertising_report_event_ucfg	32	static
stack_user_cfg.c:184:12:GAP_enable_controller_privacy_ucfg	8	static
stack_user_cfg.c:189:12:LL_Encrypt_Plain_Data_ucfg	8	static
stack_user_cfg.c:194:10:PRIV_controller_privacy_csr_ucfg	0	static
stack_user_cfg.c:351:12:aci_gap_start_auto_connection_establish_proc	64	static
stack_user_cfg.c:376:12:aci_gap_start_general_connection_establish_proc	24	static
stack_user_cfg.c:391:12:aci_gap_start_selective_connection_establish_proc	40	static
stack_user_cfg.c:410:12:aci_gap_create_connection	72	static
stack_user_cfg.c:435:12:aci_gap_start_connection_update	32	static
stack_user_cfg.c:452:12:aci_gap_terminate_gap_proc	8	static
stack_user_cfg.c:457:12:aci_gap_start_limited_discovery_proc	8	static
stack_user_cfg.c:468:12:aci_gap_start_general_discovery_proc	8	static
stack_user_cfg.c:479:12:aci_gap_start_name_discovery_proc	72	static
stack_user_cfg.c:504:12:aci_gap_start_observation_proc	24	static
stack_user_cfg.c:519:12:aci_gap_send_pairing_req	8	static
stack_user_cfg.c:524:12:aci_l2cap_connection_parameter_update_resp	56	static
stack_user_cfg.c:546:12:hci_le_create_connection	72	static
stack_user_cfg.c:573:12:hci_le_create_connection_cancel	8	static
stack_user_cfg.c:578:12:hci_le_connection_update	32	static
stack_user_cfg.c:595:12:hci_le_set_scan_parameters	16	static
stack_user_cfg.c:608:12:hci_le_set_scan_enable	8	static
stack_user_cfg.c:613:12:hci_le_start_encryption	8	static
stack_user_cfg.c:624:12:hci_le_set_host_channel_classification	8	static
stack_user_cfg.c:630:6:GAP_DiscProcTimeoutcb_ucfg	8	static
stack_user_cfg.c:635:6:GAP_LimDiscTimeoutcb_ucfg	8	static
stack_user_cfg.c:640:10:cancel_connect_master_ucfg	8	static
stack_user_cfg.c:645:6:isr_event_handler_scan_data_ucfg	8	static
stack_user_cfg.c:650:6:Reclassify_All_Channels_ucfg	8	static
stack_user_cfg.c:655:12:LL_Start_Encryption_ucfg	8	static
stack_user_cfg.c:660:12:GAP_check_and_set_role_ucfg	8	static
stack_user_cfg.c:665:6:GAP_discover_peer_name_ucfg	8	static
stack_user_cfg.c:670:6:state_func_call_init_csr_ucfg	8	static
stack_user_cfg.c:675:10:master_csr_ucfg	0	static
stack_user_cfg.c:681:12:smp_MI_Start_Encryption_ucfg	8	static
stack_user_cfg.c:685:12:smp_Execute_Actions_wrt_Current_State_MI_excerpt_ucfg	8	static
stack_user_cfg.c:689:12:smp_Process_Rx_Packet_wrt_Current_State_MI_excerpt_ucfg	8	static
stack_user_cfg.c:702:12:smp_Execute_Actions_wrt_Current_State_sc_MI_excerpt_phase2as2_ucfg	8	static
stack_user_cfg.c:729:12:hci_le_set_data_length	8	static
stack_user_cfg.c:734:12:hci_le_read_suggested_default_data_length	8	static
stack_user_cfg.c:739:12:hci_le_write_suggested_default_data_length	8	static
stack_user_cfg.c:744:12:hci_le_read_maximum_data_length	8	static
stack_user_cfg.c:752:6:Data_Len_Update_Offline_Processing_ucfg	8	static
stack_user_cfg.c:757:6:Data_Length_Update_Control_ISR_ucfg	8	static
stack_user_cfg.c:762:12:ll_write_supported_data_ucfg	8	static
stack_user_cfg.c:769:6:LL_Data_Length_Change_Event_ucfg	8	static
stack_user_cfg.c:774:12:LL_Send_Length_Resp_ucfg	8	static
stack_user_cfg.c:779:10:data_length_extension_csr_ucfg	0	static
stack_user_cfg.c:811:12:aci_gap_passkey_input	8	static
stack_user_cfg.c:816:12:aci_gap_numeric_comparison_value_confirm_yesno	8	static
stack_user_cfg.c:821:12:hci_le_read_local_p256_public_key	8	static
stack_user_cfg.c:826:12:hci_le_generate_dhkey	8	static
stack_user_cfg.c:876:6:PKA_Offline_Processing_ucfg	8	static
stack_user_cfg.c:882:13:smp_sc_init_ucfg	8	static
stack_user_cfg.c:886:13:smp_sc_continue_on_exclusive_sc_pairing_ucfg	8	static
stack_user_cfg.c:890:13:smp_sc_check_for_ecc_pk_generation_request_ucfg	8	static
stack_user_cfg.c:894:13:smp_sc_generate_new_local_oob_data_ucfg	8	static
stack_user_cfg.c:898:13:smp_sc_update_statistics_on_pairing_complete_ucfg	8	static
stack_user_cfg.c:904:10:secure_connections_csr_ucfg	0	static
stack_user_cfg.c:909:13:smp_sc_hci_le_read_local_p256_public_key_complete_evt_hndl_ucfg	8	static
stack_user_cfg.c:913:13:smp_sc_hci_le_generate_dhkey_complete_evt_hndl_ucfg	8	static
stack_user_cfg.c:919:12:smp_sc_MI_PairingResponse_Receive_sc_excerpt_ucfg	8	static
stack_user_cfg.c:923:12:smp_sc_MI_Pairing_Phase_2AS1_Start_sc_excerpt_ucfg	8	static
stack_user_cfg.c:927:12:smp_sc_SR_Pairing_Phase_2AS1_Start_sc_excerpt_ucfg	8	static
stack_user_cfg.c:932:12:smp_sc_MI_PairingConfirm_Send_sc_excerpt_ucfg	8	static
stack_user_cfg.c:936:12:smp_sc_MI_PairingRandom_Receive_sc_excerpt1_ucfg	8	static
stack_user_cfg.c:940:12:smp_sc_MI_PairingRandom_Receive_sc_excerpt2_ucfg	8	static
stack_user_cfg.c:945:12:smp_sc_SR_PairingConfirm_Receive_sc_excerpt_ucfg	8	static
stack_user_cfg.c:949:12:smp_sc_SR_PairingRandom_Receive_sc_excerpt_ucfg	8	static
stack_user_cfg.c:954:12:smp_Execute_Actions_wrt_Current_State_sc_excerpt_phase_1_to_2_ucfg	8	static
stack_user_cfg.c:958:12:smp_Execute_Actions_wrt_Current_State_sc_excerpt_phase2as2_ucfg	8	static
stack_user_cfg.c:962:12:smp_Process_Rx_Packet_wrt_Current_State_sc_excerpt_ucfg	8	static
stack_user_cfg.c:966:12:smp_Process_Rx_Packet_Exception_Cases_sc_excerpt_ucfg	8	static
