BlueNRG1_i2c.c:96:6:I2C_DeInit	8	static
BlueNRG1_i2c.c:117:6:I2C_Init	16	static
BlueNRG1_i2c.c:187:6:I2C_StructInit	0	static
BlueNRG1_i2c.c:213:6:I2C_Cmd	16	static
BlueNRG1_i2c.c:237:6:I2C_BeginTransaction	16	static
BlueNRG1_i2c.c:263:6:I2C_GeneralCallCmd	16	static
BlueNRG1_i2c.c:305:6:I2C_ITConfig	16	static
BlueNRG1_i2c.c:328:6:I2C_FillTxFIFO	16	static
BlueNRG1_i2c.c:341:9:I2C_ReceiveData	8	static
BlueNRG1_i2c.c:355:6:I2C_FlushTx	8	static
BlueNRG1_i2c.c:369:14:I2C_WaitFlushTx	8	static
BlueNRG1_i2c.c:389:6:I2C_FlushRx	8	static
BlueNRG1_i2c.c:403:14:I2C_WaitFlushRx	8	static
BlueNRG1_i2c.c:423:6:I2C_SetTxThreshold	16	static
BlueNRG1_i2c.c:438:6:I2C_SetRxThreshold	16	static
BlueNRG1_i2c.c:454:6:I2C_GenerateStopCondition	8	static
BlueNRG1_i2c.c:469:6:I2C_SetHoldTime	16	static
BlueNRG1_i2c.c:484:6:I2C_SetHoldTimeStartCondition	16	static
BlueNRG1_i2c.c:505:6:I2C_SetSetupTimeStartCondition	16	static
BlueNRG1_i2c.c:546:10:I2C_GetITStatus	16	static
BlueNRG1_i2c.c:589:10:I2C_GetITPendingBit	16	static
BlueNRG1_i2c.c:632:6:I2C_ClearITPendingBit	16	static
BlueNRG1_i2c.c:647:14:I2C_GetStatus	8	static
BlueNRG1_i2c.c:669:6:I2C_DMACmd	16	static
BlueNRG1_i2c.c:695:6:I2C_DMATxBurstMode	16	static
BlueNRG1_i2c.c:720:6:I2C_DMATxBurstSize	16	static
