BlueNRG1_mft.c:84:6:MFT_DeInit	0	static
BlueNRG1_mft.c:102:6:MFT_Init	16	static
BlueNRG1_mft.c:142:6:MFT_StructInit	0	static
BlueNRG1_mft.c:160:6:MFT_Cmd	16	static
BlueNRG1_mft.c:184:6:MFT_TnEDGES	16	static
BlueNRG1_mft.c:203:6:MFT_PulseTrainTriggerSelect	16	static
BlueNRG1_mft.c:217:6:MFT_PulseTrainSoftwareTrigger	8	static
BlueNRG1_mft.c:233:9:MFT_PulseTrainEventTriggerStatus	8	static
BlueNRG1_mft.c:251:6:MFT_TnXEN	16	static
BlueNRG1_mft.c:277:6:MFT_SelectCapturePin	16	static
BlueNRG1_mft.c:307:6:MFT_SetCounter	16	static
BlueNRG1_mft.c:324:6:MFT_SetCounter1	16	static
BlueNRG1_mft.c:339:10:MFT_GetCounter1	8	static
BlueNRG1_mft.c:354:6:MFT_SetCounter2	16	static
BlueNRG1_mft.c:369:10:MFT_GetCounter2	8	static
BlueNRG1_mft.c:390:6:MFT_EnableIT	16	static
BlueNRG1_mft.c:415:6:MFT_ClearIT	16	static
BlueNRG1_mft.c:435:10:MFT_StatusIT	16	static
