BlueNRG1_radio.c:186:16:machine_time_translate	0	static
BlueNRG1_radio.c:203:17:us_time_translate	8	static
BlueNRG1_radio.c:371:6:RADIO_IRQHandler	24	static
BlueNRG1_radio.c:488:9:RADIO_StopActivity	0	static
BlueNRG1_radio.c:511:6:RADIO_SetEncryptionCount	16	static
BlueNRG1_radio.c:532:6:RADIO_SetEncryptionAttributes	16	static
BlueNRG1_radio.c:564:6:RADIO_SetChannelMap	16	static
BlueNRG1_radio.c:604:6:RADIO_SetChannel	16	static
BlueNRG1_radio.c:636:6:RADIO_SetTxAttributes	16	static
BlueNRG1_radio.c:655:6:RADIO_SetBackToBackTime	0	static
BlueNRG1_radio.c:684:6:RADIO_SetTxPower	8	static
BlueNRG1_radio.c:711:6:RADIO_SetEncryptFlags	24	static
BlueNRG1_radio.c:734:6:RADIO_SetReservedArea	16	static
BlueNRG1_radio.c:900:6:RADIO_CrystalCheck	16	static
BlueNRG1_radio.c:959:6:RADIO_Init	32	static
BlueNRG1_radio.c:1034:9:RADIO_GetStatus	0	static
BlueNRG1_radio.c:823:9:RADIO_MakeActionPacketPending	32	static
BlueNRG1_radio.c:1088:6:RADIO_StartTone	40	static
BlueNRG1_radio.c:1166:6:RADIO_StopTone	16	static
BlueNRG1_radio.c:1191:6:RADIO_EncryptPlainData	80	static
