Archive member included to satisfy reference by file (symbol)

../Bluetooth_LE/library\libbluenrg1_stack.a(bluenrg_gap_aci.o)
                              Bluetooth_LE\src\stack_user_cfg.o (aci_gap_create_connection_api)
../Bluetooth_LE/library\libbluenrg1_stack.a(bluenrg_gatt_aci.o)
                              src\App.o (aci_gatt_add_char)
../Bluetooth_LE/library\libbluenrg1_stack.a(bluenrg_hal_aci.o)
                              src\App.o (aci_hal_set_tx_power_level)
../Bluetooth_LE/library\libbluenrg1_stack.a(bluenrg_l2cap_aci.o)
                              Bluetooth_LE\src\stack_user_cfg.o (aci_l2cap_connection_parameter_update_resp_api)
../Bluetooth_LE/library\libbluenrg1_stack.a(bluenrg_main_func.o)
                              src\main.o (BTLE_StackTick)
../Bluetooth_LE/library\libbluenrg1_stack.a(gap.o)
                              ../Bluetooth_LE/library\libbluenrg1_stack.a(bluenrg_gap_aci.o) (GAP_Create_Connection)
../Bluetooth_LE/library\libbluenrg1_stack.a(gatt_client.o)
                              ../Bluetooth_LE/library\libbluenrg1_stack.a(bluenrg_gatt_aci.o) (Gatt_Confirm_Indication)
../Bluetooth_LE/library\libbluenrg1_stack.a(gatt_server.o)
                              ../Bluetooth_LE/library\libbluenrg1_stack.a(gatt_client.o) (GATT_Send_Packet)
../Bluetooth_LE/library\libbluenrg1_stack.a(hal.o)
                              ../Bluetooth_LE/library\libbluenrg1_stack.a(bluenrg_hal_aci.o) (HAL_Read_ConfigData)
../Bluetooth_LE/library\libbluenrg1_stack.a(hci.o)
                              ../Bluetooth_LE/library\libbluenrg1_stack.a(bluenrg_main_func.o) (Controller_Process_Q)
../Bluetooth_LE/library\libbluenrg1_stack.a(hci_privacy.o)
                              Bluetooth_LE\src\stack_user_cfg.o (hci_le_add_device_to_resolving_list_api)
../Bluetooth_LE/library\libbluenrg1_stack.a(host_timer.o)
                              ../Bluetooth_LE/library\libbluenrg1_stack.a(bluenrg_main_func.o) (Timer_Init)
../Bluetooth_LE/library\libbluenrg1_stack.a(l2cap.o)
                              ../Bluetooth_LE/library\libbluenrg1_stack.a(bluenrg_l2cap_aci.o) (L2C_Build_Connect_Update_Req)
../Bluetooth_LE/library\libbluenrg1_stack.a(ll_isr.o)
                              Bluetooth_LE\src\stack_user_cfg.o (Data_Length_Update_Control_ISR)
../Bluetooth_LE/library\libbluenrg1_stack.a(ll_privacy.o)
                              ../Bluetooth_LE/library\libbluenrg1_stack.a(hci_privacy.o) (LL_LE_Add_Device_To_Resolving_List)
../Bluetooth_LE/library\libbluenrg1_stack.a(ll_routines.o)
                              Bluetooth_LE\src\stack_user_cfg.o (Data_Len_Update_Offline_Processing)
../Bluetooth_LE/library\libbluenrg1_stack.a(ll_routines_master.o)
                              ../Bluetooth_LE/library\libbluenrg1_stack.a(gap.o) (LL_Create_Connection)
../Bluetooth_LE/library\libbluenrg1_stack.a(ll_routines_support.o)
                              Bluetooth_LE\src\stack_user_cfg.o (LL_Encrypt_Plain_Data)
../Bluetooth_LE/library\libbluenrg1_stack.a(mem_alloc.o)
                              ../Bluetooth_LE/library\libbluenrg1_stack.a(bluenrg_main_func.o) (_BlueNRG_Stack_Init_params)
../Bluetooth_LE/library\libbluenrg1_stack.a(mem_buff.o)
                              ../Bluetooth_LE/library\libbluenrg1_stack.a(l2cap.o) (Mem_Buff_Append)
../Bluetooth_LE/library\libbluenrg1_stack.a(multi_master_time.o)
                              ../Bluetooth_LE/library\libbluenrg1_stack.a(hci.o) (LL_Get_Anchor_Interval)
../Bluetooth_LE/library\libbluenrg1_stack.a(nvm.o)
                              ../Bluetooth_LE/library\libbluenrg1_stack.a(ll_isr.o) (Is_Flash_Write_On_Going)
../Bluetooth_LE/library\libbluenrg1_stack.a(pka.o)
                              ../Bluetooth_LE/library\libbluenrg1_stack.a(hci.o) (BLEPLAT_PKA_Get_Current_Operation)
../Bluetooth_LE/library\libbluenrg1_stack.a(pm.o)
                              ../Bluetooth_LE/library\libbluenrg1_stack.a(l2cap.o) (PM_Compact)
../Bluetooth_LE/library\libbluenrg1_stack.a(rom_att.o)
                              ../Bluetooth_LE/library\libbluenrg1_stack.a(gatt_client.o) (ATT_fill_exchg_mtu_req)
../Bluetooth_LE/library\libbluenrg1_stack.a(rom_gap.o)
                              ../Bluetooth_LE/library\libbluenrg1_stack.a(gap.o) (GAP_Add_To_WhiteList)
../Bluetooth_LE/library\libbluenrg1_stack.a(rom_gap_rom.o)
                              ../Bluetooth_LE/library\libbluenrg1_stack.a(bluenrg_gap_aci.o) (GAP_Delete_ADType)
../Bluetooth_LE/library\libbluenrg1_stack.a(rom_gatt_server.o)
                              ../Bluetooth_LE/library\libbluenrg1_stack.a(gatt_server.o) (Check_Encry_Key_Size)
../Bluetooth_LE/library\libbluenrg1_stack.a(rom_list.o)
                              ../Bluetooth_LE/library\libbluenrg1_stack.a(gatt_server.o) (List_Circular_Get_Size)
../Bluetooth_LE/library\libbluenrg1_stack.a(rom_ll_isr_postproc.o)
                              ../Bluetooth_LE/library\libbluenrg1_stack.a(ll_isr.o) (isr_postproc1)
[...]
Memory Configuration

Name             Origin             Length             Attributes
REGION_RAM       0x20000000         0x00006000         xrw
REGION_FLASH_BOOTLOADER 0x10040000         0x00000000         xr
REGION_FLASH     0x10040000         0x0003f000         xr
REGION_NVM       0x1007f000         0x00001000         xr
REGION_ROM       0x10000000         0x00000800         xr
*default*        0x00000000         0xffffffff

Linker script and memory map

LOAD BLE_Application\Utils\src\ble_utils.o
LOAD Bluetooth_LE\src\stack_dle_api_stubs.o
LOAD Bluetooth_LE\src\stack_priv_api_stubs.o
LOAD Bluetooth_LE\src\stack_sc_api_stubs.o
LOAD Bluetooth_LE\src\stack_slvonly_api_stubs.o
LOAD Bluetooth_LE\src\stack_user_cfg.o
LOAD Library\BlueNRG1_Periph_Driver\src\BlueNRG1_adc.o
LOAD Library\BlueNRG1_Periph_Driver\src\BlueNRG1_dma.o
LOAD Library\BlueNRG1_Periph_Driver\src\BlueNRG1_flash.o
LOAD Library\BlueNRG1_Periph_Driver\src\BlueNRG1_gpio.o
LOAD Library\BlueNRG1_Periph_Driver\src\BlueNRG1_i2c.o
LOAD Library\BlueNRG1_Periph_Driver\src\BlueNRG1_mft.o
LOAD Library\BlueNRG1_Periph_Driver\src\BlueNRG1_pka.o
LOAD Library\BlueNRG1_Periph_Driver\src\BlueNRG1_radio.o
LOAD Library\BlueNRG1_Periph_Driver\src\BlueNRG1_rng.o
LOAD Library\BlueNRG1_Periph_Driver\src\BlueNRG1_rtc.o
LOAD Library\BlueNRG1_Periph_Driver\src\BlueNRG1_spi.o
LOAD Library\BlueNRG1_Periph_Driver\src\BlueNRG1_sysCtrl.o
LOAD Library\BlueNRG1_Periph_Driver\src\BlueNRG1_uart.o
LOAD Library\BlueNRG1_Periph_Driver\src\BlueNRG1_wdg.o
LOAD Library\BlueNRG1_Periph_Driver\src\misc.o
LOAD Library\CMSIS\Device\ST\BlueNRG1\Source\system_bluenrg1.o
LOAD Library\hal\src\clock.o
LOAD Library\hal\src\context_switch.o
LOAD Library\hal\src\fifo.o
LOAD Library\hal\src\hal_radio.o
LOAD Library\hal\src\miscutil.o
LOAD Library\hal\src\osal.o
LOAD Library\hal\src\radio_ota.o
LOAD Library\hal\src\sleep.o
LOAD MCAL\src\HAL_GPIO.o
LOAD MCAL\src\HAL_SYS.o
LOAD MCAL\src\HAL_UART.o
LOAD ble-sdk\platform\uart_interface-example.o
LOAD ble-sdk\src\ble_packet.o
LOAD ble-sdk\src\ble_service_bms.o
LOAD ble-sdk\src\ble_service_vim.o
LOAD ble-sdk\src\com.o
LOAD src\App.o
LOAD src\BlueNRG1_it.o
LOAD src\main.o
LOAD src\tiny_printf.o
LOAD src\uart_interface.o
LOAD utils\src\gp_timer.o
LOAD utils\src\queue_aar.o
LOAD utils\src\rsa_ed.o
LOAD ../Bluetooth_LE/library\libbluenrg1_stack.a
LOAD ../cryptolib\libcrypto.a
                0x00000080                malloc_getpagesize_P = 0x80
START GROUP
LOAD c:/program files (x86)/atollic/truestudio for stm32 9.3.0/armtools/bin/../lib/gcc/arm-atollic-eabi/6.3.1/../../../../arm-atollic-eabi/lib/armv6-m\libc_nano.a
LOAD c:/program files (x86)/atollic/truestudio for stm32 9.3.0/armtools/bin/../lib/gcc/arm-atollic-eabi/6.3.1/../../../../arm-atollic-eabi/lib/armv6-m\libm.a
END GROUP
                0x20000000                _MEMORY_RAM_BEGIN_ = 0x20000000
                0x00006000                _MEMORY_RAM_SIZE_ = 0x6000
                0x20005fff                _MEMORY_RAM_END_ = 0x20005fff
                0x10040000                _MEMORY_FLASH_BEGIN_ = 0x10040000
                0x00040000                _MEMORY_FLASH_SIZE_ = 0x40000
                0x1007ffff                _MEMORY_FLASH_END_ = 0x1007ffff
                0x10000000                _MEMORY_ROM_BEGIN_ = 0x10000000
                0x00000800                _MEMORY_ROM_SIZE_ = 0x800
                0x100007ff                _MEMORY_ROM_END_ = 0x100007ff
                0x00001000                FLASH_NVM_DATASIZE = 0x1000
                0x00000000                MEMORY_FLASH_APP_OFFSET = DEFINED (MEMORY_FLASH_APP_OFFSET)?MEMORY_FLASH_APP_OFFSET:0x0
                0x0003f000                MEMORY_FLASH_APP_SIZE = DEFINED (MEMORY_FLASH_APP_SIZE)?MEMORY_FLASH_APP_SIZE:((_MEMORY_FLASH_SIZE_ - FLASH_NVM_DATASIZE) - MEMORY_FLASH_APP_OFFSET)
                0x000002cc                MEMORY_RAM_APP_OFFSET = DEFINED (MEMORY_RAM_APP_OFFSET)?MEMORY_RAM_APP_OFFSET:0x2cc
                0x00000800                RESET_MANAGER_SIZE = DEFINED (RESET_MANAGER_SIZE)?RESET_MANAGER_SIZE:0x800
                [0x0003f000]                MEMORY_FLASH_APP_SIZE = DEFINED (ST_OTA_HIGHER_APPLICATION)?(((((_MEMORY_FLASH_SIZE_ - RESET_MANAGER_SIZE) - FLASH_NVM_DATASIZE) / 0x2) / 0x800) * 0x800):MEMORY_FLASH_APP_SIZE
                [0x00000000]                MEMORY_FLASH_APP_OFFSET = DEFINED (ST_OTA_HIGHER_APPLICATION)?(RESET_MANAGER_SIZE + MEMORY_FLASH_APP_SIZE):MEMORY_FLASH_APP_OFFSET
                [0x0003f000]                MEMORY_FLASH_APP_SIZE = DEFINED (ST_OTA_LOWER_APPLICATION)?(((((_MEMORY_FLASH_SIZE_ - RESET_MANAGER_SIZE) - FLASH_NVM_DATASIZE) / 0x2) / 0x800) * 0x800):MEMORY_FLASH_APP_SIZE
                [0x00000000]                MEMORY_FLASH_APP_OFFSET = DEFINED (ST_OTA_LOWER_APPLICATION)?RESET_MANAGER_SIZE:MEMORY_FLASH_APP_OFFSET
                0x00011800                SERVICE_MANAGER_SIZE = 0x11800
                [0x0003f000]                MEMORY_FLASH_APP_SIZE = DEFINED (ST_USE_OTA_SERVICE_MANAGER_APPLICATION)?((_MEMORY_FLASH_SIZE_ - SERVICE_MANAGER_SIZE) - FLASH_NVM_DATASIZE):MEMORY_FLASH_APP_SIZE
                [0x00000000]                MEMORY_FLASH_APP_OFFSET = DEFINED (ST_USE_OTA_SERVICE_MANAGER_APPLICATION)?SERVICE_MANAGER_SIZE:MEMORY_FLASH_APP_OFFSET
                0x00000000                EXTERNAL_BLE_STACK_FLASH_OFFSET = DEFINED (EXTERNAL_BLE_STACK_FLASH_OFFSET)?EXTERNAL_BLE_STACK_FLASH_OFFSET:0x0
                0x100400c0                cmd_call_table = ((_MEMORY_FLASH_BEGIN_ + 0xc0) + EXTERNAL_BLE_STACK_FLASH_OFFSET)
                0x200002cc                ev_call_table = 0x200002cc
                0x00000000                _Min_Heap_Size = 0x0
                0x00000c00                _Min_Stack_Size = 0xc00

.bootloader     0x10040000        0x0
                0x10040000                . = ALIGN (0x4)
 *(.bootloader)
                0x10040000                . = ALIGN (0x4)

.intvec         0x10040000       0xc0
                0x10040000                . = ALIGN (0x4)
 *(.intvec)
 .intvec        0x10040000       0xc0 Library\CMSIS\Device\ST\BlueNRG1\Source\system_bluenrg1.o
                0x10040000                __vector_table
                0x100400c0                . = ALIGN (0x4)

.text           0x100400c0    0x1828c
                0x100400c0                . = ALIGN (0x4)
 *(.cmd_call_table)
 *(.text)
 .text          0x100400c0       0x9c Library\hal\src\context_switch.o
                0x100400c0                CS_contextSave
                0x10040112                CS_contextRestore
 .text          0x1004015c        0xe c:/program files (x86)/atollic/truestudio for stm32 9.3.0/armtools/bin/../lib/gcc/arm-atollic-eabi/6.3.1/../../../../arm-atollic-eabi/lib/armv6-m\libc_nano.a(lib_a-strlen.o)
                0x1004015c                strlen
 *fill*         0x1004016a        0x2 
 .text          0x1004016c       0x14 c:/program files (x86)/atollic/truestudio for stm32 9.3.0/armtools/bin/../lib/gcc/arm-atollic-eabi/6.3.1/armv6-m\libgcc.a(_thumb1_case_uqi.o)
                0x1004016c                __gnu_thumb1_case_uqi
 .text          0x10040180      0x114 c:/program files (x86)/atollic/truestudio for stm32 9.3.0/armtools/bin/../lib/gcc/arm-atollic-eabi/6.3.1/armv6-m\libgcc.a(_udivsi3.o)
                0x10040180                __aeabi_uidiv
                0x10040180                __udivsi3
                0x1004028c                __aeabi_uidivmod
 .text          0x10040294      0x1d4 c:/program files (x86)/atollic/truestudio for stm32 9.3.0/armtools/bin/../lib/gcc/arm-atollic-eabi/6.3.1/armv6-m\libgcc.a(_divsi3.o)
                0x10040294                __divsi3
                0x10040294                __aeabi_idiv
                0x10040460                __aeabi_idivmod
 .text          0x10040468        0x4 c:/program files (x86)/atollic/truestudio for stm32 9.3.0/armtools/bin/../lib/gcc/arm-atollic-eabi/6.3.1/armv6-m\libgcc.a(_dvmd_tls.o)
                0x10040468                __aeabi_idiv0
                0x10040468                __aeabi_ldiv0
 .text          0x1004046c       0x74 c:/program files (x86)/atollic/truestudio for stm32 9.3.0/armtools/bin/../lib/gcc/arm-atollic-eabi/6.3.1/armv6-m\libgcc.a(_arm_cmpsf2.o)
                0x1004046c                __aeabi_cfrcmple
                0x10040474                __aeabi_cfcmpeq
                0x10040474                __aeabi_cfcmple
                0x10040484                __aeabi_fcmpeq
                0x10040490                __aeabi_fcmplt
                0x100404a4                __aeabi_fcmple
                0x100404b8                __aeabi_fcmpgt
                0x100404cc                __aeabi_fcmpge
 .text          0x100404e0       0x40 c:/program files (x86)/atollic/truestudio for stm32 9.3.0/armtools/bin/../lib/gcc/arm-atollic-eabi/6.3.1/armv6-m\libgcc.a(_aeabi_uldivmod.o)
                0x100404e0                __aeabi_uldivmod
 .text          0x10040520       0x54 c:/program files (x86)/atollic/truestudio for stm32 9.3.0/armtools/bin/../lib/gcc/arm-atollic-eabi/6.3.1/armv6-m\libgcc.a(_muldi3.o)
                0x10040520                __muldi3
                0x10040520                __aeabi_lmul
 .text          0x10040574       0x30 c:/program files (x86)/atollic/truestudio for stm32 9.3.0/armtools/bin/../lib/gcc/arm-atollic-eabi/6.3.1/armv6-m\libgcc.a(_fixunssfsi.o)
                0x10040574                __fixunssfsi
                0x10040574                __aeabi_f2uiz
 .text          0x100405a4      0x180 c:/program files (x86)/atollic/truestudio for stm32 9.3.0/armtools/bin/../lib/gcc/arm-atollic-eabi/6.3.1/armv6-m\libgcc.a(_udivmoddi4.o)
                0x100405a4                __udivmoddi4
 .text          0x10040724       0x74 c:/program files (x86)/atollic/truestudio for stm32 9.3.0/armtools/bin/../lib/gcc/arm-atollic-eabi/6.3.1/armv6-m\libgcc.a(unaligned-funcs.o)
                0x10040724                __aeabi_uread4
                0x1004073c                __aeabi_uwrite4
                0x1004074c                __aeabi_uread8
                0x10040778                __aeabi_uwrite8
 .text          0x10040798       0x4c c:/program files (x86)/atollic/truestudio for stm32 9.3.0/armtools/bin/../lib/gcc/arm-atollic-eabi/6.3.1/armv6-m\libgcc.a(eqsf2.o)
                0x10040798                __eqsf2
                0x10040798                __nesf2
 .text          0x100407e4       0x80 c:/program files (x86)/atollic/truestudio for stm32 9.3.0/armtools/bin/../lib/gcc/arm-atollic-eabi/6.3.1/armv6-m\libgcc.a(gesf2.o)
                0x100407e4                __gesf2
                0x100407e4                __gtsf2
 .text          0x10040864       0x84 c:/program files (x86)/atollic/truestudio for stm32 9.3.0/armtools/bin/../lib/gcc/arm-atollic-eabi/6.3.1/armv6-m\libgcc.a(lesf2.o)
                0x10040864                __ltsf2
                0x10040864                __lesf2
 .text          0x100408e8      0x338 c:/program files (x86)/atollic/truestudio for stm32 9.3.0/armtools/bin/../lib/gcc/arm-atollic-eabi/6.3.1/armv6-m\libgcc.a(subsf3.o)
                0x100408e8                __aeabi_fsub
 .text          0x10040c20       0x40 c:/program files (x86)/atollic/truestudio for stm32 9.3.0/armtools/bin/../lib/gcc/arm-atollic-eabi/6.3.1/armv6-m\libgcc.a(fixsfsi.o)
                0x10040c20                __aeabi_f2iz
 .text          0x10040c60      0x668 c:/program files (x86)/atollic/truestudio for stm32 9.3.0/armtools/bin/../lib/gcc/arm-atollic-eabi/6.3.1/armv6-m\libgcc.a(divdf3.o)
                0x10040c60                __aeabi_ddiv
 .text          0x100412c8       0x84 c:/program files (x86)/atollic/truestudio for stm32 9.3.0/armtools/bin/../lib/gcc/arm-atollic-eabi/6.3.1/armv6-m\libgcc.a(floatsidf.o)
                0x100412c8                __aeabi_i2d
 .text          0x1004134c      0x114 c:/program files (x86)/atollic/truestudio for stm32 9.3.0/armtools/bin/../lib/gcc/arm-atollic-eabi/6.3.1/armv6-m\libgcc.a(truncdfsf2.o)
                0x1004134c                __aeabi_d2f
 .text          0x10041460       0x3c c:/program files (x86)/atollic/truestudio for stm32 9.3.0/armtools/bin/../lib/gcc/arm-atollic-eabi/6.3.1/armv6-m\libgcc.a(_clzsi2.o)
                0x10041460                __clzsi2
 .text          0x1004149c       0x18 c:/program files (x86)/atollic/truestudio for stm32 9.3.0/armtools/bin/../lib/gcc/arm-atollic-eabi/6.3.1/armv6-m\libgcc.a(_clzdi2.o)
                0x1004149c                __clzdi2
 *(.text*)
 .text.PRIV_vGeneratePrivateAddress_ucfg
                0x100414b4        0x8 Bluetooth_LE\src\stack_user_cfg.o
                0x100414b4                PRIV_vGeneratePrivateAddress_ucfg
 .text.PRIV_u32ProcessAdvPacket_ucfg
                0x100414bc        0x8 Bluetooth_LE\src\stack_user_cfg.o
                0x100414bc                PRIV_u32ProcessAdvPacket_ucfg
 .text.PRIV_u8OfflineProcessing_ucfg
                0x100414c4        0x8 Bluetooth_LE\src\stack_user_cfg.o
                0x100414c4                PRIV_u8OfflineProcessing_ucfg
 .text.PRIV_vGenerate_hci_le_enhanced_connection_complete_event_ucfg
                0x100414cc       0x1e Bluetooth_LE\src\stack_user_cfg.o
                0x100414cc                PRIV_vGenerate_hci_le_enhanced_connection_complete_event_ucfg
 .text.PRIV_vGenerate_hci_le_direct_advertising_report_event_ucfg
                0x100414ea       0x1a Bluetooth_LE\src\stack_user_cfg.o
                0x100414ea                PRIV_vGenerate_hci_le_direct_advertising_report_event_ucfg
 .text.GAP_enable_controller_privacy_ucfg
                0x10041504        0x8 Bluetooth_LE\src\stack_user_cfg.o
                0x10041504                GAP_enable_controller_privacy_ucfg
 .text.LL_Encrypt_Plain_Data_ucfg
                0x1004150c        0x8 Bluetooth_LE\src\stack_user_cfg.o
                0x1004150c                LL_Encrypt_Plain_Data_ucfg
 .text.PRIV_controller_privacy_csr_ucfg
                0x10041514        0x4 Bluetooth_LE\src\stack_user_cfg.o
                0x10041514                PRIV_controller_privacy_csr_ucfg
 .text.GAP_DiscProcTimeoutcb_ucfg
                0x10041518        0x8 Bluetooth_LE\src\stack_user_cfg.o
                0x10041518                GAP_DiscProcTimeoutcb_ucfg
 .text.GAP_LimDiscTimeoutcb_ucfg
                0x10041520        0x8 Bluetooth_LE\src\stack_user_cfg.o
                0x10041520                GAP_LimDiscTimeoutcb_ucfg
 .text.cancel_connect_master_ucfg
                0x10041528        0x8 Bluetooth_LE\src\stack_user_cfg.o
                0x10041528                cancel_connect_master_ucfg
 .text.isr_event_handler_scan_data_ucfg
                0x10041530        0x8 Bluetooth_LE\src\stack_user_cfg.o
                0x10041530                isr_event_handler_scan_data_ucfg
 .text.Reclassify_All_Channels_ucfg
                0x10041538        0x8 Bluetooth_LE\src\stack_user_cfg.o
                0x10041538                Reclassify_All_Channels_ucfg
 .text.GAP_check_and_set_role_ucfg
                0x10041540        0x8 Bluetooth_LE\src\stack_user_cfg.o
                0x10041540                GAP_check_and_set_role_ucfg
 .text.GAP_discover_peer_name_ucfg
                0x10041548        0x8 Bluetooth_LE\src\stack_user_cfg.o
                0x10041548                GAP_discover_peer_name_ucfg
 .text.state_func_call_init_csr_ucfg
                0x10041550        0x8 Bluetooth_LE\src\stack_user_cfg.o
                0x10041550                state_func_call_init_csr_ucfg
 .text.smp_MI_Start_Encryption_ucfg
                0x10041558        0x8 Bluetooth_LE\src\stack_user_cfg.o
                0x10041558                smp_MI_Start_Encryption_ucfg
 .text.smp_Execute_Actions_wrt_Current_State_MI_excerpt_ucfg
                0x10041560        0x8 Bluetooth_LE\src\stack_user_cfg.o
                0x10041560                smp_Execute_Actions_wrt_Current_State_MI_excerpt_ucfg
 .text.smp_Process_Rx_Packet_wrt_Current_State_MI_excerpt_ucfg
                0x10041568        0x8 Bluetooth_LE\src\stack_user_cfg.o
                0x10041568                smp_Process_Rx_Packet_wrt_Current_State_MI_excerpt_ucfg
 .text.smp_Execute_Actions_wrt_Current_State_sc_MI_excerpt_phase2as2_ucfg
                0x10041570        0x8 Bluetooth_LE\src\stack_user_cfg.o
                0x10041570                smp_Execute_Actions_wrt_Current_State_sc_MI_excerpt_phase2as2_ucfg
 .text.Data_Len_Update_Offline_Processing_ucfg
                0x10041578        0x8 Bluetooth_LE\src\stack_user_cfg.o
                0x10041578                Data_Len_Update_Offline_Processing_ucfg
 .text.Data_Length_Update_Control_ISR_ucfg
                0x10041580        0x8 Bluetooth_LE\src\stack_user_cfg.o
                0x10041580                Data_Length_Update_Control_ISR_ucfg
 .text.ll_write_supported_data_ucfg
                0x10041588        0x8 Bluetooth_LE\src\stack_user_cfg.o
                0x10041588                ll_write_supported_data_ucfg
 .text.LL_Data_Length_Change_Event_ucfg
                0x10041590        0x8 Bluetooth_LE\src\stack_user_cfg.o
                0x10041590                LL_Data_Length_Change_Event_ucfg
 .text.LL_Send_Length_Resp_ucfg
                0x10041598        0x8 Bluetooth_LE\src\stack_user_cfg.o
                0x10041598                LL_Send_Length_Resp_ucfg
 .text.data_length_extension_csr_ucfg
                0x100415a0        0x4 Bluetooth_LE\src\stack_user_cfg.o
                0x100415a0                data_length_extension_csr_ucfg
 .text.PKA_Offline_Processing_ucfg
                0x100415a4        0x8 Bluetooth_LE\src\stack_user_cfg.o
                0x100415a4                PKA_Offline_Processing_ucfg
 .text.smp_sc_init_ucfg
                0x100415ac        0x8 Bluetooth_LE\src\stack_user_cfg.o
                0x100415ac                smp_sc_init_ucfg
 .text.smp_sc_continue_on_exclusive_sc_pairing_ucfg
                0x100415b4        0x8 Bluetooth_LE\src\stack_user_cfg.o
                0x100415b4                smp_sc_continue_on_exclusive_sc_pairing_ucfg
 .text.smp_sc_check_for_ecc_pk_generation_request_ucfg
                0x100415bc        0x8 Bluetooth_LE\src\stack_user_cfg.o
                0x100415bc                smp_sc_check_for_ecc_pk_generation_request_ucfg
 .text.smp_sc_update_statistics_on_pairing_complete_ucfg
                0x100415c4        0x8 Bluetooth_LE\src\stack_user_cfg.o
                0x100415c4                smp_sc_update_statistics_on_pairing_complete_ucfg
 .text.secure_connections_csr_ucfg
                0x100415cc        0x4 Bluetooth_LE\src\stack_user_cfg.o
                0x100415cc                secure_connections_csr_ucfg
 .text.smp_sc_hci_le_read_local_p256_public_key_complete_evt_hndl_ucfg
                0x100415d0        0x8 Bluetooth_LE\src\stack_user_cfg.o
                0x100415d0                smp_sc_hci_le_read_local_p256_public_key_complete_evt_hndl_ucfg
 .text.smp_sc_hci_le_generate_dhkey_complete_evt_hndl_ucfg
                0x100415d8        0x8 Bluetooth_LE\src\stack_user_cfg.o
                0x100415d8                smp_sc_hci_le_generate_dhkey_complete_evt_hndl_ucfg
 .text.smp_sc_MI_PairingResponse_Receive_sc_excerpt_ucfg
                0x100415e0        0x8 Bluetooth_LE\src\stack_user_cfg.o
                0x100415e0                smp_sc_MI_PairingResponse_Receive_sc_excerpt_ucfg
 .text.smp_sc_MI_Pairing_Phase_2AS1_Start_sc_excerpt_ucfg
                0x100415e8        0x8 Bluetooth_LE\src\stack_user_cfg.o
                0x100415e8                smp_sc_MI_Pairing_Phase_2AS1_Start_sc_excerpt_ucfg
 .text.smp_sc_SR_Pairing_Phase_2AS1_Start_sc_excerpt_ucfg
                0x100415f0        0x8 Bluetooth_LE\src\stack_user_cfg.o
                0x100415f0                smp_sc_SR_Pairing_Phase_2AS1_Start_sc_excerpt_ucfg
 .text.smp_sc_MI_PairingConfirm_Send_sc_excerpt_ucfg
                0x100415f8        0x8 Bluetooth_LE\src\stack_user_cfg.o
                0x100415f8                smp_sc_MI_PairingConfirm_Send_sc_excerpt_ucfg
 .text.smp_sc_MI_PairingRandom_Receive_sc_excerpt1_ucfg
                0x10041600        0x8 Bluetooth_LE\src\stack_user_cfg.o
                0x10041600                smp_sc_MI_PairingRandom_Receive_sc_excerpt1_ucfg
 .text.smp_sc_MI_PairingRandom_Receive_sc_excerpt2_ucfg
                0x10041608        0x8 Bluetooth_LE\src\stack_user_cfg.o
                0x10041608                smp_sc_MI_PairingRandom_Receive_sc_excerpt2_ucfg
 .text.smp_sc_SR_PairingConfirm_Receive_sc_excerpt_ucfg
                0x10041610        0x8 Bluetooth_LE\src\stack_user_cfg.o
                0x10041610                smp_sc_SR_PairingConfirm_Receive_sc_excerpt_ucfg
 .text.smp_sc_SR_PairingRandom_Receive_sc_excerpt_ucfg
                0x10041618        0x8 Bluetooth_LE\src\stack_user_cfg.o
                0x10041618                smp_sc_SR_PairingRandom_Receive_sc_excerpt_ucfg
 .text.smp_Execute_Actions_wrt_Current_State_sc_excerpt_phase_1_to_2_ucfg
                0x10041620        0x8 Bluetooth_LE\src\stack_user_cfg.o
                0x10041620                smp_Execute_Actions_wrt_Current_State_sc_excerpt_phase_1_to_2_ucfg
 .text.smp_Execute_Actions_wrt_Current_State_sc_excerpt_phase2as2_ucfg
                0x10041628        0x8 Bluetooth_LE\src\stack_user_cfg.o
                0x10041628                smp_Execute_Actions_wrt_Current_State_sc_excerpt_phase2as2_ucfg
 .text.smp_Process_Rx_Packet_wrt_Current_State_sc_excerpt_ucfg
                0x10041630        0x8 Bluetooth_LE\src\stack_user_cfg.o
                0x10041630                smp_Process_Rx_Packet_wrt_Current_State_sc_excerpt_ucfg
 .text.smp_Process_Rx_Packet_Exception_Cases_sc_excerpt_ucfg
                0x10041638        0x8 Bluetooth_LE\src\stack_user_cfg.o
                0x10041638                smp_Process_Rx_Packet_Exception_Cases_sc_excerpt_ucfg
 .text.DMA_Init
                0x10041640      0x154 Library\BlueNRG1_Periph_Driver\src\BlueNRG1_dma.o
                0x10041640                DMA_Init
 .text.DMA_StructInit
                0x10041794       0x1a Library\BlueNRG1_Periph_Driver\src\BlueNRG1_dma.o
                0x10041794                DMA_StructInit
 *fill*         0x100417ae        0x2 
 .text.DMA_Cmd  0x100417b0       0x88 Library\BlueNRG1_Periph_Driver\src\BlueNRG1_dma.o
                0x100417b0                DMA_Cmd
 .text.DMA_FlagConfig
                0x10041838       0x98 Library\BlueNRG1_Periph_Driver\src\BlueNRG1_dma.o
                0x10041838                DMA_FlagConfig
 .text.DMA_GetFlagStatus
                0x100418d0       0x24 Library\BlueNRG1_Periph_Driver\src\BlueNRG1_dma.o
                0x100418d0                DMA_GetFlagStatus
 .text.DMA_ClearFlag
                0x100418f4       0x1c Library\BlueNRG1_Periph_Driver\src\BlueNRG1_dma.o
                0x100418f4                DMA_ClearFlag
 .text.FLASH_WaitCmdDone
                0x10041910       0x10 Library\BlueNRG1_Periph_Driver\src\BlueNRG1_flash.o
                0x10041910                FLASH_WaitCmdDone
 .text.FLASH_ErasePage
                0x10041920       0x40 Library\BlueNRG1_Periph_Driver\src\BlueNRG1_flash.o
                0x10041920                FLASH_ErasePage
 .text.FLASH_ProgramWord
                0x10041960       0x50 Library\BlueNRG1_Periph_Driver\src\BlueNRG1_flash.o
                0x10041960                FLASH_ProgramWord
 .text.GPIO_Init
                0x100419b0      0x14c Library\BlueNRG1_Periph_Driver\src\BlueNRG1_gpio.o
                0x100419b0                GPIO_Init
 .text.GPIO_SetBits
                0x10041afc       0x20 Library\BlueNRG1_Periph_Driver\src\BlueNRG1_gpio.o
                0x10041afc                GPIO_SetBits
 .text.GPIO_ToggleBits
                0x10041b1c       0x24 Library\BlueNRG1_Periph_Driver\src\BlueNRG1_gpio.o
                0x10041b1c                GPIO_ToggleBits
 .text.rev_memcmp.constprop.0
                0x10041b40       0x16 Library\BlueNRG1_Periph_Driver\src\BlueNRG1_pka.o
 .text.PKA_Reset
                0x10041b56       0x14 Library\BlueNRG1_Periph_Driver\src\BlueNRG1_pka.o
                0x10041b56                PKA_Reset
 .text.PKA_StartProcessing
                0x10041b6a       0x14 Library\BlueNRG1_Periph_Driver\src\BlueNRG1_pka.o
                0x10041b6a                PKA_StartProcessing
 .text.PKA_GetProcessStatus
                0x10041b7e        0xc Library\BlueNRG1_Periph_Driver\src\BlueNRG1_pka.o
                0x10041b7e                PKA_GetProcessStatus
 *fill*         0x10041b8a        0x2 
 .text.PKA_VerifyProcess
                0x10041b8c       0x20 Library\BlueNRG1_Periph_Driver\src\BlueNRG1_pka.o
                0x10041b8c                PKA_VerifyProcess
 .text.PKA_SetData
                0x10041bac       0xd0 Library\BlueNRG1_Periph_Driver\src\BlueNRG1_pka.o
                0x10041bac                PKA_SetData
 .text.PKA_GetData
                0x10041c7c       0x54 Library\BlueNRG1_Periph_Driver\src\BlueNRG1_pka.o
                0x10041c7c                PKA_GetData
 .text.SysCtrl_PeripheralClockCmd
                0x10041cd0       0x44 Library\BlueNRG1_Periph_Driver\src\BlueNRG1_sysCtrl.o
                0x10041cd0                SysCtrl_PeripheralClockCmd
 .text.SysCtrl_GetWakeupResetReason
                0x10041d14       0xa0 Library\BlueNRG1_Periph_Driver\src\BlueNRG1_sysCtrl.o
                0x10041d14                SysCtrl_GetWakeupResetReason
 .text.UART_Cmd
                0x10041db4       0x30 Library\BlueNRG1_Periph_Driver\src\BlueNRG1_uart.o
                0x10041db4                UART_Cmd
 .text.UART_Init
                0x10041de4      0x1cc Library\BlueNRG1_Periph_Driver\src\BlueNRG1_uart.o
                0x10041de4                UART_Init
 .text.UART_StructInit
                0x10041fb0       0x1a Library\BlueNRG1_Periph_Driver\src\BlueNRG1_uart.o
                0x10041fb0                UART_StructInit
 *fill*         0x10041fca        0x2 
 .text.UART_ITConfig
                0x10041fcc       0x48 Library\BlueNRG1_Periph_Driver\src\BlueNRG1_uart.o
                0x10041fcc                UART_ITConfig
 .text.UART_SendData
                0x10042014       0x2c Library\BlueNRG1_Periph_Driver\src\BlueNRG1_uart.o
                0x10042014                UART_SendData
 .text.UART_ReceiveData
                0x10042040        0xc Library\BlueNRG1_Periph_Driver\src\BlueNRG1_uart.o
                0x10042040                UART_ReceiveData
 .text.UART_GetFlagStatus
                0x1004204c       0x60 Library\BlueNRG1_Periph_Driver\src\BlueNRG1_uart.o
                0x1004204c                UART_GetFlagStatus
 .text.UART_GetITStatus
                0x100420ac       0x34 Library\BlueNRG1_Periph_Driver\src\BlueNRG1_uart.o
                0x100420ac                UART_GetITStatus
 .text.UART_ClearITPendingBit
                0x100420e0       0x2c Library\BlueNRG1_Periph_Driver\src\BlueNRG1_uart.o
                0x100420e0                UART_ClearITPendingBit
 .text.UART_TxFifoIrqLevelConfig
                0x1004210c       0x2c Library\BlueNRG1_Periph_Driver\src\BlueNRG1_uart.o
                0x1004210c                UART_TxFifoIrqLevelConfig
 .text.UART_RxFifoIrqLevelConfig
                0x10042138       0x30 Library\BlueNRG1_Periph_Driver\src\BlueNRG1_uart.o
                0x10042138                UART_RxFifoIrqLevelConfig
 .text.UART_DMACmd
                0x10042168       0x48 Library\BlueNRG1_Periph_Driver\src\BlueNRG1_uart.o
                0x10042168                UART_DMACmd
 .text.NVIC_Init
                0x100421b0       0xb4 Library\BlueNRG1_Periph_Driver\src\misc.o
                0x100421b0                NVIC_Init
 .text.SystemSleepCmd
                0x10042264       0x30 Library\BlueNRG1_Periph_Driver\src\misc.o
                0x10042264                SystemSleepCmd
 .text.PKA_Handler
                0x10042294        0x2 Library\CMSIS\Device\ST\BlueNRG1\Source\system_bluenrg1.o
                0x10042294                PKA_Handler
 .text.PendSV_Handler
                0x10042296        0x2 Library\CMSIS\Device\ST\BlueNRG1\Source\system_bluenrg1.o
                0x10042296                PendSV_Handler
 .text.GPIO_Handler
                0x10042298        0x2 Library\CMSIS\Device\ST\BlueNRG1\Source\system_bluenrg1.o
                0x10042298                GPIO_Handler
 .text.NVM_Handler
                0x1004229a        0x2 Library\CMSIS\Device\ST\BlueNRG1\Source\system_bluenrg1.o
                0x1004229a                NVM_Handler
 .text.SPI_Handler
                0x1004229c        0x2 Library\CMSIS\Device\ST\BlueNRG1\Source\system_bluenrg1.o
                0x1004229c                SPI_Handler
 .text.MFT1A_Handler
                0x1004229e        0x2 Library\CMSIS\Device\ST\BlueNRG1\Source\system_bluenrg1.o
                0x1004229e                MFT1A_Handler
 .text.MFT1B_Handler
                0x100422a0        0x2 Library\CMSIS\Device\ST\BlueNRG1\Source\system_bluenrg1.o
                0x100422a0                MFT1B_Handler
 .text.MFT2A_Handler
                0x100422a2        0x2 Library\CMSIS\Device\ST\BlueNRG1\Source\system_bluenrg1.o
                0x100422a2                MFT2A_Handler
 .text.MFT2B_Handler
                0x100422a4        0x2 Library\CMSIS\Device\ST\BlueNRG1\Source\system_bluenrg1.o
                0x100422a4                MFT2B_Handler
 .text.RTC_Handler
                0x100422a6        0x2 Library\CMSIS\Device\ST\BlueNRG1\Source\system_bluenrg1.o
                0x100422a6                RTC_Handler
 .text.WDG_Handler
                0x100422a8        0x2 Library\CMSIS\Device\ST\BlueNRG1\Source\system_bluenrg1.o
                0x100422a8                WDG_Handler
 .text.ADC_Handler
                0x100422aa        0x2 Library\CMSIS\Device\ST\BlueNRG1\Source\system_bluenrg1.o
                0x100422aa                ADC_Handler
 .text.I2C2_Handler
                0x100422ac        0x2 Library\CMSIS\Device\ST\BlueNRG1\Source\system_bluenrg1.o
                0x100422ac                I2C2_Handler
 .text.I2C1_Handler
                0x100422ae        0x2 Library\CMSIS\Device\ST\BlueNRG1\Source\system_bluenrg1.o
                0x100422ae                I2C1_Handler
 .text.Set_RF_FrontEnd
                0x100422b0       0x4c Library\CMSIS\Device\ST\BlueNRG1\Source\system_bluenrg1.o
                0x100422b0                Set_RF_FrontEnd
 .text.BOR_ConfigSave
                0x100422fc       0x48 Library\CMSIS\Device\ST\BlueNRG1\Source\system_bluenrg1.o
                0x100422fc                BOR_ConfigSave
 .text.SET_BORconfigStatus
                0x10042344       0x48 Library\CMSIS\Device\ST\BlueNRG1\Source\system_bluenrg1.o
                0x10042344                SET_BORconfigStatus
 .text.__low_level_init
                0x1004238c       0xa8 Library\CMSIS\Device\ST\BlueNRG1\Source\system_bluenrg1.o
                0x1004238c                __low_level_init
 .text.RESET_HANDLER
                0x10042434       0x8c Library\CMSIS\Device\ST\BlueNRG1\Source\system_bluenrg1.o
                0x10042434                RESET_HANDLER
 .text.DeviceConfiguration
                0x100424c0      0x13c Library\CMSIS\Device\ST\BlueNRG1\Source\system_bluenrg1.o
                0x100424c0                DeviceConfiguration
 .text.SystemInit
                0x100425fc      0x120 Library\CMSIS\Device\ST\BlueNRG1\Source\system_bluenrg1.o
                0x100425fc                SystemInit
 .text.HAL_GetPartInfo
                0x1004271c       0x4c Library\hal\src\miscutil.o
                0x1004271c                HAL_GetPartInfo
 .text.BLEPLAT_get_part_info
                0x10042768       0x22 Library\hal\src\miscutil.o
                0x10042768                BLEPLAT_get_part_info
 .text.Osal_MemCpy
                0x1004278a        0x8 Library\hal\src\osal.o
                0x1004278a                Osal_MemCpy
 .text.Osal_MemSet
                0x10042792        0x8 Library\hal\src\osal.o
                0x10042792                Osal_MemSet
 .text.Osal_MemCmp
                0x1004279a        0x8 Library\hal\src\osal.o
                0x1004279a                Osal_MemCmp
 *fill*         0x100427a2        0x2 
 .text.BlueNRG_Sleep
                0x100427a4      0x98c Library\hal\src\sleep.o
                0x100427a4                BlueNRG_Sleep
 .text.LED_Init
                0x10043130       0x1c MCAL\src\HAL_GPIO.o
                0x10043130                LED_Init
 .text.LED_On   0x1004314c        0xa MCAL\src\HAL_GPIO.o
                0x1004314c                LED_On
 .text.LED_Toggle
                0x10043156        0xa MCAL\src\HAL_GPIO.o
                0x10043156                LED_Toggle
 .text.SystickInit
                0x10043160       0x2c MCAL\src\HAL_SYS.o
                0x10043160                SystickInit
 .text.HAL_IncTick
                0x1004318c       0x10 MCAL\src\HAL_SYS.o
                0x1004318c                HAL_IncTick
 .text.HAL_GetTick
                0x1004319c        0xc MCAL\src\HAL_SYS.o
                0x1004319c                HAL_GetTick
 .text.HAL_Delay
                0x100431a8       0x14 MCAL\src\HAL_SYS.o
                0x100431a8                HAL_Delay
 .text.HAL_UART_INIT
                0x100431bc      0x120 MCAL\src\HAL_UART.o
                0x100431bc                HAL_UART_INIT
 .text.HAL_UART_SEND
                0x100432dc       0x4a MCAL\src\HAL_UART.o
                0x100432dc                HAL_UART_SEND
 .text.HAL_UART_RECEIVE_IT
                0x10043326       0x28 MCAL\src\HAL_UART.o
                0x10043326                HAL_UART_RECEIVE_IT
 *fill*         0x1004334e        0x2 
 .text.HAL_UART_RECEIVE_DMA
                0x10043350       0x2c MCAL\src\HAL_UART.o
                0x10043350                HAL_UART_RECEIVE_DMA
 .text.HAL_uart_TxCallback
                0x1004337c        0x2 MCAL\src\HAL_UART.o
                0x1004337c                HAL_uart_TxCallback
 *fill*         0x1004337e        0x2 
 .text.HAL_UART_IRQ
                0x10043380       0xf0 MCAL\src\HAL_UART.o
                0x10043380                HAL_UART_IRQ
 .text.BLE_SendPkt
                0x10043470       0x40 ble-sdk\src\ble_packet.o
                0x10043470                BLE_SendPkt
 .text.BLE_GetPkt
                0x100434b0       0xb2 ble-sdk\src\ble_packet.o
                0x100434b0                BLE_GetPkt
 .text.BLE_NotifyConnection
                0x10043562       0x2a ble-sdk\src\ble_service_bms.o
                0x10043562                BLE_NotifyConnection
 .text.BLE_DiagnosticRequest
                0x1004358c       0x24 ble-sdk\src\ble_service_bms.o
                0x1004358c                BLE_DiagnosticRequest
 .text.BLE_DataProcess
                0x100435b0       0x76 ble-sdk\src\ble_service_bms.o
                0x100435b0                BLE_DataProcess
 *fill*         0x10043626        0x2 
 .text.COM_QueueStoreFromISR
                0x10043628       0x24 ble-sdk\src\com.o
                0x10043628                COM_QueueStoreFromISR
 .text.COM_Init
                0x1004364c       0x2c ble-sdk\src\com.o
                0x1004364c                COM_Init
 .text.COM_ReceiveNonBlocking
                0x10043678       0x38 ble-sdk\src\com.o
                0x10043678                COM_ReceiveNonBlocking
 .text.COM_SendBlocking
                0x100436b0        0xe ble-sdk\src\com.o
                0x100436b0                COM_SendBlocking
 *fill*         0x100436be        0x2 
 .text.COM_IsDataAvailable
                0x100436c0        0xc ble-sdk\src\com.o
                0x100436c0                COM_IsDataAvailable
 .text.COM_FlushBuffer
                0x100436cc       0x10 ble-sdk\src\com.o
                0x100436cc                COM_FlushBuffer
 .text.AddService
                0x100436dc      0x2a8 src\App.o
 .text.convertVoltages
                0x10043984       0x38 src\App.o
                0x10043984                convertVoltages
 .text.App_Init
                0x100439bc       0xcc src\App.o
                0x100439bc                App_Init
 .text.App_Process
                0x10043a88      0x2f4 src\App.o
                0x10043a88                App_Process
 .text.hci_le_connection_complete_event
                0x10043d7c       0x68 src\App.o
                0x10043d7c                hci_le_connection_complete_event
 .text.hci_disconnection_complete_event
                0x10043de4       0x1c src\App.o
                0x10043de4                hci_disconnection_complete_event
 .text.aci_gatt_attribute_modified_event
                0x10043e00       0x48 src\App.o
                0x10043e00                aci_gatt_attribute_modified_event
 .text.aci_gap_pass_key_req_event
                0x10043e48        0x2 src\App.o
                0x10043e48                aci_gap_pass_key_req_event
 .text.aci_gap_pairing_complete_event
                0x10043e4a        0x2 src\App.o
                0x10043e4a                aci_gap_pairing_complete_event
 .text.aci_gap_bond_lost_event
                0x10043e4c        0x2 src\App.o
                0x10043e4c                aci_gap_bond_lost_event
 *fill*         0x10043e4e        0x2 
 .text.BLE_DiagnosticMsgCallback
                0x10043e50       0x48 src\App.o
                0x10043e50                BLE_DiagnosticMsgCallback
 .text.NVIC_SystemReset
                0x10043e98       0x18 src\BlueNRG1_it.o
 .text.NMI_Handler
                0x10043eb0        0x6 src\BlueNRG1_it.o
                0x10043eb0                NMI_Handler
 .text.HardFault_Handler
                0x10043eb6        0x6 src\BlueNRG1_it.o
                0x10043eb6                HardFault_Handler
 .text.SVC_Handler
                0x10043ebc        0x6 src\BlueNRG1_it.o
                0x10043ebc                SVC_Handler
 .text.SysTick_Handler
                0x10043ec2        0x8 src\BlueNRG1_it.o
                0x10043ec2                SysTick_Handler
 .text.Blue_Handler
                0x10043eca        0x8 src\BlueNRG1_it.o
                0x10043eca                Blue_Handler
 *fill*         0x10043ed2        0x2 
 .text.DMA_Handler
                0x10043ed4       0x10 src\BlueNRG1_it.o
                0x10043ed4                DMA_Handler
 .text.UART_Handler
                0x10043ee4        0x8 src\BlueNRG1_it.o
                0x10043ee4                UART_Handler
 .text.startup.main
                0x10043eec       0x48 src\main.o
                0x10043eec                main
 .text.App_SleepMode_Check
                0x10043f34        0x4 src\main.o
                0x10043f34                App_SleepMode_Check
 .text.assert_failed
                0x10043f38        0x2 src\main.o
                0x10043f38                assert_failed
 .text.HAL_uart_RxCallback
                0x10043f3a       0x1c src\uart_interface.o
                0x10043f3a                HAL_uart_RxCallback
 .text.HAL_uart_ErrorCallback
                0x10043f56        0x2 src\uart_interface.o
                0x10043f56                HAL_uart_ErrorCallback
 .text.UART_Initialize
                0x10043f58       0x1c src\uart_interface.o
                0x10043f58                UART_Initialize
 .text.UART_Send
                0x10043f74       0x1c src\uart_interface.o
                0x10043f74                UART_Send
 .text.UART_StartReceiveNonBlocking
                0x10043f90       0x30 src\uart_interface.o
                0x10043f90                UART_StartReceiveNonBlocking
 .text.Timer_Set
                0x10043fc0        0xe utils\src\gp_timer.o
                0x10043fc0                Timer_Set
 .text.Timer_Restart
                0x10043fce        0xc utils\src\gp_timer.o
                0x10043fce                Timer_Restart
 .text.Timer_Expired
                0x10043fda       0x18 utils\src\gp_timer.o
                0x10043fda                Timer_Expired
 .text.create_queue
                0x10043ff2       0x46 utils\src\queue_aar.o
                0x10043ff2                create_queue
 .text.isFull   0x10044038        0xc utils\src\queue_aar.o
                0x10044038                isFull
 .text.isEmpty  0x10044044        0x8 utils\src\queue_aar.o
                0x10044044                isEmpty
 .text.enqueue  0x1004404c       0x64 utils\src\queue_aar.o
                0x1004404c                enqueue
 .text.dequeue  0x100440b0       0x62 utils\src\queue_aar.o
                0x100440b0                dequeue
 .text.flush    0x10044112        0xe utils\src\queue_aar.o
                0x10044112                flush
 .text.RSA_CryptoInit
                0x10044120       0x7c utils\src\rsa_ed.o
                0x10044120                RSA_CryptoInit
 .text.RSA_encryptData
                0x1004419c       0x34 utils\src\rsa_ed.o
                0x1004419c                RSA_encryptData
 .text.__aeabi_memclr
                0x100441d0        0xa c:/program files (x86)/atollic/truestudio for stm32 9.3.0/armtools/bin/../lib/gcc/arm-atollic-eabi/6.3.1/../../../../arm-atollic-eabi/lib/armv6-m\libc_nano.a(lib_a-aeabi_memclr.o)
                0x100441d0                __aeabi_memclr
                0x100441d0                __aeabi_memclr4
                0x100441d0                __aeabi_memclr8
 .text.__aeabi_memcpy
                0x100441da        0x8 c:/program files (x86)/atollic/truestudio for stm32 9.3.0/armtools/bin/../lib/gcc/arm-atollic-eabi/6.3.1/../../../../arm-atollic-eabi/lib/armv6-m\libc_nano.a(lib_a-aeabi_memcpy.o)
                0x100441da                __aeabi_memcpy4
                0x100441da                __aeabi_memcpy8
                0x100441da                __aeabi_memcpy
 .text.__aeabi_memmove
                0x100441e2        0x8 c:/program files (x86)/atollic/truestudio for stm32 9.3.0/armtools/bin/../lib/gcc/arm-atollic-eabi/6.3.1/../../../../arm-atollic-eabi/lib/armv6-m\libc_nano.a(lib_a-aeabi_memmove.o)
                0x100441e2                __aeabi_memmove
                0x100441e2                __aeabi_memmove4
                0x100441e2                __aeabi_memmove8
 .text.__aeabi_memset
                0x100441ea        0xe c:/program files (x86)/atollic/truestudio for stm32 9.3.0/armtools/bin/../lib/gcc/arm-atollic-eabi/6.3.1/../../../../arm-atollic-eabi/lib/armv6-m\libc_nano.a(lib_a-aeabi_memset.o)
                0x100441ea                __aeabi_memset8
                0x100441ea                __aeabi_memset4
                0x100441ea                __aeabi_memset
 .text.memcmp   0x100441f8       0x1e c:/program files (x86)/atollic/truestudio for stm32 9.3.0/armtools/bin/../lib/gcc/arm-atollic-eabi/6.3.1/../../../../arm-atollic-eabi/lib/armv6-m\libc_nano.a(lib_a-memcmp.o)
                0x100441f8                memcmp
 .text.memcpy   0x10044216       0x12 c:/program files (x86)/atollic/truestudio for stm32 9.3.0/armtools/bin/../lib/gcc/arm-atollic-eabi/6.3.1/../../../../arm-atollic-eabi/lib/armv6-m\libc_nano.a(lib_a-memcpy-stub.o)
                0x10044216                memcpy
 .text.memmove  0x10044228       0x24 c:/program files (x86)/atollic/truestudio for stm32 9.3.0/armtools/bin/../lib/gcc/arm-atollic-eabi/6.3.1/../../../../arm-atollic-eabi/lib/armv6-m\libc_nano.a(lib_a-memmove.o)
                0x10044228                memmove
 .text.memset   0x1004424c       0x10 c:/program files (x86)/atollic/truestudio for stm32 9.3.0/armtools/bin/../lib/gcc/arm-atollic-eabi/6.3.1/../../../../arm-atollic-eabi/lib/armv6-m\libc_nano.a(lib_a-memset.o)
                0x1004424c                memset
 *(i.*)
 i._aci_gap_set_discoverable_param_check
                0x1004425c       0x5c ../Bluetooth_LE/library\libbluenrg1_stack.a(bluenrg_gap_aci.o)
 i.aci_gap_init
                0x100442b8       0x30 ../Bluetooth_LE/library\libbluenrg1_stack.a(bluenrg_gap_aci.o)
                0x100442b8                aci_gap_init
 i.aci_gap_set_discoverable
                0x100442e8       0x42 ../Bluetooth_LE/library\libbluenrg1_stack.a(bluenrg_gap_aci.o)
                0x100442e8                aci_gap_set_discoverable
 i._load_uuid   0x1004432a       0x26 ../Bluetooth_LE/library\libbluenrg1_stack.a(bluenrg_gatt_aci.o)
 i.aci_gatt_add_char
                0x10044350       0x3e ../Bluetooth_LE/library\libbluenrg1_stack.a(bluenrg_gatt_aci.o)
                0x10044350                aci_gatt_add_char
 i.aci_gatt_add_service
                0x1004438e       0x36 ../Bluetooth_LE/library\libbluenrg1_stack.a(bluenrg_gatt_aci.o)
                0x1004438e                aci_gatt_add_service
 i.aci_gatt_init
                0x100443c4        0x8 ../Bluetooth_LE/library\libbluenrg1_stack.a(bluenrg_gatt_aci.o)
                0x100443c4                aci_gatt_init
 i.aci_gatt_update_char_value_ext
                0x100443cc       0x22 ../Bluetooth_LE/library\libbluenrg1_stack.a(bluenrg_gatt_aci.o)
                0x100443cc                aci_gatt_update_char_value_ext
 i.aci_hal_set_tx_power_level
                0x100443ee        0x8 ../Bluetooth_LE/library\libbluenrg1_stack.a(bluenrg_hal_aci.o)
                0x100443ee                aci_hal_set_tx_power_level
 i.aci_hal_write_config_data
                0x100443f6        0x8 ../Bluetooth_LE/library\libbluenrg1_stack.a(bluenrg_hal_aci.o)
                0x100443f6                aci_hal_write_config_data
 *fill*         0x100443fe        0x2 
 i.BTLE_StackTick
                0x10044400       0x88 ../Bluetooth_LE/library\libbluenrg1_stack.a(bluenrg_main_func.o)
                0x10044400                BTLE_StackTick
 i.BlueNRG_Stack_Initialization
                0x10044488       0x44 ../Bluetooth_LE/library\libbluenrg1_stack.a(bluenrg_main_func.o)
                0x10044488                BlueNRG_Stack_Initialization
 i.BlueNRG_Stack_Initialize_ConfigData
                0x100444cc       0x64 ../Bluetooth_LE/library\libbluenrg1_stack.a(bluenrg_main_func.o)
 i.BlueNRG_Stack_Initialize_Layers
                0x10044530       0x84 ../Bluetooth_LE/library\libbluenrg1_stack.a(bluenrg_main_func.o)
 i.BlueNRG_Stack_Initialize_RAM_check
                0x100445b4       0x80 ../Bluetooth_LE/library\libbluenrg1_stack.a(bluenrg_main_func.o)
 i.BlueNRG_Stack_Perform_Crystal_Check
                0x10044634       0xc4 ../Bluetooth_LE/library\libbluenrg1_stack.a(bluenrg_main_func.o)
 i.BlueNRG_Start_Crystal_Measurement
                0x100446f8       0x1c ../Bluetooth_LE/library\libbluenrg1_stack.a(bluenrg_main_func.o)
 i._BlueNRG_Stack_Initialization
                0x10044714       0xe8 ../Bluetooth_LE/library\libbluenrg1_stack.a(bluenrg_main_func.o)
                0x10044714                _BlueNRG_Stack_Initialization
 i.GAP_Connection_Complete_Handler
                0x100447fc       0x68 ../Bluetooth_LE/library\libbluenrg1_stack.a(gap.o)
                0x100447fc                GAP_Connection_Complete_Handler
 i.GAP_DiscProcTimeoutcb
                0x10044864       0x48 ../Bluetooth_LE/library\libbluenrg1_stack.a(gap.o)
                0x10044864                GAP_DiscProcTimeoutcb
 i.GAP_Init     0x100448ac      0x1fc ../Bluetooth_LE/library\libbluenrg1_stack.a(gap.o)
                0x100448ac                GAP_Init
 i.GAP_Init_Context
                0x10044aa8       0x14 ../Bluetooth_LE/library\libbluenrg1_stack.a(gap.o)
                0x10044aa8                GAP_Init_Context
 i.GAP_Internal_Evt_Handler
                0x10044abc       0x3c ../Bluetooth_LE/library\libbluenrg1_stack.a(gap.o)
                0x10044abc                GAP_Internal_Evt_Handler
 i.GAP_LL_Event_Handler_ISR
                0x10044af8       0x68 ../Bluetooth_LE/library\libbluenrg1_stack.a(gap.o)
                0x10044af8                GAP_LL_Event_Handler_ISR
 i.GAP_LimDiscTimeoutcb
                0x10044b60       0x2c ../Bluetooth_LE/library\libbluenrg1_stack.a(gap.o)
                0x10044b60                GAP_LimDiscTimeoutcb
 i.GAP_Process_Q
                0x10044b8c       0x40 ../Bluetooth_LE/library\libbluenrg1_stack.a(gap.o)
                0x10044b8c                GAP_Process_Q
 i.GAP_Set_Discoverable_Mode
                0x10044bcc       0x38 ../Bluetooth_LE/library\libbluenrg1_stack.a(gap.o)
                0x10044bcc                GAP_Set_Discoverable_Mode
 i.GAP_Started_Gatt_Proc
                0x10044c04       0x2c ../Bluetooth_LE/library\libbluenrg1_stack.a(gap.o)
                0x10044c04                GAP_Started_Gatt_Proc
 i.GAP_check_and_set_role
                0x10044c30        0xe ../Bluetooth_LE/library\libbluenrg1_stack.a(gap.o)
                0x10044c30                GAP_check_and_set_role
 *fill*         0x10044c3e        0x2 
 i.GAP_discover_peer_name
                0x10044c40       0x44 ../Bluetooth_LE/library\libbluenrg1_stack.a(gap.o)
                0x10044c40                GAP_discover_peer_name
 i.GAP_enable_controller_privacy
                0x10044c84       0x44 ../Bluetooth_LE/library\libbluenrg1_stack.a(gap.o)
                0x10044c84                GAP_enable_controller_privacy
 i._GAP_Parse_Advertising_Report
                0x10044cc8       0x64 ../Bluetooth_LE/library\libbluenrg1_stack.a(gap.o)
 i._gap_set_discoverable_connectable
                0x10044d2c      0x174 ../Bluetooth_LE/library\libbluenrg1_stack.a(gap.o)
                0x10044d2c                _gap_set_discoverable_connectable
 i.aci_gap_limited_discoverable_event_push
                0x10044ea0       0x50 ../Bluetooth_LE/library\libbluenrg1_stack.a(gap.o)
 i.aci_gap_proc_complete_event_push
                0x10044ef0       0x74 ../Bluetooth_LE/library\libbluenrg1_stack.a(gap.o)
 i.advParamsCheckAndSet
                0x10044f64       0x8c ../Bluetooth_LE/library\libbluenrg1_stack.a(gap.o)
                0x10044f64                advParamsCheckAndSet
 i.gapClearAllModeFlags
                0x10044ff0       0x14 ../Bluetooth_LE/library\libbluenrg1_stack.a(gap.o)
                0x10044ff0                gapClearAllModeFlags
 i.setGapAdvData
                0x10045004      0x100 ../Bluetooth_LE/library\libbluenrg1_stack.a(gap.o)
                0x10045004                setGapAdvData
 i.Check_and_find_gatt_client
                0x10045104       0x18 ../Bluetooth_LE/library\libbluenrg1_stack.a(gatt_client.o)
 i.Find_Gatt_Client
                0x1004511c       0x3c ../Bluetooth_LE/library\libbluenrg1_stack.a(gatt_client.o)
                0x1004511c                Find_Gatt_Client
 i.Gatt_Check_Not_Error_Resp
                0x10045158       0x52 ../Bluetooth_LE/library\libbluenrg1_stack.a(gatt_client.o)
 *fill*         0x100451aa        0x2 
 i.Gatt_Read_Charac_By_Uuid
                0x100451ac       0x80 ../Bluetooth_LE/library\libbluenrg1_stack.a(gatt_client.o)
                0x100451ac                Gatt_Read_Charac_By_Uuid
 i.Gatt_Read_Charac_By_Uuid_Cb
                0x1004522c        0xa ../Bluetooth_LE/library\libbluenrg1_stack.a(gatt_client.o)
 i.Gatt_Super_Handler_Task7
                0x10045236      0x188 ../Bluetooth_LE/library\libbluenrg1_stack.a(gatt_client.o)
 *fill*         0x100453be        0x2 
 i.aci_att_read_blob_resp_event_push
                0x100453c0       0x74 ../Bluetooth_LE/library\libbluenrg1_stack.a(gatt_client.o)
 i.aci_att_read_multiple_resp_event_push
                0x10045434       0x74 ../Bluetooth_LE/library\libbluenrg1_stack.a(gatt_client.o)
 i.aci_att_read_resp_event_push
                0x100454a8       0x74 ../Bluetooth_LE/library\libbluenrg1_stack.a(gatt_client.o)
 i.aci_gatt_disc_read_char_by_uuid_resp_event_push
                0x1004551c       0x84 ../Bluetooth_LE/library\libbluenrg1_stack.a(gatt_client.o)
 i.aci_gatt_error_resp_event_push
                0x100455a0       0x78 ../Bluetooth_LE/library\libbluenrg1_stack.a(gatt_client.o)
 i.aci_gatt_proc_complete_event_push
                0x10045618       0x58 ../Bluetooth_LE/library\libbluenrg1_stack.a(gatt_client.o)
 i.int16ToLe2Byte
                0x10045670        0x8 ../Bluetooth_LE/library\libbluenrg1_stack.a(gatt_client.o)
 i.le2ByteToInt16
                0x10045678        0xa ../Bluetooth_LE/library\libbluenrg1_stack.a(gatt_client.o)
 i.Build_Notif_Or_Ind
                0x10045682       0x3e ../Bluetooth_LE/library\libbluenrg1_stack.a(gatt_server.o)
                0x10045682                Build_Notif_Or_Ind
 i.Check_For_Service_Change
                0x100456c0      0x348 ../Bluetooth_LE/library\libbluenrg1_stack.a(gatt_server.o)
                0x100456c0                Check_For_Service_Change
 i.Find_Attr_Index
                0x10045a08       0x50 ../Bluetooth_LE/library\libbluenrg1_stack.a(gatt_server.o)
                0x10045a08                Find_Attr_Index
 i.Find_Timed_Out_Connection
                0x10045a58       0x34 ../Bluetooth_LE/library\libbluenrg1_stack.a(gatt_server.o)
                0x10045a58                Find_Timed_Out_Connection
 i.GATT_Connection_Complete_Handler
                0x10045a8c       0x44 ../Bluetooth_LE/library\libbluenrg1_stack.a(gatt_server.o)
                0x10045a8c                GATT_Connection_Complete_Handler
 i.GATT_Send_Packet
                0x10045ad0       0x2c ../Bluetooth_LE/library\libbluenrg1_stack.a(gatt_server.o)
                0x10045ad0                GATT_Send_Packet
 i.GATT_Server_Set_Flag
                0x10045afc       0x18 ../Bluetooth_LE/library\libbluenrg1_stack.a(gatt_server.o)
 i.GATT_TimeOut_Handler
                0x10045b14       0x1a ../Bluetooth_LE/library\libbluenrg1_stack.a(gatt_server.o)
                0x10045b14                GATT_TimeOut_Handler
 *fill*         0x10045b2e        0x2 
 i.Gatt_Add_Charac_Desc
                0x10045b30      0x160 ../Bluetooth_LE/library\libbluenrg1_stack.a(gatt_server.o)
                0x10045b30                Gatt_Add_Charac_Desc
 i.Gatt_Add_Characteristic
                0x10045c90      0x338 ../Bluetooth_LE/library\libbluenrg1_stack.a(gatt_server.o)
                0x10045c90                Gatt_Add_Characteristic
 i.Gatt_Add_Descriptor
                0x10045fc8      0x154 ../Bluetooth_LE/library\libbluenrg1_stack.a(gatt_server.o)
                0x10045fc8                Gatt_Add_Descriptor
 i.Gatt_Add_Service
                0x1004611c      0x160 ../Bluetooth_LE/library\libbluenrg1_stack.a(gatt_server.o)
                0x1004611c                Gatt_Add_Service
 i.Gatt_Find_Srv_From_Handle
                0x1004627c       0x2c ../Bluetooth_LE/library\libbluenrg1_stack.a(gatt_server.o)
                0x1004627c                Gatt_Find_Srv_From_Handle
 i.Gatt_Find_Srv_Owner_Of_Handle
                0x100462a8       0x48 ../Bluetooth_LE/library\libbluenrg1_stack.a(gatt_server.o)
                0x100462a8                Gatt_Find_Srv_Owner_Of_Handle
 i.Gatt_Find_Timed_Out_Connection_Index
                0x100462f0       0x38 ../Bluetooth_LE/library\libbluenrg1_stack.a(gatt_server.o)
                0x100462f0                Gatt_Find_Timed_Out_Connection_Index
 i.Gatt_Flush_Pending_AclPacket_Lists
                0x10046328       0x34 ../Bluetooth_LE/library\libbluenrg1_stack.a(gatt_server.o)
 i.Gatt_Process_Q
                0x1004635c      0x19c ../Bluetooth_LE/library\libbluenrg1_stack.a(gatt_server.o)
                0x1004635c                Gatt_Process_Q
 i.Gatt_Reset_To_Closed_State
                0x100464f8       0xfc ../Bluetooth_LE/library\libbluenrg1_stack.a(gatt_server.o)
 i.Gatt_Server_Db_Check
                0x100465f4       0x34 ../Bluetooth_LE/library\libbluenrg1_stack.a(gatt_server.o)
                0x100465f4                Gatt_Server_Db_Check
 i.Gatt_Server_Init
                0x10046628      0x190 ../Bluetooth_LE/library\libbluenrg1_stack.a(gatt_server.o)
                0x10046628                Gatt_Server_Init
 i.Gatt_Server_L2C_Handler
                0x100467b8      0x200 ../Bluetooth_LE/library\libbluenrg1_stack.a(gatt_server.o)
                0x100467b8                Gatt_Server_L2C_Handler
 i.Gatt_Server_L2C_Handler_ISR
                0x100469b8       0x4c ../Bluetooth_LE/library\libbluenrg1_stack.a(gatt_server.o)
                0x100469b8                Gatt_Server_L2C_Handler_ISR
 i.Gatt_Store_Server_Database_And_Reset_CCCD
                0x10046a04      0x16c ../Bluetooth_LE/library\libbluenrg1_stack.a(gatt_server.o)
 i.Gatt_Update_Charac_Value
                0x10046b70       0x68 ../Bluetooth_LE/library\libbluenrg1_stack.a(gatt_server.o)
                0x10046b70                Gatt_Update_Charac_Value
 i.Gatt_Update_Charac_Value_Ext
                0x10046bd8      0x38c ../Bluetooth_LE/library\libbluenrg1_stack.a(gatt_server.o)
                0x10046bd8                Gatt_Update_Charac_Value_Ext
 i.Gatt_fetch_handle
                0x10046f64       0x3c ../Bluetooth_LE/library\libbluenrg1_stack.a(gatt_server.o)
                0x10046f64                Gatt_fetch_handle
 i.Gatt_search_handle
                0x10046fa0       0x1e ../Bluetooth_LE/library\libbluenrg1_stack.a(gatt_server.o)
                0x10046fa0                Gatt_search_handle
 *fill*         0x10046fbe        0x2 
 i.Gatt_search_service_handle
                0x10046fc0       0x2c ../Bluetooth_LE/library\libbluenrg1_stack.a(gatt_server.o)
                0x10046fc0                Gatt_search_service_handle
 i.Ind_Service_Change_Charac
                0x10046fec       0x44 ../Bluetooth_LE/library\libbluenrg1_stack.a(gatt_server.o)
                0x10046fec                Ind_Service_Change_Charac
 i.Pm_Resize_Host_Acl_Pckt
                0x10047030        0xe ../Bluetooth_LE/library\libbluenrg1_stack.a(gatt_server.o)
 *fill*         0x1004703e        0x2 
 i.Process_Peer_Client_Data
                0x10047040      0x1fc ../Bluetooth_LE/library\libbluenrg1_stack.a(gatt_server.o)
                0x10047040                Process_Peer_Client_Data
 i.Process_Peer_Server_Data
                0x1004723c      0x194 ../Bluetooth_LE/library\libbluenrg1_stack.a(gatt_server.o)
                0x1004723c                Process_Peer_Server_Data
 i.Select_Next_Notification_Client
                0x100473d0       0x50 ../Bluetooth_LE/library\libbluenrg1_stack.a(gatt_server.o)
                0x100473d0                Select_Next_Notification_Client
 i.Send_Notif_Or_Ind
                0x10047420       0x4c ../Bluetooth_LE/library\libbluenrg1_stack.a(gatt_server.o)
                0x10047420                Send_Notif_Or_Ind
 i.aci_gatt_indication_event_push
                0x1004746c       0x90 ../Bluetooth_LE/library\libbluenrg1_stack.a(gatt_server.o)
 i.aci_gatt_notification_event_push
                0x100474fc       0x90 ../Bluetooth_LE/library\libbluenrg1_stack.a(gatt_server.o)
 i.store_data   0x1004758c       0x1e ../Bluetooth_LE/library\libbluenrg1_stack.a(gatt_server.o)
                0x1004758c                store_data
 i.__ARM_common_switch8
                0x100475aa       0x1a ../Bluetooth_LE/library\libbluenrg1_stack.a(gatt_server.o)
                0x100475aa                __ARM_common_switch8
 i.HAL_Flash_Store_Data
                0x100475c4       0x54 ../Bluetooth_LE/library\libbluenrg1_stack.a(hal.o)
                0x100475c4                HAL_Flash_Store_Data
 i.HAL_Generate_Random_Bytes_To
                0x10047618       0x20 ../Bluetooth_LE/library\libbluenrg1_stack.a(hal.o)
                0x10047618                HAL_Generate_Random_Bytes_To
 i.HAL_Set_TX_Power_Level
                0x10047638       0x44 ../Bluetooth_LE/library\libbluenrg1_stack.a(hal.o)
                0x10047638                HAL_Set_TX_Power_Level
 i.HAL_Write_ConfigData
                0x1004767c      0x11c ../Bluetooth_LE/library\libbluenrg1_stack.a(hal.o)
                0x1004767c                HAL_Write_ConfigData
 i.Hal_Get_Random_Number
                0x10047798       0x3a ../Bluetooth_LE/library\libbluenrg1_stack.a(hal.o)
                0x10047798                Hal_Get_Random_Number
 i.Hal_Get_Random_Number32
                0x100477d2       0x12 ../Bluetooth_LE/library\libbluenrg1_stack.a(hal.o)
                0x100477d2                Hal_Get_Random_Number32
 i.aci_hal_end_of_radio_activity_event
                0x100477e4        0x2 ../Bluetooth_LE/library\libbluenrg1_stack.a(hal.o)
                0x100477e4                aci_hal_end_of_radio_activity_event
 *fill*         0x100477e6        0x2 
 i.ble_HAL_Init
                0x100477e8       0x1c ../Bluetooth_LE/library\libbluenrg1_stack.a(hal.o)
                0x100477e8                ble_HAL_Init
 i.char_copy    0x10047804       0x12 ../Bluetooth_LE/library\libbluenrg1_stack.a(hal.o)
                0x10047804                char_copy
 *fill*         0x10047816        0x2 
 i.hal_radio_activity_state_callback_check
                0x10047818       0x34 ../Bluetooth_LE/library\libbluenrg1_stack.a(hal.o)
                0x10047818                hal_radio_activity_state_callback_check
 i.hal_radio_activity_state_init
                0x1004784c       0x1c ../Bluetooth_LE/library\libbluenrg1_stack.a(hal.o)
                0x1004784c                hal_radio_activity_state_init
 i.hal_read_radio_activity_state
                0x10047868       0x40 ../Bluetooth_LE/library\libbluenrg1_stack.a(hal.o)
                0x10047868                hal_read_radio_activity_state
 i.set_string   0x100478a8       0x10 ../Bluetooth_LE/library\libbluenrg1_stack.a(hal.o)
                0x100478a8                set_string
 i.Controller_Process_Q
                0x100478b8       0x1c ../Bluetooth_LE/library\libbluenrg1_stack.a(hci.o)
                0x100478b8                Controller_Process_Q
 i.HCI_Init     0x100478d4       0x74 ../Bluetooth_LE/library\libbluenrg1_stack.a(hci.o)
                0x100478d4                HCI_Init
 i.PKA_Offline_Processing
                0x10047948      0x164 ../Bluetooth_LE/library\libbluenrg1_stack.a(hci.o)
                0x10047948                PKA_Offline_Processing
 i.hci_acl_Process_Q
                0x10047aac       0x70 ../Bluetooth_LE/library\libbluenrg1_stack.a(hci.o)
                0x10047aac                hci_acl_Process_Q
 i.hci_disconnect
                0x10047b1c        0x8 ../Bluetooth_LE/library\libbluenrg1_stack.a(hci.o)
                0x10047b1c                hci_disconnect
 i.hci_le_generate_dhkey_api
                0x10047b24       0x80 ../Bluetooth_LE/library\libbluenrg1_stack.a(hci.o)
                0x10047b24                hci_le_generate_dhkey_api
 i.hci_le_long_term_key_request_reply
                0x10047ba4        0xe ../Bluetooth_LE/library\libbluenrg1_stack.a(hci.o)
                0x10047ba4                hci_le_long_term_key_request_reply
 i.hci_le_long_term_key_requested_negative_reply
                0x10047bb2        0xe ../Bluetooth_LE/library\libbluenrg1_stack.a(hci.o)
                0x10047bb2                hci_le_long_term_key_requested_negative_reply
 i.hci_le_read_local_p256_public_key_api
                0x10047bc0       0x3c ../Bluetooth_LE/library\libbluenrg1_stack.a(hci.o)
                0x10047bc0                hci_le_read_local_p256_public_key_api
 i.hci_le_set_event_mask
                0x10047bfc       0x40 ../Bluetooth_LE/library\libbluenrg1_stack.a(hci.o)
                0x10047bfc                hci_le_set_event_mask
 i.hci_le_set_scan_response_data
                0x10047c3c       0x16 ../Bluetooth_LE/library\libbluenrg1_stack.a(hci.o)
                0x10047c3c                hci_le_set_scan_response_data
 *fill*         0x10047c52        0x2 
 i.hci_rx_acl_data
                0x10047c54       0x6c ../Bluetooth_LE/library\libbluenrg1_stack.a(hci.o)
                0x10047c54                hci_rx_acl_data
 i.hci_tx_acl_data_done
                0x10047cc0       0x48 ../Bluetooth_LE/library\libbluenrg1_stack.a(hci.o)
                0x10047cc0                hci_tx_acl_data_done
 i.HAL_VTimerAcc_sysT32_ms
                0x10047d08       0x24 ../Bluetooth_LE/library\libbluenrg1_stack.a(host_timer.o)
                0x10047d08                HAL_VTimerAcc_sysT32_ms
 i.HAL_VTimerGetCurrentTime_sysT32
                0x10047d2c       0x12 ../Bluetooth_LE/library\libbluenrg1_stack.a(host_timer.o)
                0x10047d2c                HAL_VTimerGetCurrentTime_sysT32
 i.HAL_VTimerTimeoutCallback
                0x10047d3e        0x2 ../Bluetooth_LE/library\libbluenrg1_stack.a(host_timer.o)
                0x10047d3e                HAL_VTimerTimeoutCallback
 i.Set_Host_Timer_value
                0x10047d40       0x50 ../Bluetooth_LE/library\libbluenrg1_stack.a(host_timer.o)
                0x10047d40                Set_Host_Timer_value
 i.TimerCallback
                0x10047d90       0x7c ../Bluetooth_LE/library\libbluenrg1_stack.a(host_timer.o)
 i.Timer_ExpiryCallback
                0x10047e0c       0x14 ../Bluetooth_LE/library\libbluenrg1_stack.a(host_timer.o)
                0x10047e0c                Timer_ExpiryCallback
 i.Timer_Init   0x10047e20       0x38 ../Bluetooth_LE/library\libbluenrg1_stack.a(host_timer.o)
                0x10047e20                Timer_Init
 i.Timer_ProcessQ
                0x10047e58      0x11c ../Bluetooth_LE/library\libbluenrg1_stack.a(host_timer.o)
                0x10047e58                Timer_ProcessQ
 i.Timer_StartOneShot
                0x10047f74       0x22 ../Bluetooth_LE/library\libbluenrg1_stack.a(host_timer.o)
                0x10047f74                Timer_StartOneShot
 *fill*         0x10047f96        0x2 
 i.Timer_StartOneShot_sysTime32
                0x10047f98       0x78 ../Bluetooth_LE/library\libbluenrg1_stack.a(host_timer.o)
                0x10047f98                Timer_StartOneShot_sysTime32
 i.Timer_StopOneShot
                0x10048010       0x58 ../Bluetooth_LE/library\libbluenrg1_stack.a(host_timer.o)
                0x10048010                Timer_StopOneShot
 i.Timer_sysTime32_convMachineTime
                0x10048068       0x24 ../Bluetooth_LE/library\libbluenrg1_stack.a(host_timer.o)
                0x10048068                Timer_sysTime32_convMachineTime
 i.L2C_Build_Command_Reject_Pdu
                0x1004808c       0x7c ../Bluetooth_LE/library\libbluenrg1_stack.a(l2cap.o)
                0x1004808c                L2C_Build_Command_Reject_Pdu
 i.L2C_Connection_Complete_Handler
                0x10048108       0x24 ../Bluetooth_LE/library\libbluenrg1_stack.a(l2cap.o)
                0x10048108                L2C_Connection_Complete_Handler
 i.L2C_Connection_Complete_Signal_Handler
                0x1004812c       0x2a ../Bluetooth_LE/library\libbluenrg1_stack.a(l2cap.o)
                0x1004812c                L2C_Connection_Complete_Signal_Handler
 *fill*         0x10048156        0x2 
 i.L2C_Get_Connection_Info
                0x10048158       0x34 ../Bluetooth_LE/library\libbluenrg1_stack.a(l2cap.o)
 i.L2C_Get_Connection_Info_Index
                0x1004818c       0x30 ../Bluetooth_LE/library\libbluenrg1_stack.a(l2cap.o)
 i.L2C_Get_PDU_Len
                0x100481bc        0xe ../Bluetooth_LE/library\libbluenrg1_stack.a(l2cap.o)
                0x100481bc                L2C_Get_PDU_Len
 *fill*         0x100481ca        0x2 
 i.L2C_Init     0x100481cc       0x58 ../Bluetooth_LE/library\libbluenrg1_stack.a(l2cap.o)
                0x100481cc                L2C_Init
 i.L2C_Mux_Acl_Packet
                0x10048224       0x58 ../Bluetooth_LE/library\libbluenrg1_stack.a(l2cap.o)
 i.L2C_Rcv_Data
                0x1004827c       0xa6 ../Bluetooth_LE/library\libbluenrg1_stack.a(l2cap.o)
 i.L2C_Rcv_Event_Handler
                0x10048322       0x1e ../Bluetooth_LE/library\libbluenrg1_stack.a(l2cap.o)
                0x10048322                L2C_Rcv_Event_Handler
 i.L2C_Rcv_Event_Handler_ISR
                0x10048340       0x52 ../Bluetooth_LE/library\libbluenrg1_stack.a(l2cap.o)
                0x10048340                L2C_Rcv_Event_Handler_ISR
 *fill*         0x10048392        0x2 
 i.L2C_Reset_To_Closed_State
                0x10048394       0x7c ../Bluetooth_LE/library\libbluenrg1_stack.a(l2cap.o)
 i.L2C_Send_Data
                0x10048410       0x4c ../Bluetooth_LE/library\libbluenrg1_stack.a(l2cap.o)
                0x10048410                L2C_Send_Data
 i.L2C_SigChan_Req_TimeOut_Handler
                0x1004845c       0x60 ../Bluetooth_LE/library\libbluenrg1_stack.a(l2cap.o)
                0x1004845c                L2C_SigChan_Req_TimeOut_Handler
 i.L2C_Signal_Channel_Handler
                0x100484bc      0x1b4 ../Bluetooth_LE/library\libbluenrg1_stack.a(l2cap.o)
                0x100484bc                L2C_Signal_Channel_Handler
 i.L2C_Signal_Channel_Handler_ISR
                0x10048670       0x24 ../Bluetooth_LE/library\libbluenrg1_stack.a(l2cap.o)
                0x10048670                L2C_Signal_Channel_Handler_ISR
 i.L2C_discard_corrupted_acl_packet
                0x10048694       0x5c ../Bluetooth_LE/library\libbluenrg1_stack.a(l2cap.o)
 i.aci_l2cap_connection_update_req_event_push
                0x100486f0       0x98 ../Bluetooth_LE/library\libbluenrg1_stack.a(l2cap.o)
 i.Data_Length_Update_Control_ISR
                0x10048788      0x12c ../Bluetooth_LE/library\libbluenrg1_stack.a(ll_isr.o)
                0x10048788                Data_Length_Update_Control_ISR
 i.RAL_Isr      0x100488b4      0x21c ../Bluetooth_LE/library\libbluenrg1_stack.a(ll_isr.o)
                0x100488b4                RAL_Isr
 i.copy_4_u32   0x10048ad0       0x12 ../Bluetooth_LE/library\libbluenrg1_stack.a(ll_isr.o)
                0x10048ad0                copy_4_u32
 *fill*         0x10048ae2        0x2 
 i.copy_tx_data_packet
                0x10048ae4       0x84 ../Bluetooth_LE/library\libbluenrg1_stack.a(ll_isr.o)
                0x10048ae4                copy_tx_data_packet
 i.encrypt      0x10048b68       0x74 ../Bluetooth_LE/library\libbluenrg1_stack.a(ll_isr.o)
                0x10048b68                encrypt
 i.full_state_func_call_init
                0x10048bdc       0x18 ../Bluetooth_LE/library\libbluenrg1_stack.a(ll_isr.o)
                0x10048bdc                full_state_func_call_init
 i.isr_advertise_state
                0x10048bf4      0x390 ../Bluetooth_LE/library\libbluenrg1_stack.a(ll_isr.o)
 i.isr_connect_master_state
                0x10048f84      0x6d8 ../Bluetooth_LE/library\libbluenrg1_stack.a(ll_isr.o)
 i.isr_connect_slave_state
                0x1004965c      0x7d4 ../Bluetooth_LE/library\libbluenrg1_stack.a(ll_isr.o)
 i.isr_scan_state
                0x10049e30      0x610 ../Bluetooth_LE/library\libbluenrg1_stack.a(ll_isr.o)
 i.isr_test_rx_state
                0x1004a440       0x38 ../Bluetooth_LE/library\libbluenrg1_stack.a(ll_isr.o)
 i.isr_test_tx_state
                0x1004a478       0x68 ../Bluetooth_LE/library\libbluenrg1_stack.a(ll_isr.o)
 i.isr_unknown_state
                0x1004a4e0       0x2c ../Bluetooth_LE/library\libbluenrg1_stack.a(ll_isr.o)
 i.__ARM_common_memcpy1_6
                0x1004a50c       0x1a ../Bluetooth_LE/library\libbluenrg1_stack.a(ll_isr.o)
                0x1004a50c                __ARM_common_memcpy1_6
 *fill*         0x1004a526        0x2 
 i.LL_LE_Clear_White_List
                0x1004a528       0x28 ../Bluetooth_LE/library\libbluenrg1_stack.a(ll_privacy.o)
                0x1004a528                LL_LE_Clear_White_List
 i.LL_LE_Set_Address_Resolution_Enable
                0x1004a550       0x20 ../Bluetooth_LE/library\libbluenrg1_stack.a(ll_privacy.o)
                0x1004a550                LL_LE_Set_Address_Resolution_Enable
 i.LL_LE_Set_Resolvable_Private_Address_Timeout
                0x1004a570       0x24 ../Bluetooth_LE/library\libbluenrg1_stack.a(ll_privacy.o)
                0x1004a570                LL_LE_Set_Resolvable_Private_Address_Timeout
 i.PRIVWHIT_u8AddAddrInList
                0x1004a594      0x1f0 ../Bluetooth_LE/library\libbluenrg1_stack.a(ll_privacy.o)
                0x1004a594                PRIVWHIT_u8AddAddrInList
 i.PRIVWHIT_u8RemoveAddrInList
                0x1004a784      0x12c ../Bluetooth_LE/library\libbluenrg1_stack.a(ll_privacy.o)
                0x1004a784                PRIVWHIT_u8RemoveAddrInList
 i.PRIVWHIT_u8SearchAddrInList
                0x1004a8b0       0x84 ../Bluetooth_LE/library\libbluenrg1_stack.a(ll_privacy.o)
                0x1004a8b0                PRIVWHIT_u8SearchAddrInList
 i.PRIVWHIT_vInit_Struct
                0x1004a934       0xb4 ../Bluetooth_LE/library\libbluenrg1_stack.a(ll_privacy.o)
                0x1004a934                PRIVWHIT_vInit_Struct
 i.PRIV_SearchAddrInRPAList
                0x1004a9e8       0x50 ../Bluetooth_LE/library\libbluenrg1_stack.a(ll_privacy.o)
                0x1004a9e8                PRIV_SearchAddrInRPAList
 i.PRIV_SearchAddrInScratchList
                0x1004aa38       0x50 ../Bluetooth_LE/library\libbluenrg1_stack.a(ll_privacy.o)
                0x1004aa38                PRIV_SearchAddrInScratchList
 i.PRIV_SearchAddrInWhiteList
                0x1004aa88       0x58 ../Bluetooth_LE/library\libbluenrg1_stack.a(ll_privacy.o)
                0x1004aa88                PRIV_SearchAddrInWhiteList
 i.PRIV_u32ProcessAdvPacket
                0x1004aae0      0x574 ../Bluetooth_LE/library\libbluenrg1_stack.a(ll_privacy.o)
                0x1004aae0                PRIV_u32ProcessAdvPacket
 i.PRIV_u8OfflineProcessing
                0x1004b054      0x114 ../Bluetooth_LE/library\libbluenrg1_stack.a(ll_privacy.o)
                0x1004b054                PRIV_u8OfflineProcessing
 i.PRIV_u8ResolvePrivateAddress
                0x1004b168      0x110 ../Bluetooth_LE/library\libbluenrg1_stack.a(ll_privacy.o)
                0x1004b168                PRIV_u8ResolvePrivateAddress
 i.PRIV_u8ResolvePrivateAddressUnit
                0x1004b278       0x34 ../Bluetooth_LE/library\libbluenrg1_stack.a(ll_privacy.o)
                0x1004b278                PRIV_u8ResolvePrivateAddressUnit
 i.PRIV_vGeneratePrivateAddress
                0x1004b2ac       0x62 ../Bluetooth_LE/library\libbluenrg1_stack.a(ll_privacy.o)
                0x1004b2ac                PRIV_vGeneratePrivateAddress
 *fill*         0x1004b30e        0x2 
 i.PRIV_vGenerate_hci_le_direct_advertising_report_event
                0x1004b310      0x17c ../Bluetooth_LE/library\libbluenrg1_stack.a(ll_privacy.o)
                0x1004b310                PRIV_vGenerate_hci_le_direct_advertising_report_event
 i.PRIV_vGenerate_hci_le_enhanced_connection_complete_event
                0x1004b48c      0x1d4 ../Bluetooth_LE/library\libbluenrg1_stack.a(ll_privacy.o)
                0x1004b48c                PRIV_vGenerate_hci_le_enhanced_connection_complete_event
 i.hci_le_direct_advertising_report_event_push
                0x1004b660       0x8c ../Bluetooth_LE/library\libbluenrg1_stack.a(ll_privacy.o)
 i.scan_connection_or_advertiser
                0x1004b6ec       0x1a ../Bluetooth_LE/library\libbluenrg1_stack.a(ll_privacy.o)
 *fill*         0x1004b706        0x2 
 i.Data_Len_Update_Offline_Processing
                0x1004b708       0x58 ../Bluetooth_LE/library\libbluenrg1_stack.a(ll_routines.o)
                0x1004b708                Data_Len_Update_Offline_Processing
 i.Disconnection_Offline_Processing
                0x1004b760       0x48 ../Bluetooth_LE/library\libbluenrg1_stack.a(ll_routines.o)
                0x1004b760                Disconnection_Offline_Processing
 i.LL_Data_Length_Change_Event
                0x1004b7a8       0x54 ../Bluetooth_LE/library\libbluenrg1_stack.a(ll_routines.o)
                0x1004b7a8                LL_Data_Length_Change_Event
 i.LL_Data_Length_Update
                0x1004b7fc       0x38 ../Bluetooth_LE/library\libbluenrg1_stack.a(ll_routines.o)
                0x1004b7fc                LL_Data_Length_Update
 i.LL_Disconnect_Link
                0x1004b834       0x3c ../Bluetooth_LE/library\libbluenrg1_stack.a(ll_routines.o)
                0x1004b834                LL_Disconnect_Link
 i.LL_Send_Disconnection_Req
                0x1004b870       0xa4 ../Bluetooth_LE/library\libbluenrg1_stack.a(ll_routines.o)
                0x1004b870                LL_Send_Disconnection_Req
 i.LL_Send_Length_Req
                0x1004b914       0xd0 ../Bluetooth_LE/library\libbluenrg1_stack.a(ll_routines.o)
 i.LL_Send_Length_Resp
                0x1004b9e4       0xb4 ../Bluetooth_LE/library\libbluenrg1_stack.a(ll_routines.o)
                0x1004b9e4                LL_Send_Length_Resp
 i.LL_Set_Data_Length
                0x1004ba98       0xb0 ../Bluetooth_LE/library\libbluenrg1_stack.a(ll_routines.o)
                0x1004ba98                LL_Set_Data_Length
 i.MIN_U16      0x1004bb48        0x8 ../Bluetooth_LE/library\libbluenrg1_stack.a(ll_routines.o)
 i.ll_write_supported_data
                0x1004bb50       0x78 ../Bluetooth_LE/library\libbluenrg1_stack.a(ll_routines.o)
                0x1004bb50                ll_write_supported_data
 i.read_rssi    0x1004bbc8       0x7c ../Bluetooth_LE/library\libbluenrg1_stack.a(ll_routines.o)
                0x1004bbc8                read_rssi
 i.LL_Enable_Disable_Scan
                0x1004bc44      0x27c ../Bluetooth_LE/library\libbluenrg1_stack.a(ll_routines_master.o)
                0x1004bc44                LL_Enable_Disable_Scan
 i.Reclassify_All_Channels
                0x1004bec0       0xc4 ../Bluetooth_LE/library\libbluenrg1_stack.a(ll_routines_master.o)
                0x1004bec0                Reclassify_All_Channels
 i.hci_encryption_change_event_push
                0x1004bf84       0x5c ../Bluetooth_LE/library\libbluenrg1_stack.a(ll_routines_master.o)
 i.hci_encryption_key_refresh_complete_event_push
                0x1004bfe0       0x58 ../Bluetooth_LE/library\libbluenrg1_stack.a(ll_routines_master.o)
 i.hci_le_advertising_report_event_push
                0x1004c038       0x94 ../Bluetooth_LE/library\libbluenrg1_stack.a(ll_routines_master.o)
 i.hci_le_connection_complete_event_push
                0x1004c0cc       0x88 ../Bluetooth_LE/library\libbluenrg1_stack.a(ll_routines_master.o)
 i.hci_le_connection_update_complete_event_push
                0x1004c154       0x6c ../Bluetooth_LE/library\libbluenrg1_stack.a(ll_routines_master.o)
 i.int32ToLe4Byte
                0x1004c1c0       0x10 ../Bluetooth_LE/library\libbluenrg1_stack.a(ll_routines_master.o)
 i.isr_event_handler
                0x1004c1d0      0x600 ../Bluetooth_LE/library\libbluenrg1_stack.a(ll_routines_master.o)
                0x1004c1d0                isr_event_handler
 i.isr_event_handler_scan_data
                0x1004c7d0      0x200 ../Bluetooth_LE/library\libbluenrg1_stack.a(ll_routines_master.o)
                0x1004c7d0                isr_event_handler_scan_data
 i.LL_Encrypt_Plain_Data
                0x1004c9d0       0x88 ../Bluetooth_LE/library\libbluenrg1_stack.a(ll_routines_support.o)
                0x1004c9d0                LL_Encrypt_Plain_Data
 i.LL_Set_LTK   0x1004ca58       0x9c ../Bluetooth_LE/library\libbluenrg1_stack.a(ll_routines_support.o)
                0x1004ca58                LL_Set_LTK
 i.Dynamic_allocator
                0x1004caf4      0x260 ../Bluetooth_LE/library\libbluenrg1_stack.a(mem_alloc.o)
                0x1004caf4                Dynamic_allocator
 i.Dynamic_allocator_noRet
                0x1004cd54        0x2 ../Bluetooth_LE/library\libbluenrg1_stack.a(mem_alloc.o)
                0x1004cd54                Dynamic_allocator_noRet
 i.Mem_assign   0x1004cd56       0x16 ../Bluetooth_LE/library\libbluenrg1_stack.a(mem_alloc.o)
 i.mem_alloc_ctx_init
                0x1004cd6c       0xa4 ../Bluetooth_LE/library\libbluenrg1_stack.a(mem_alloc.o)
                0x1004cd6c                mem_alloc_ctx_init
 i.Mem_Buff_Append
                0x1004ce10       0x12 ../Bluetooth_LE/library\libbluenrg1_stack.a(mem_buff.o)
                0x1004ce10                Mem_Buff_Append
 i.Mem_Buff_Block_Copy
                0x1004ce22       0x48 ../Bluetooth_LE/library\libbluenrg1_stack.a(mem_buff.o)
                0x1004ce22                Mem_Buff_Block_Copy
 i.Mem_Buff_Block_Write
                0x1004ce6a       0x56 ../Bluetooth_LE/library\libbluenrg1_stack.a(mem_buff.o)
                0x1004ce6a                Mem_Buff_Block_Write
 i.Mem_Buff_Clone
                0x1004cec0       0x32 ../Bluetooth_LE/library\libbluenrg1_stack.a(mem_buff.o)
                0x1004cec0                Mem_Buff_Clone
 i.Mem_Buff_Cmp
                0x1004cef2       0x78 ../Bluetooth_LE/library\libbluenrg1_stack.a(mem_buff.o)
                0x1004cef2                Mem_Buff_Cmp
 i.Mem_Buff_Compact
                0x1004cf6a       0xba ../Bluetooth_LE/library\libbluenrg1_stack.a(mem_buff.o)
                0x1004cf6a                Mem_Buff_Compact
 i.Mem_Buff_Get
                0x1004d024       0x2e ../Bluetooth_LE/library\libbluenrg1_stack.a(mem_buff.o)
                0x1004d024                Mem_Buff_Get
 i.Mem_Buff_Get_Chain_Count
                0x1004d052       0x14 ../Bluetooth_LE/library\libbluenrg1_stack.a(mem_buff.o)
                0x1004d052                Mem_Buff_Get_Chain_Count
 i.Mem_Buff_Get_Chain_Size
                0x1004d066       0x14 ../Bluetooth_LE/library\libbluenrg1_stack.a(mem_buff.o)
                0x1004d066                Mem_Buff_Get_Chain_Size
 i.Mem_Buff_Init
                0x1004d07a       0x6a ../Bluetooth_LE/library\libbluenrg1_stack.a(mem_buff.o)
                0x1004d07a                Mem_Buff_Init
 i.Mem_Buff_Read
                0x1004d0e4       0x62 ../Bluetooth_LE/library\libbluenrg1_stack.a(mem_buff.o)
                0x1004d0e4                Mem_Buff_Read
 i.Mem_Buff_Release
                0x1004d146       0x36 ../Bluetooth_LE/library\libbluenrg1_stack.a(mem_buff.o)
                0x1004d146                Mem_Buff_Release
 i.Mem_Buff_Resize
                0x1004d17c       0x8e ../Bluetooth_LE/library\libbluenrg1_stack.a(mem_buff.o)
                0x1004d17c                Mem_Buff_Resize
 i.Mem_Buff_Write
                0x1004d20a       0x68 ../Bluetooth_LE/library\libbluenrg1_stack.a(mem_buff.o)
                0x1004d20a                Mem_Buff_Write
 *fill*         0x1004d272        0x2 
 i.adapt_slot   0x1004d274      0x260 ../Bluetooth_LE/library\libbluenrg1_stack.a(multi_master_time.o)
 i.advance_slave_timing_MultiSlave
                0x1004d4d4      0x2cc ../Bluetooth_LE/library\libbluenrg1_stack.a(multi_master_time.o)
                0x1004d4d4                advance_slave_timing_MultiSlave
 i.anchor_replace
                0x1004d7a0       0x4c ../Bluetooth_LE/library\libbluenrg1_stack.a(multi_master_time.o)
                0x1004d7a0                anchor_replace
 i.cancel_current_master
                0x1004d7ec      0x1a8 ../Bluetooth_LE/library\libbluenrg1_stack.a(multi_master_time.o)
                0x1004d7ec                cancel_current_master
 i.get_advertiser
                0x1004d994       0x48 ../Bluetooth_LE/library\libbluenrg1_stack.a(multi_master_time.o)
                0x1004d994                get_advertiser
 i.get_connection_no
                0x1004d9dc       0x8c ../Bluetooth_LE/library\libbluenrg1_stack.a(multi_master_time.o)
                0x1004d9dc                get_connection_no
 i.get_next_free_slot
                0x1004da68       0x34 ../Bluetooth_LE/library\libbluenrg1_stack.a(multi_master_time.o)
                0x1004da68                get_next_free_slot
 i.get_scan_connection
                0x1004da9c       0x48 ../Bluetooth_LE/library\libbluenrg1_stack.a(multi_master_time.o)
                0x1004da9c                get_scan_connection
 i.is_slave     0x1004dae4       0x34 ../Bluetooth_LE/library\libbluenrg1_stack.a(multi_master_time.o)
                0x1004dae4                is_slave
 i.nsar_init    0x1004db18       0x1c ../Bluetooth_LE/library\libbluenrg1_stack.a(multi_master_time.o)
                0x1004db18                nsar_init
 i.nsar_insertSlotListEntry
                0x1004db34       0x20 ../Bluetooth_LE/library\libbluenrg1_stack.a(multi_master_time.o)
 i.nsar_searchBestFreeSlot
                0x1004db54       0xc4 ../Bluetooth_LE/library\libbluenrg1_stack.a(multi_master_time.o)
 i.nsar_updateBestFreeSlot
                0x1004dc18       0x22 ../Bluetooth_LE/library\libbluenrg1_stack.a(multi_master_time.o)
 *fill*         0x1004dc3a        0x2 
 i.nsar_updateSlotListEntry
                0x1004dc3c       0x6c ../Bluetooth_LE/library\libbluenrg1_stack.a(multi_master_time.o)
 i.request_scan_slot
                0x1004dca8       0x94 ../Bluetooth_LE/library\libbluenrg1_stack.a(multi_master_time.o)
                0x1004dca8                request_scan_slot
 i.schedule_advertise_slot
                0x1004dd3c       0xb4 ../Bluetooth_LE/library\libbluenrg1_stack.a(multi_master_time.o)
                0x1004dd3c                schedule_advertise_slot
 i.start_timebase
                0x1004ddf0       0xbc ../Bluetooth_LE/library\libbluenrg1_stack.a(multi_master_time.o)
                0x1004ddf0                start_timebase
 i.swap_u16     0x1004deac        0xa ../Bluetooth_LE/library\libbluenrg1_stack.a(multi_master_time.o)
 *fill*         0x1004deb6        0x2 
 i.timebase_start_connect
                0x1004deb8       0x3c ../Bluetooth_LE/library\libbluenrg1_stack.a(multi_master_time.o)
                0x1004deb8                timebase_start_connect
 i.Flash_Write_Flagged
                0x1004def4       0x3c ../Bluetooth_LE/library\libbluenrg1_stack.a(nvm.o)
                0x1004def4                Flash_Write_Flagged
 i.Is_Flash_Write_On_Going
                0x1004df30       0x10 ../Bluetooth_LE/library\libbluenrg1_stack.a(nvm.o)
                0x1004df30                Is_Flash_Write_On_Going
 i.BLEPLAT_PKA_Get_Current_Operation
                0x1004df40       0x14 ../Bluetooth_LE/library\libbluenrg1_stack.a(pka.o)
                0x1004df40                BLEPLAT_PKA_Get_Current_Operation
 i.BLEPLAT_PKA_Start_P256_DHKey_Generation
                0x1004df54       0x50 ../Bluetooth_LE/library\libbluenrg1_stack.a(pka.o)
                0x1004df54                BLEPLAT_PKA_Start_P256_DHKey_Generation
 i.BLEPLAT_PKA_Start_P256_Public_Key_Generation
                0x1004dfa4       0x6c ../Bluetooth_LE/library\libbluenrg1_stack.a(pka.o)
                0x1004dfa4                BLEPLAT_PKA_Start_P256_Public_Key_Generation
 i.PM_Check_And_Set
                0x1004e010       0x50 ../Bluetooth_LE/library\libbluenrg1_stack.a(pm.o)
 i.PM_Clone_Pckt
                0x1004e060       0x22 ../Bluetooth_LE/library\libbluenrg1_stack.a(pm.o)
                0x1004e060                PM_Clone_Pckt
 *fill*         0x1004e082        0x2 
 i.PM_Compact   0x1004e084       0x54 ../Bluetooth_LE/library\libbluenrg1_stack.a(pm.o)
                0x1004e084                PM_Compact
 i.PM_Copy_Pckt_Data
                0x1004e0d8       0x12 ../Bluetooth_LE/library\libbluenrg1_stack.a(pm.o)
                0x1004e0d8                PM_Copy_Pckt_Data
 *fill*         0x1004e0ea        0x2 
 i.PM_Eng_Config
                0x1004e0ec       0x18 ../Bluetooth_LE/library\libbluenrg1_stack.a(pm.o)
                0x1004e0ec                PM_Eng_Config
 i.PM_Extract_Pdu_MBuff
                0x1004e104        0xc ../Bluetooth_LE/library\libbluenrg1_stack.a(pm.o)
                0x1004e104                PM_Extract_Pdu_MBuff
 i.PM_Get_Available_Buffer
                0x1004e110       0x3c ../Bluetooth_LE/library\libbluenrg1_stack.a(pm.o)
                0x1004e110                PM_Get_Available_Buffer
 i.PM_Get_Mem_Buff_Count
                0x1004e14c        0xa ../Bluetooth_LE/library\libbluenrg1_stack.a(pm.o)
                0x1004e14c                PM_Get_Mem_Buff_Count
 *fill*         0x1004e156        0x2 
 i.PM_Get_Pckt  0x1004e158       0x44 ../Bluetooth_LE/library\libbluenrg1_stack.a(pm.o)
                0x1004e158                PM_Get_Pckt
 i.PM_Init      0x1004e19c       0x68 ../Bluetooth_LE/library\libbluenrg1_stack.a(pm.o)
                0x1004e19c                PM_Init
 i.PM_Pckt_Cmp  0x1004e204        0xa ../Bluetooth_LE/library\libbluenrg1_stack.a(pm.o)
                0x1004e204                PM_Pckt_Cmp
 *fill*         0x1004e20e        0x2 
 i.PM_Release_Acl_Pckt
                0x1004e210       0x3c ../Bluetooth_LE/library\libbluenrg1_stack.a(pm.o)
                0x1004e210                PM_Release_Acl_Pckt
 i.PM_Resize_Pckt_Pdu_Size
                0x1004e24c       0x6c ../Bluetooth_LE/library\libbluenrg1_stack.a(pm.o)
                0x1004e24c                PM_Resize_Pckt_Pdu_Size
 i.PM_Write_Pckt_Data
                0x1004e2b8       0x12 ../Bluetooth_LE/library\libbluenrg1_stack.a(pm.o)
                0x1004e2b8                PM_Write_Pckt_Data
 i.Accu_Handles_Requiring_Auth
                0x1004e2ca       0x6e ../Bluetooth_LE/library\libbluenrg1_stack.a(rom_att.o)
                0x1004e2ca                Accu_Handles_Requiring_Auth
 i.Accu_UuidTypes_Requiring_Auth
                0x1004e338       0xea ../Bluetooth_LE/library\libbluenrg1_stack.a(rom_att.o)
                0x1004e338                Accu_UuidTypes_Requiring_Auth
 i.Att_Send_Read_Blob_Req_Pdu
                0x1004e422       0x48 ../Bluetooth_LE/library\libbluenrg1_stack.a(rom_att.o)
                0x1004e422                Att_Send_Read_Blob_Req_Pdu
 i.Att_Send_Read_By_Typ_Req_Pdu
                0x1004e46a       0x76 ../Bluetooth_LE/library\libbluenrg1_stack.a(rom_att.o)
                0x1004e46a                Att_Send_Read_By_Typ_Req_Pdu
 i.GAP_Privacy1v2
                0x1004e4e0      0x1d8 ../Bluetooth_LE/library\libbluenrg1_stack.a(rom_gap.o)
                0x1004e4e0                GAP_Privacy1v2
 i.GAP_PrivateAddrTimercb
                0x1004e6b8       0x48 ../Bluetooth_LE/library\libbluenrg1_stack.a(rom_gap.o)
                0x1004e6b8                GAP_PrivateAddrTimercb
 i.GapIsPrivacySupported
                0x1004e700       0x14 ../Bluetooth_LE/library\libbluenrg1_stack.a(rom_gap.o)
                0x1004e700                GapIsPrivacySupported
 i.Generate_Non_Resolvable_Private_Address
                0x1004e714       0x88 ../Bluetooth_LE/library\libbluenrg1_stack.a(rom_gap.o)
                0x1004e714                Generate_Non_Resolvable_Private_Address
 i.GAP_Notify_Add_Charac
                0x1004e79c       0x70 ../Bluetooth_LE/library\libbluenrg1_stack.a(rom_gap_rom.o)
                0x1004e79c                GAP_Notify_Add_Charac
 i.Get_GAP_Handle
                0x1004e80c       0x10 ../Bluetooth_LE/library\libbluenrg1_stack.a(rom_gap_rom.o)
                0x1004e80c                Get_GAP_Handle
 i.Get_StaticRandAddr
                0x1004e81c       0x14 ../Bluetooth_LE/library\libbluenrg1_stack.a(rom_gap_rom.o)
                0x1004e81c                Get_StaticRandAddr
 i.Check_Encry_Key_Size
                0x1004e830       0x18 ../Bluetooth_LE/library\libbluenrg1_stack.a(rom_gatt_server.o)
                0x1004e830                Check_Encry_Key_Size
 i.GATT_Num_Charac_Present
                0x1004e848       0x3a ../Bluetooth_LE/library\libbluenrg1_stack.a(rom_gatt_server.o)
                0x1004e848                GATT_Num_Charac_Present
 *fill*         0x1004e882        0x2 
 i.Start_Gatt_Timer
                0x1004e884       0x24 ../Bluetooth_LE/library\libbluenrg1_stack.a(rom_gatt_server.o)
                0x1004e884                Start_Gatt_Timer
 i.Stop_Gatt_Timer
                0x1004e8a8       0x1c ../Bluetooth_LE/library\libbluenrg1_stack.a(rom_gatt_server.o)
                0x1004e8a8                Stop_Gatt_Timer
 i.List_Circular_Get_Size
                0x1004e8c4       0x14 ../Bluetooth_LE/library\libbluenrg1_stack.a(rom_list.o)
                0x1004e8c4                List_Circular_Get_Size
 i.List_Circular_Insert_Tail
                0x1004e8d8        0xe ../Bluetooth_LE/library\libbluenrg1_stack.a(rom_list.o)
                0x1004e8d8                List_Circular_Insert_Tail
 i.List_Circular_Node_Present
                0x1004e8e6       0x16 ../Bluetooth_LE/library\libbluenrg1_stack.a(rom_list.o)
                0x1004e8e6                List_Circular_Node_Present
 i.List_Circular_Remove_Head
                0x1004e8fc       0x1a ../Bluetooth_LE/library\libbluenrg1_stack.a(rom_list.o)
                0x1004e8fc                List_Circular_Remove_Head
 i.List_Circular_Remove_Node
                0x1004e916       0x20 ../Bluetooth_LE/library\libbluenrg1_stack.a(rom_list.o)
                0x1004e916                List_Circular_Remove_Node
 *fill*         0x1004e936        0x2 
 i.isr_postproc1
                0x1004e938      0x110 ../Bluetooth_LE/library\libbluenrg1_stack.a(rom_ll_isr_postproc.o)
                0x1004e938                isr_postproc1
 i.isr_postproc_encrypt_data
                0x1004ea48       0x16 ../Bluetooth_LE/library\libbluenrg1_stack.a(rom_ll_isr_postproc.o)
                0x1004ea48                isr_postproc_encrypt_data
 i.wait_for_aes_ready
                0x1004ea5e       0x24 ../Bluetooth_LE/library\libbluenrg1_stack.a(rom_ll_isr_postproc.o)
 *fill*         0x1004ea82        0x2 
 i.LL_update_proc
                0x1004ea84       0x98 ../Bluetooth_LE/library\libbluenrg1_stack.a(rom_ll_isr_routines.o)
                0x1004ea84                LL_update_proc
 i.addr_u32_from_u8
                0x1004eb1c       0x1e ../Bluetooth_LE/library\libbluenrg1_stack.a(rom_ll_isr_routines.o)
 *fill*         0x1004eb3a        0x2 
 i.cancel_connect_master
                0x1004eb3c       0xf4 ../Bluetooth_LE/library\libbluenrg1_stack.a(rom_ll_isr_routines.o)
                0x1004eb3c                cancel_connect_master
 i.cancel_master
                0x1004ec30       0x80 ../Bluetooth_LE/library\libbluenrg1_stack.a(rom_ll_isr_routines.o)
                0x1004ec30                cancel_master
 i.get_adv_addr
                0x1004ecb0       0x14 ../Bluetooth_LE/library\libbluenrg1_stack.a(rom_ll_isr_routines.o)
                0x1004ecb0                get_adv_addr
 i.get_scan_addr
                0x1004ecc4       0x14 ../Bluetooth_LE/library\libbluenrg1_stack.a(rom_ll_isr_routines.o)
                0x1004ecc4                get_scan_addr
 i.go_to_connect
                0x1004ecd8      0x298 ../Bluetooth_LE/library\libbluenrg1_stack.a(rom_ll_isr_routines.o)
                0x1004ecd8                go_to_connect
 i.le2ByteToInt16
                0x1004ef70        0xa ../Bluetooth_LE/library\libbluenrg1_stack.a(rom_ll_isr_routines.o)
 i.le4ByteToInt32
                0x1004ef7a       0x16 ../Bluetooth_LE/library\libbluenrg1_stack.a(rom_ll_isr_routines.o)
 i.unpack_channel_map
                0x1004ef90       0x2e ../Bluetooth_LE/library\libbluenrg1_stack.a(rom_ll_isr_routines.o)
                0x1004ef90                unpack_channel_map
 i.unpack_update_request
                0x1004efbe       0x48 ../Bluetooth_LE/library\libbluenrg1_stack.a(rom_ll_isr_routines.o)
                0x1004efbe                unpack_update_request
 i.Is_Address_Initialized