Archive member included to satisfy reference by file (symbol)

../Bluetooth_LE/library\libbluenrg1_stack.a(bluenrg_gap_aci.o)
                              Bluetooth_LE\src\stack_user_cfg.o (aci_gap_create_connection_api)
../Bluetooth_LE/library\libbluenrg1_stack.a(bluenrg_gatt_aci.o)
                              src\gatt_db_vim.o (aci_gatt_add_char)
../Bluetooth_LE/library\libbluenrg1_stack.a(bluenrg_hal_aci.o)
                              src\gatt_db_vim.o (aci_hal_set_tx_power_level)
../Bluetooth_LE/library\libbluenrg1_stack.a(bluenrg_l2cap_aci.o)
                              Bluetooth_LE\src\stack_user_cfg.o (aci_l2cap_connection_parameter_update_resp_api)
../Bluetooth_LE/library\libbluenrg1_stack.a(bluenrg_main_func.o)
                              src\main.o (BTLE_StackTick)
../Bluetooth_LE/library\libbluenrg1_stack.a(gap.o)
                              ../Bluetooth_LE/library\libbluenrg1_stack.a(bluenrg_gap_aci.o) (GAP_Create_Connection)
../Bluetooth_LE/library\libbluenrg1_stack.a(gatt_client.o)
                              ../Bluetooth_LE/library\libbluenrg1_stack.a(bluenrg_gatt_aci.o) (Gatt_Confirm_Indication)
../Bluetooth_LE/library\libbluenrg1_stack.a(gatt_server.o)
                              ../Bluetooth_LE/library\libbluenrg1_stack.a(gatt_client.o) (GATT_Send_Packet)
../Bluetooth_LE/library\libbluenrg1_stack.a(hal.o)
                              ../Bluetooth_LE/library\libbluenrg1_stack.a(bluenrg_hal_aci.o) (HAL_Read_ConfigData)
../Bluetooth_LE/library\libbluenrg1_stack.a(hci.o)
                              ../Bluetooth_LE/library\libbluenrg1_stack.a(bluenrg_main_func.o) (Controller_Process_Q)
../Bluetooth_LE/library\libbluenrg1_stack.a(hci_privacy.o)
                              Bluetooth_LE\src\stack_user_cfg.o (hci_le_add_device_to_resolving_list_api)
../Bluetooth_LE/library\libbluenrg1_stack.a(host_timer.o)
                              ../Bluetooth_LE/library\libbluenrg1_stack.a(bluenrg_main_func.o) (Timer_Init)
../Bluetooth_LE/library\libbluenrg1_stack.a(l2cap.o)
                              ../Bluetooth_LE/library\libbluenrg1_stack.a(bluenrg_l2cap_aci.o) (L2C_Build_Connect_Update_Req)
../Bluetooth_LE/library\libbluenrg1_stack.a(ll_isr.o)
                              Bluetooth_LE\src\stack_user_cfg.o (Data_Length_Update_Control_ISR)
../Bluetooth_LE/library\libbluenrg1_stack.a(ll_privacy.o)
                              ../Bluetooth_LE/library\libbluenrg1_stack.a(hci_privacy.o) (LL_LE_Add_Device_To_Resolving_List)
../Bluetooth_LE/library\libbluenrg1_stack.a(ll_routines.o)
                              Bluetooth_LE\src\stack_user_cfg.o (Data_Len_Update_Offline_Processing)
../Bluetooth_LE/library\libbluenrg1_stack.a(ll_routines_master.o)
                              ../Bluetooth_LE/library\libbluenrg1_stack.a(gap.o) (LL_Create_Connection)
../Bluetooth_LE/library\libbluenrg1_stack.a(ll_routines_support.o)
                              Bluetooth_LE\src\stack_user_cfg.o (LL_Encrypt_Plain_Data)
../Bluetooth_LE/library\libbluenrg1_stack.a(mem_alloc.o)
                              ../Bluetooth_LE/library\libbluenrg1_stack.a(bluenrg_main_func.o) (_BlueNRG_Stack_Init_params)
../Bluetooth_LE/library\libbluenrg1_stack.a(mem_buff.o)
                              ../Bluetooth_LE/library\libbluenrg1_stack.a(l2cap.o) (Mem_Buff_Append)
../Bluetooth_LE/library\libbluenrg1_stack.a(multi_master_time.o)
                              ../Bluetooth_LE/library\libbluenrg1_stack.a(hci.o) (LL_Get_Anchor_Interval)
../Bluetooth_LE/library\libbluenrg1_stack.a(nvm.o)
                              ../Bluetooth_LE/library\libbluenrg1_stack.a(ll_isr.o) (Is_Flash_Write_On_Going)
../Bluetooth_LE/library\libbluenrg1_stack.a(pka.o)
                              ../Bluetooth_LE/library\libbluenrg1_stack.a(hci.o) (BLEPLAT_PKA_Get_Current_Operation)
../Bluetooth_LE/library\libbluenrg1_stack.a(pm.o)
                              ../Bluetooth_LE/library\libbluenrg1_stack.a(l2cap.o) (PM_Compact)
../Bluetooth_LE/library\libbluenrg1_stack.a(rom_att.o)
                              ../Bluetooth_LE/library\libbluenrg1_stack.a(gatt_client.o) (ATT_fill_exchg_mtu_req)
../Bluetooth_LE/library\libbluenrg1_stack.a(rom_gap.o)
                              ../Bluetooth_LE/library\libbluenrg1_stack.a(gap.o) (GAP_Add_To_WhiteList)
../Bluetooth_LE/library\libbluenrg1_stack.a(rom_gap_rom.o)
                              ../Bluetooth_LE/library\libbluenrg1_stack.a(bluenrg_gap_aci.o) (GAP_Delete_ADType)
../Bluetooth_LE/library\libbluenrg1_stack.a(rom_gatt_server.o)
                              ../Bluetooth_LE/library\libbluenrg1_stack.a(gatt_server.o) (Check_Encry_Key_Size)
../Bluetooth_LE/library\libbluenrg1_stack.a(rom_list.o)
                              ../Bluetooth_LE/library\libbluenrg1_stack.a(gatt_server.o) (List_Circular_Get_Size)
../Bluetooth_LE/library\libbluenrg1_stack.a(rom_ll_isr_postproc.o)
                              ../Bluetooth_LE/library\libbluenrg1_stack.a(ll_isr.o) (isr_postproc1)
[...]
Memory Configuration

Name             Origin             Length             Attributes
REGION_RAM       0x20000000         0x00006000         xrw
REGION_FLASH_BOOTLOADER 0x10040000         0x00000000         xr
REGION_FLASH     0x10040000         0x0003f000         xr
REGION_NVM       0x1007f000         0x00001000         xr
REGION_ROM       0x10000000         0x00000800         xr
*default*        0x00000000         0xffffffff

Linker script and memory map

LOAD BLE_Application\Utils\src\ble_utils.o
LOAD Bluetooth_LE\src\stack_dle_api_stubs.o
LOAD Bluetooth_LE\src\stack_priv_api_stubs.o
LOAD Bluetooth_LE\src\stack_sc_api_stubs.o
LOAD Bluetooth_LE\src\stack_slvonly_api_stubs.o
LOAD Bluetooth_LE\src\stack_user_cfg.o
LOAD Library\BlueNRG1_Periph_Driver\src\BlueNRG1_adc.o
LOAD Library\BlueNRG1_Periph_Driver\src\BlueNRG1_dma.o
LOAD Library\BlueNRG1_Periph_Driver\src\BlueNRG1_flash.o
LOAD Library\BlueNRG1_Periph_Driver\src\BlueNRG1_gpio.o
LOAD Library\BlueNRG1_Periph_Driver\src\BlueNRG1_i2c.o
LOAD Library\BlueNRG1_Periph_Driver\src\BlueNRG1_mft.o
LOAD Library\BlueNRG1_Periph_Driver\src\BlueNRG1_pka.o
LOAD Library\BlueNRG1_Periph_Driver\src\BlueNRG1_radio.o
LOAD Library\BlueNRG1_Periph_Driver\src\BlueNRG1_rng.o
LOAD Library\BlueNRG1_Periph_Driver\src\BlueNRG1_rtc.o
LOAD Library\BlueNRG1_Periph_Driver\src\BlueNRG1_spi.o
LOAD Library\BlueNRG1_Periph_Driver\src\BlueNRG1_sysCtrl.o
LOAD Library\BlueNRG1_Periph_Driver\src\BlueNRG1_uart.o
LOAD Library\BlueNRG1_Periph_Driver\src\BlueNRG1_wdg.o
LOAD Library\BlueNRG1_Periph_Driver\src\misc.o
LOAD Library\CMSIS\Device\ST\BlueNRG1\Source\system_bluenrg1.o
LOAD Library\hal\src\clock.o
LOAD Library\hal\src\context_switch.o
LOAD Library\hal\src\fifo.o
LOAD Library\hal\src\hal_radio.o
LOAD Library\hal\src\miscutil.o
LOAD Library\hal\src\osal.o
LOAD Library\hal\src\radio_ota.o
LOAD Library\hal\src\sleep.o
LOAD MCAL\src\HAL_GPIO.o
LOAD MCAL\src\HAL_SYS.o
LOAD MCAL\src\HAL_UART.o
LOAD ble-sdk\platform\uart_interface-example.o
LOAD ble-sdk\src\ble_packet.o
LOAD ble-sdk\src\ble_service_bms.o
LOAD ble-sdk\src\ble_service_vim.o
LOAD ble-sdk\src\com.o
LOAD src\BlueNRG1_it.o
LOAD src\app_bms.o
LOAD src\app_vim.o
LOAD src\gatt_db_bms.o
LOAD src\gatt_db_vim.o
LOAD src\main.o
LOAD src\tiny_printf.o
LOAD src\uart_interface.o
LOAD utils\inc\RTT\RTT_Syscalls.o
LOAD utils\inc\RTT\SEGGER_RTT.o
LOAD utils\inc\RTT\SEGGER_RTT_printf.o
LOAD utils\src\gp_timer.o
LOAD utils\src\packet_queue.o
LOAD utils\src\rsa_ed.o
LOAD ../Bluetooth_LE/library\libbluenrg1_stack.a
LOAD ../cryptolib\libcrypto.a
                0x00000080                malloc_getpagesize_P = 0x80
START GROUP
LOAD c:/program files (x86)/atollic/truestudio for stm32 9.3.0/armtools/bin/../lib/gcc/arm-atollic-eabi/6.3.1/../../../../arm-atollic-eabi/lib/armv6-m\libc_nano.a
LOAD c:/program files (x86)/atollic/truestudio for stm32 9.3.0/armtools/bin/../lib/gcc/arm-atollic-eabi/6.3.1/../../../../arm-atollic-eabi/lib/armv6-m\libm.a
END GROUP
                0x20000000                _MEMORY_RAM_BEGIN_ = 0x20000000
                0x00006000                _MEMORY_RAM_SIZE_ = 0x6000
                0x20005fff                _MEMORY_RAM_END_ = 0x20005fff
                0x10040000                _MEMORY_FLASH_BEGIN_ = 0x10040000
                0x00040000                _MEMORY_FLASH_SIZE_ = 0x40000
                0x1007ffff                _MEMORY_FLASH_END_ = 0x1007ffff
                0x10000000                _MEMORY_ROM_BEGIN_ = 0x10000000
                0x00000800                _MEMORY_ROM_SIZE_ = 0x800
                0x100007ff                _MEMORY_ROM_END_ = 0x100007ff
                0x00001000                FLASH_NVM_DATASIZE = 0x1000
                0x00000000                MEMORY_FLASH_APP_OFFSET = DEFINED (MEMORY_FLASH_APP_OFFSET)?MEMORY_FLASH_APP_OFFSET:0x0
                0x0003f000                MEMORY_FLASH_APP_SIZE = DEFINED (MEMORY_FLASH_APP_SIZE)?MEMORY_FLASH_APP_SIZE:((_MEMORY_FLASH_SIZE_ - FLASH_NVM_DATASIZE) - MEMORY_FLASH_APP_OFFSET)
                0x000002cc                MEMORY_RAM_APP_OFFSET = DEFINED (MEMORY_RAM_APP_OFFSET)?MEMORY_RAM_APP_OFFSET:0x2cc
                0x00000800                RESET_MANAGER_SIZE = DEFINED (RESET_MANAGER_SIZE)?RESET_MANAGER_SIZE:0x800
                [0x0003f000]                MEMORY_FLASH_APP_SIZE = DEFINED (ST_OTA_HIGHER_APPLICATION)?(((((_MEMORY_FLASH_SIZE_ - RESET_MANAGER_SIZE) - FLASH_NVM_DATASIZE) / 0x2) / 0x800) * 0x800):MEMORY_FLASH_APP_SIZE
                [0x00000000]                MEMORY_FLASH_APP_OFFSET = DEFINED (ST_OTA_HIGHER_APPLICATION)?(RESET_MANAGER_SIZE + MEMORY_FLASH_APP_SIZE):MEMORY_FLASH_APP_OFFSET
                [0x0003f000]                MEMORY_FLASH_APP_SIZE = DEFINED (ST_OTA_LOWER_APPLICATION)?(((((_MEMORY_FLASH_SIZE_ - RESET_MANAGER_SIZE) - FLASH_NVM_DATASIZE) / 0x2) / 0x800) * 0x800):MEMORY_FLASH_APP_SIZE
                [0x00000000]                MEMORY_FLASH_APP_OFFSET = DEFINED (ST_OTA_LOWER_APPLICATION)?RESET_MANAGER_SIZE:MEMORY_FLASH_APP_OFFSET
                0x00011800                SERVICE_MANAGER_SIZE = 0x11800
                [0x0003f000]                MEMORY_FLASH_APP_SIZE = DEFINED (ST_USE_OTA_SERVICE_MANAGER_APPLICATION)?((_MEMORY_FLASH_SIZE_ - SERVICE_MANAGER_SIZE) - FLASH_NVM_DATASIZE):MEMORY_FLASH_APP_SIZE
                [0x00000000]                MEMORY_FLASH_APP_OFFSET = DEFINED (ST_USE_OTA_SERVICE_MANAGER_APPLICATION)?SERVICE_MANAGER_SIZE:MEMORY_FLASH_APP_OFFSET
                0x00000000                EXTERNAL_BLE_STACK_FLASH_OFFSET = DEFINED (EXTERNAL_BLE_STACK_FLASH_OFFSET)?EXTERNAL_BLE_STACK_FLASH_OFFSET:0x0
                0x100400c0                cmd_call_table = ((_MEMORY_FLASH_BEGIN_ + 0xc0) + EXTERNAL_BLE_STACK_FLASH_OFFSET)
                0x200002cc                ev_call_table = 0x200002cc
                0x00000000                _Min_Heap_Size = 0x0
                0x00000c00                _Min_Stack_Size = 0xc00

.bootloader     0x10040000        0x0
                0x10040000                . = ALIGN (0x4)
 *(.bootloader)
                0x10040000                . = ALIGN (0x4)

.intvec         0x10040000       0xc0
                0x10040000                . = ALIGN (0x4)
 *(.intvec)
 .intvec        0x10040000       0xc0 Library\CMSIS\Device\ST\BlueNRG1\Source\system_bluenrg1.o
                0x10040000                __vector_table
                0x100400c0                . = ALIGN (0x4)

.text           0x100400c0    0x173b0
                0x100400c0                . = ALIGN (0x4)
 *(.cmd_call_table)
 *(.text)
 .text          0x100400c0       0x9c Library\hal\src\context_switch.o
                0x100400c0                CS_contextSave
                0x10040112                CS_contextRestore
 .text          0x1004015c        0xe c:/program files (x86)/atollic/truestudio for stm32 9.3.0/armtools/bin/../lib/gcc/arm-atollic-eabi/6.3.1/../../../../arm-atollic-eabi/lib/armv6-m\libc_nano.a(lib_a-strlen.o)
                0x1004015c                strlen
 *fill*         0x1004016a        0x2 
 .text          0x1004016c      0x114 c:/program files (x86)/atollic/truestudio for stm32 9.3.0/armtools/bin/../lib/gcc/arm-atollic-eabi/6.3.1/armv6-m\libgcc.a(_udivsi3.o)
                0x1004016c                __aeabi_uidiv
                0x1004016c                __udivsi3
                0x10040278                __aeabi_uidivmod
 .text          0x10040280        0x4 c:/program files (x86)/atollic/truestudio for stm32 9.3.0/armtools/bin/../lib/gcc/arm-atollic-eabi/6.3.1/armv6-m\libgcc.a(_dvmd_tls.o)
                0x10040280                __aeabi_idiv0
                0x10040280                __aeabi_ldiv0
 .text          0x10040284       0x74 c:/program files (x86)/atollic/truestudio for stm32 9.3.0/armtools/bin/../lib/gcc/arm-atollic-eabi/6.3.1/armv6-m\libgcc.a(unaligned-funcs.o)
                0x10040284                __aeabi_uread4
                0x1004029c                __aeabi_uwrite4
                0x100402ac                __aeabi_uread8
                0x100402d8                __aeabi_uwrite8
 *(.text*)
 .text.PRIV_vGeneratePrivateAddress_ucfg
                0x100402f8        0x8 Bluetooth_LE\src\stack_user_cfg.o
                0x100402f8                PRIV_vGeneratePrivateAddress_ucfg
 .text.PRIV_u32ProcessAdvPacket_ucfg
                0x10040300        0x8 Bluetooth_LE\src\stack_user_cfg.o
                0x10040300                PRIV_u32ProcessAdvPacket_ucfg
 .text.PRIV_u8OfflineProcessing_ucfg
                0x10040308        0x8 Bluetooth_LE\src\stack_user_cfg.o
                0x10040308                PRIV_u8OfflineProcessing_ucfg
 .text.PRIV_vGenerate_hci_le_enhanced_connection_complete_event_ucfg
                0x10040310       0x22 Bluetooth_LE\src\stack_user_cfg.o
                0x10040310                PRIV_vGenerate_hci_le_enhanced_connection_complete_event_ucfg
 .text.PRIV_vGenerate_hci_le_direct_advertising_report_event_ucfg
                0x10040332       0x1c Bluetooth_LE\src\stack_user_cfg.o
                0x10040332                PRIV_vGenerate_hci_le_direct_advertising_report_event_ucfg
 .text.GAP_enable_controller_privacy_ucfg
                0x1004034e        0x8 Bluetooth_LE\src\stack_user_cfg.o
                0x1004034e                GAP_enable_controller_privacy_ucfg
 .text.LL_Encrypt_Plain_Data_ucfg
                0x10040356        0x8 Bluetooth_LE\src\stack_user_cfg.o
                0x10040356                LL_Encrypt_Plain_Data_ucfg
 .text.PRIV_controller_privacy_csr_ucfg
                0x1004035e        0x4 Bluetooth_LE\src\stack_user_cfg.o
                0x1004035e                PRIV_controller_privacy_csr_ucfg
 .text.GAP_DiscProcTimeoutcb_ucfg
                0x10040362        0x8 Bluetooth_LE\src\stack_user_cfg.o
                0x10040362                GAP_DiscProcTimeoutcb_ucfg
 .text.GAP_LimDiscTimeoutcb_ucfg
                0x1004036a        0x8 Bluetooth_LE\src\stack_user_cfg.o
                0x1004036a                GAP_LimDiscTimeoutcb_ucfg
 .text.cancel_connect_master_ucfg
                0x10040372        0x8 Bluetooth_LE\src\stack_user_cfg.o
                0x10040372                cancel_connect_master_ucfg
 .text.isr_event_handler_scan_data_ucfg
                0x1004037a        0x8 Bluetooth_LE\src\stack_user_cfg.o
                0x1004037a                isr_event_handler_scan_data_ucfg
 .text.Reclassify_All_Channels_ucfg
                0x10040382        0x8 Bluetooth_LE\src\stack_user_cfg.o
                0x10040382                Reclassify_All_Channels_ucfg
 .text.GAP_check_and_set_role_ucfg
                0x1004038a        0x8 Bluetooth_LE\src\stack_user_cfg.o
                0x1004038a                GAP_check_and_set_role_ucfg
 .text.GAP_discover_peer_name_ucfg
                0x10040392        0x8 Bluetooth_LE\src\stack_user_cfg.o
                0x10040392                GAP_discover_peer_name_ucfg
 .text.state_func_call_init_csr_ucfg
                0x1004039a        0x8 Bluetooth_LE\src\stack_user_cfg.o
                0x1004039a                state_func_call_init_csr_ucfg
 .text.smp_MI_Start_Encryption_ucfg
                0x100403a2        0x8 Bluetooth_LE\src\stack_user_cfg.o
                0x100403a2                smp_MI_Start_Encryption_ucfg
 .text.smp_Execute_Actions_wrt_Current_State_MI_excerpt_ucfg
                0x100403aa        0x8 Bluetooth_LE\src\stack_user_cfg.o
                0x100403aa                smp_Execute_Actions_wrt_Current_State_MI_excerpt_ucfg
 .text.smp_Process_Rx_Packet_wrt_Current_State_MI_excerpt_ucfg
                0x100403b2        0x8 Bluetooth_LE\src\stack_user_cfg.o
                0x100403b2                smp_Process_Rx_Packet_wrt_Current_State_MI_excerpt_ucfg
 .text.smp_Execute_Actions_wrt_Current_State_sc_MI_excerpt_phase2as2_ucfg
                0x100403ba        0x8 Bluetooth_LE\src\stack_user_cfg.o
                0x100403ba                smp_Execute_Actions_wrt_Current_State_sc_MI_excerpt_phase2as2_ucfg
 .text.Data_Len_Update_Offline_Processing_ucfg
                0x100403c2        0x8 Bluetooth_LE\src\stack_user_cfg.o
                0x100403c2                Data_Len_Update_Offline_Processing_ucfg
 .text.Data_Length_Update_Control_ISR_ucfg
                0x100403ca        0x8 Bluetooth_LE\src\stack_user_cfg.o
                0x100403ca                Data_Length_Update_Control_ISR_ucfg
 .text.ll_write_supported_data_ucfg
                0x100403d2        0x8 Bluetooth_LE\src\stack_user_cfg.o
                0x100403d2                ll_write_supported_data_ucfg
 .text.LL_Data_Length_Change_Event_ucfg
                0x100403da        0x8 Bluetooth_LE\src\stack_user_cfg.o
                0x100403da                LL_Data_Length_Change_Event_ucfg
 .text.LL_Send_Length_Resp_ucfg
                0x100403e2        0x8 Bluetooth_LE\src\stack_user_cfg.o
                0x100403e2                LL_Send_Length_Resp_ucfg
 .text.data_length_extension_csr_ucfg
                0x100403ea        0x4 Bluetooth_LE\src\stack_user_cfg.o
                0x100403ea                data_length_extension_csr_ucfg
 .text.PKA_Offline_Processing_ucfg
                0x100403ee        0x8 Bluetooth_LE\src\stack_user_cfg.o
                0x100403ee                PKA_Offline_Processing_ucfg
 .text.smp_sc_init_ucfg
                0x100403f6        0x8 Bluetooth_LE\src\stack_user_cfg.o
                0x100403f6                smp_sc_init_ucfg
 .text.smp_sc_continue_on_exclusive_sc_pairing_ucfg
                0x100403fe        0x8 Bluetooth_LE\src\stack_user_cfg.o
                0x100403fe                smp_sc_continue_on_exclusive_sc_pairing_ucfg
 .text.smp_sc_check_for_ecc_pk_generation_request_ucfg
                0x10040406        0x8 Bluetooth_LE\src\stack_user_cfg.o
                0x10040406                smp_sc_check_for_ecc_pk_generation_request_ucfg
 .text.smp_sc_update_statistics_on_pairing_complete_ucfg
                0x1004040e        0x8 Bluetooth_LE\src\stack_user_cfg.o
                0x1004040e                smp_sc_update_statistics_on_pairing_complete_ucfg
 .text.secure_connections_csr_ucfg
                0x10040416        0x4 Bluetooth_LE\src\stack_user_cfg.o
                0x10040416                secure_connections_csr_ucfg
 .text.smp_sc_hci_le_read_local_p256_public_key_complete_evt_hndl_ucfg
                0x1004041a        0x8 Bluetooth_LE\src\stack_user_cfg.o
                0x1004041a                smp_sc_hci_le_read_local_p256_public_key_complete_evt_hndl_ucfg
 .text.smp_sc_hci_le_generate_dhkey_complete_evt_hndl_ucfg
                0x10040422        0x8 Bluetooth_LE\src\stack_user_cfg.o
                0x10040422                smp_sc_hci_le_generate_dhkey_complete_evt_hndl_ucfg
 .text.smp_sc_MI_PairingResponse_Receive_sc_excerpt_ucfg
                0x1004042a        0x8 Bluetooth_LE\src\stack_user_cfg.o
                0x1004042a                smp_sc_MI_PairingResponse_Receive_sc_excerpt_ucfg
 .text.smp_sc_MI_Pairing_Phase_2AS1_Start_sc_excerpt_ucfg
                0x10040432        0x8 Bluetooth_LE\src\stack_user_cfg.o
                0x10040432                smp_sc_MI_Pairing_Phase_2AS1_Start_sc_excerpt_ucfg
 .text.smp_sc_SR_Pairing_Phase_2AS1_Start_sc_excerpt_ucfg
                0x1004043a        0x8 Bluetooth_LE\src\stack_user_cfg.o
                0x1004043a                smp_sc_SR_Pairing_Phase_2AS1_Start_sc_excerpt_ucfg
 .text.smp_sc_MI_PairingConfirm_Send_sc_excerpt_ucfg
                0x10040442        0x8 Bluetooth_LE\src\stack_user_cfg.o
                0x10040442                smp_sc_MI_PairingConfirm_Send_sc_excerpt_ucfg
 .text.smp_sc_MI_PairingRandom_Receive_sc_excerpt1_ucfg
                0x1004044a        0x8 Bluetooth_LE\src\stack_user_cfg.o
                0x1004044a                smp_sc_MI_PairingRandom_Receive_sc_excerpt1_ucfg
 .text.smp_sc_MI_PairingRandom_Receive_sc_excerpt2_ucfg
                0x10040452        0x8 Bluetooth_LE\src\stack_user_cfg.o
                0x10040452                smp_sc_MI_PairingRandom_Receive_sc_excerpt2_ucfg
 .text.smp_sc_SR_PairingConfirm_Receive_sc_excerpt_ucfg
                0x1004045a        0x8 Bluetooth_LE\src\stack_user_cfg.o
                0x1004045a                smp_sc_SR_PairingConfirm_Receive_sc_excerpt_ucfg
 .text.smp_sc_SR_PairingRandom_Receive_sc_excerpt_ucfg
                0x10040462        0x8 Bluetooth_LE\src\stack_user_cfg.o
                0x10040462                smp_sc_SR_PairingRandom_Receive_sc_excerpt_ucfg
 .text.smp_Execute_Actions_wrt_Current_State_sc_excerpt_phase_1_to_2_ucfg
                0x1004046a        0x8 Bluetooth_LE\src\stack_user_cfg.o
                0x1004046a                smp_Execute_Actions_wrt_Current_State_sc_excerpt_phase_1_to_2_ucfg
 .text.smp_Execute_Actions_wrt_Current_State_sc_excerpt_phase2as2_ucfg
                0x10040472        0x8 Bluetooth_LE\src\stack_user_cfg.o
                0x10040472                smp_Execute_Actions_wrt_Current_State_sc_excerpt_phase2as2_ucfg
 .text.smp_Process_Rx_Packet_wrt_Current_State_sc_excerpt_ucfg
                0x1004047a        0x8 Bluetooth_LE\src\stack_user_cfg.o
                0x1004047a                smp_Process_Rx_Packet_wrt_Current_State_sc_excerpt_ucfg
 .text.smp_Process_Rx_Packet_Exception_Cases_sc_excerpt_ucfg
                0x10040482        0x8 Bluetooth_LE\src\stack_user_cfg.o
                0x10040482                smp_Process_Rx_Packet_Exception_Cases_sc_excerpt_ucfg
 *fill*         0x1004048a        0x2 
 .text.DMA_Init
                0x1004048c      0x180 Library\BlueNRG1_Periph_Driver\src\BlueNRG1_dma.o
                0x1004048c                DMA_Init
 .text.DMA_StructInit
                0x1004060c       0x1a Library\BlueNRG1_Periph_Driver\src\BlueNRG1_dma.o
                0x1004060c                DMA_StructInit
 *fill*         0x10040626        0x2 
 .text.DMA_Cmd  0x10040628       0x8c Library\BlueNRG1_Periph_Driver\src\BlueNRG1_dma.o
                0x10040628                DMA_Cmd
 .text.DMA_FlagConfig
                0x100406b4       0x9c Library\BlueNRG1_Periph_Driver\src\BlueNRG1_dma.o
                0x100406b4                DMA_FlagConfig
 .text.DMA_GetFlagStatus
                0x10040750       0x28 Library\BlueNRG1_Periph_Driver\src\BlueNRG1_dma.o
                0x10040750                DMA_GetFlagStatus
 .text.DMA_ClearFlag
                0x10040778       0x20 Library\BlueNRG1_Periph_Driver\src\BlueNRG1_dma.o
                0x10040778                DMA_ClearFlag
 .text.FLASH_WaitCmdDone
                0x10040798       0x10 Library\BlueNRG1_Periph_Driver\src\BlueNRG1_flash.o
                0x10040798                FLASH_WaitCmdDone
 .text.FLASH_ErasePage
                0x100407a8       0x44 Library\BlueNRG1_Periph_Driver\src\BlueNRG1_flash.o
                0x100407a8                FLASH_ErasePage
 .text.FLASH_ProgramWord
                0x100407ec       0x54 Library\BlueNRG1_Periph_Driver\src\BlueNRG1_flash.o
                0x100407ec                FLASH_ProgramWord
 .text.GPIO_Init
                0x10040840      0x184 Library\BlueNRG1_Periph_Driver\src\BlueNRG1_gpio.o
                0x10040840                GPIO_Init
 .text.GPIO_SetBits
                0x100409c4       0x20 Library\BlueNRG1_Periph_Driver\src\BlueNRG1_gpio.o
                0x100409c4                GPIO_SetBits
 .text.GPIO_ResetBits
                0x100409e4       0x20 Library\BlueNRG1_Periph_Driver\src\BlueNRG1_gpio.o
                0x100409e4                GPIO_ResetBits
 .text.rev_memcmp
                0x10040a04       0x14 Library\BlueNRG1_Periph_Driver\src\BlueNRG1_pka.o
 .text.PKA_Reset
                0x10040a18       0x16 Library\BlueNRG1_Periph_Driver\src\BlueNRG1_pka.o
                0x10040a18                PKA_Reset
 .text.PKA_StartProcessing
                0x10040a2e       0x16 Library\BlueNRG1_Periph_Driver\src\BlueNRG1_pka.o
                0x10040a2e                PKA_StartProcessing
 .text.PKA_GetProcessStatus
                0x10040a44        0xc Library\BlueNRG1_Periph_Driver\src\BlueNRG1_pka.o
                0x10040a44                PKA_GetProcessStatus
 .text.PKA_VerifyProcess
                0x10040a50       0x24 Library\BlueNRG1_Periph_Driver\src\BlueNRG1_pka.o
                0x10040a50                PKA_VerifyProcess
 .text.PKA_SetData
                0x10040a74      0x100 Library\BlueNRG1_Periph_Driver\src\BlueNRG1_pka.o
                0x10040a74                PKA_SetData
 .text.PKA_GetData
                0x10040b74       0x58 Library\BlueNRG1_Periph_Driver\src\BlueNRG1_pka.o
                0x10040b74                PKA_GetData
 .text.SysCtrl_PeripheralClockCmd
                0x10040bcc       0x48 Library\BlueNRG1_Periph_Driver\src\BlueNRG1_sysCtrl.o
                0x10040bcc                SysCtrl_PeripheralClockCmd
 .text.SysCtrl_GetWakeupResetReason
                0x10040c14       0xc4 Library\BlueNRG1_Periph_Driver\src\BlueNRG1_sysCtrl.o
                0x10040c14                SysCtrl_GetWakeupResetReason
 .text.UART_Cmd
                0x10040cd8       0x34 Library\BlueNRG1_Periph_Driver\src\BlueNRG1_uart.o
                0x10040cd8                UART_Cmd
 .text.UART_Init
                0x10040d0c      0x218 Library\BlueNRG1_Periph_Driver\src\BlueNRG1_uart.o
                0x10040d0c                UART_Init
 .text.UART_StructInit
                0x10040f24       0x1a Library\BlueNRG1_Periph_Driver\src\BlueNRG1_uart.o
                0x10040f24                UART_StructInit
 *fill*         0x10040f3e        0x2 
 .text.UART_ITConfig
                0x10040f40       0x48 Library\BlueNRG1_Periph_Driver\src\BlueNRG1_uart.o
                0x10040f40                UART_ITConfig
 .text.UART_SendData
                0x10040f88       0x2c Library\BlueNRG1_Periph_Driver\src\BlueNRG1_uart.o
                0x10040f88                UART_SendData
 .text.UART_ReceiveData
                0x10040fb4       0x10 Library\BlueNRG1_Periph_Driver\src\BlueNRG1_uart.o
                0x10040fb4                UART_ReceiveData
 .text.UART_GetFlagStatus
                0x10040fc4       0x7c Library\BlueNRG1_Periph_Driver\src\BlueNRG1_uart.o
                0x10040fc4                UART_GetFlagStatus
 .text.UART_GetITStatus
                0x10041040       0x34 Library\BlueNRG1_Periph_Driver\src\BlueNRG1_uart.o
                0x10041040                UART_GetITStatus
 .text.UART_ClearITPendingBit
                0x10041074       0x2c Library\BlueNRG1_Periph_Driver\src\BlueNRG1_uart.o
                0x10041074                UART_ClearITPendingBit
 .text.UART_TxFifoIrqLevelConfig
                0x100410a0       0x30 Library\BlueNRG1_Periph_Driver\src\BlueNRG1_uart.o
                0x100410a0                UART_TxFifoIrqLevelConfig
 .text.UART_RxFifoIrqLevelConfig
                0x100410d0       0x34 Library\BlueNRG1_Periph_Driver\src\BlueNRG1_uart.o
                0x100410d0                UART_RxFifoIrqLevelConfig
 .text.UART_DMACmd
                0x10041104       0x50 Library\BlueNRG1_Periph_Driver\src\BlueNRG1_uart.o
                0x10041104                UART_DMACmd
 .text.NVIC_Init
                0x10041154       0xb8 Library\BlueNRG1_Periph_Driver\src\misc.o
                0x10041154                NVIC_Init
 .text.SystemSleepCmd
                0x1004120c       0x34 Library\BlueNRG1_Periph_Driver\src\misc.o
                0x1004120c                SystemSleepCmd
 .text.PendSV_Handler
                0x10041240        0x2 Library\CMSIS\Device\ST\BlueNRG1\Source\system_bluenrg1.o
                0x10041240                PendSV_Handler
 .text.GPIO_Handler
                0x10041242        0x2 Library\CMSIS\Device\ST\BlueNRG1\Source\system_bluenrg1.o
                0x10041242                GPIO_Handler
 .text.NVM_Handler
                0x10041244        0x2 Library\CMSIS\Device\ST\BlueNRG1\Source\system_bluenrg1.o
                0x10041244                NVM_Handler
 .text.SPI_Handler
                0x10041246        0x2 Library\CMSIS\Device\ST\BlueNRG1\Source\system_bluenrg1.o
                0x10041246                SPI_Handler
 .text.MFT1A_Handler
                0x10041248        0x2 Library\CMSIS\Device\ST\BlueNRG1\Source\system_bluenrg1.o
                0x10041248                MFT1A_Handler
 .text.MFT1B_Handler
                0x1004124a        0x2 Library\CMSIS\Device\ST\BlueNRG1\Source\system_bluenrg1.o
                0x1004124a                MFT1B_Handler
 .text.MFT2A_Handler
                0x1004124c        0x2 Library\CMSIS\Device\ST\BlueNRG1\Source\system_bluenrg1.o
                0x1004124c                MFT2A_Handler
 .text.MFT2B_Handler
                0x1004124e        0x2 Library\CMSIS\Device\ST\BlueNRG1\Source\system_bluenrg1.o
                0x1004124e                MFT2B_Handler
 .text.RTC_Handler
                0x10041250        0x2 Library\CMSIS\Device\ST\BlueNRG1\Source\system_bluenrg1.o
                0x10041250                RTC_Handler
 .text.WDG_Handler
                0x10041252        0x2 Library\CMSIS\Device\ST\BlueNRG1\Source\system_bluenrg1.o
                0x10041252                WDG_Handler
 .text.ADC_Handler
                0x10041254        0x2 Library\CMSIS\Device\ST\BlueNRG1\Source\system_bluenrg1.o
                0x10041254                ADC_Handler
 .text.I2C2_Handler
                0x10041256        0x2 Library\CMSIS\Device\ST\BlueNRG1\Source\system_bluenrg1.o
                0x10041256                I2C2_Handler
 .text.I2C1_Handler
                0x10041258        0x2 Library\CMSIS\Device\ST\BlueNRG1\Source\system_bluenrg1.o
                0x10041258                I2C1_Handler
 .text.PKA_Handler
                0x1004125a        0x2 Library\CMSIS\Device\ST\BlueNRG1\Source\system_bluenrg1.o
                0x1004125a                PKA_Handler
 .text.Wait_LS_Stabilization
                0x1004125c       0x90 Library\CMSIS\Device\ST\BlueNRG1\Source\system_bluenrg1.o
                0x1004125c                Wait_LS_Stabilization
 .text.Set_RF_FrontEnd
                0x100412ec       0x58 Library\CMSIS\Device\ST\BlueNRG1\Source\system_bluenrg1.o
                0x100412ec                Set_RF_FrontEnd
 .text.BOR_ConfigSave
                0x10041344       0x50 Library\CMSIS\Device\ST\BlueNRG1\Source\system_bluenrg1.o
                0x10041344                BOR_ConfigSave
 .text.SET_BORconfigStatus
                0x10041394       0x54 Library\CMSIS\Device\ST\BlueNRG1\Source\system_bluenrg1.o
                0x10041394                SET_BORconfigStatus
 .text.nextRF_transaction
                0x100413e8       0x6c Library\CMSIS\Device\ST\BlueNRG1\Source\system_bluenrg1.o
 .text.__low_level_init
                0x10041454       0x64 Library\CMSIS\Device\ST\BlueNRG1\Source\system_bluenrg1.o
                0x10041454                __low_level_init
 .text.RESET_HANDLER
                0x100414b8       0x8c Library\CMSIS\Device\ST\BlueNRG1\Source\system_bluenrg1.o
                0x100414b8                RESET_HANDLER
 .text.DeviceConfiguration
                0x10041544      0x184 Library\CMSIS\Device\ST\BlueNRG1\Source\system_bluenrg1.o
                0x10041544                DeviceConfiguration
 .text.SystemInit
                0x100416c8      0x138 Library\CMSIS\Device\ST\BlueNRG1\Source\system_bluenrg1.o
                0x100416c8                SystemInit
 .text.HAL_GetPartInfo
                0x10041800       0x50 Library\hal\src\miscutil.o
                0x10041800                HAL_GetPartInfo
 .text.BLEPLAT_get_part_info
                0x10041850       0x22 Library\hal\src\miscutil.o
                0x10041850                BLEPLAT_get_part_info
 .text.Osal_MemCpy
                0x10041872        0x8 Library\hal\src\osal.o
                0x10041872                Osal_MemCpy
 .text.Osal_MemSet
                0x1004187a        0x8 Library\hal\src\osal.o
                0x1004187a                Osal_MemSet
 .text.Osal_MemCmp
                0x10041882        0x8 Library\hal\src\osal.o
                0x10041882                Osal_MemCmp
 *fill*         0x1004188a        0x2 
 .text.frequency_switch
                0x1004188c       0x60 Library\hal\src\sleep.o
 .text.BlueNRG_InternalSleep
                0x100418ec      0x8c0 Library\hal\src\sleep.o
 .text.BlueNRG_Sleep
                0x100421ac       0x90 Library\hal\src\sleep.o
                0x100421ac                BlueNRG_Sleep
 .text.LED_Init
                0x1004223c       0x20 MCAL\src\HAL_GPIO.o
                0x1004223c                LED_Init
 .text.LED_On   0x1004225c        0xa MCAL\src\HAL_GPIO.o
                0x1004225c                LED_On
 .text.LED_Off  0x10042266        0xa MCAL\src\HAL_GPIO.o
                0x10042266                LED_Off
 .text.WAKEUP_Init
                0x10042270       0x20 MCAL\src\HAL_GPIO.o
                0x10042270                WAKEUP_Init
 .text.WAKEUP_Pulse
                0x10042290       0x16 MCAL\src\HAL_GPIO.o
                0x10042290                WAKEUP_Pulse
 *fill*         0x100422a6        0x2 
 .text.SystickInit
                0x100422a8       0x2c MCAL\src\HAL_SYS.o
                0x100422a8                SystickInit
 .text.HAL_IncTick
                0x100422d4       0x10 MCAL\src\HAL_SYS.o
                0x100422d4                HAL_IncTick
 .text.HAL_GetTick
                0x100422e4        0xc MCAL\src\HAL_SYS.o
                0x100422e4                HAL_GetTick
 .text.HAL_Delay
                0x100422f0       0x18 MCAL\src\HAL_SYS.o
                0x100422f0                HAL_Delay
 .text.uartGpio_Init
                0x10042308       0x2a MCAL\src\HAL_UART.o
 .text.uartIrq_Init
                0x10042332       0x1a MCAL\src\HAL_UART.o
 .text.uartDma_Init
                0x1004234c       0x74 MCAL\src\HAL_UART.o
 .text.HAL_UART_INIT
                0x100423c0       0xa4 MCAL\src\HAL_UART.o
                0x100423c0                HAL_UART_INIT
 .text.HAL_UART_SEND
                0x10042464       0x50 MCAL\src\HAL_UART.o
                0x10042464                HAL_UART_SEND
 .text.HAL_UART_RECEIVE_IT
                0x100424b4       0x26 MCAL\src\HAL_UART.o
                0x100424b4                HAL_UART_RECEIVE_IT
 *fill*         0x100424da        0x2 
 .text.HAL_UART_RECEIVE_DMA
                0x100424dc       0x30 MCAL\src\HAL_UART.o
                0x100424dc                HAL_UART_RECEIVE_DMA
 .text.uart_RECEIVE_IT
                0x1004250c       0x46 MCAL\src\HAL_UART.o
 .text.uart_RECEIVE_DMA
                0x10042552       0x14 MCAL\src\HAL_UART.o
 .text.HAL_uart_TxCallback
                0x10042566        0x2 MCAL\src\HAL_UART.o
                0x10042566                HAL_uart_TxCallback
 .text.uart_SEND_IT
                0x10042568       0x4a MCAL\src\HAL_UART.o
 *fill*         0x100425b2        0x2 
 .text.uart_SEND_DMA
                0x100425b4       0x2c MCAL\src\HAL_UART.o
 .text.HAL_UART_IRQ
                0x100425e0       0x8c MCAL\src\HAL_UART.o
                0x100425e0                HAL_UART_IRQ
 .text.checksum_calculate
                0x1004266c       0x22 ble-sdk\src\ble_packet.o
 .text.BLE_SendPkt
                0x1004268e       0x42 ble-sdk\src\ble_packet.o
                0x1004268e                BLE_SendPkt
 .text.BLE_GetPkt
                0x100426d0       0xc6 ble-sdk\src\ble_packet.o
                0x100426d0                BLE_GetPkt
 .text.BLE_NotifyConnection
                0x10042796       0x30 ble-sdk\src\ble_service_vim.o
                0x10042796                BLE_NotifyConnection
 .text.BLE_NotifyAuthentication
                0x100427c6       0x32 ble-sdk\src\ble_service_vim.o
                0x100427c6                BLE_NotifyAuthentication
 .text.BLE_NotifyRideResume
                0x100427f8       0x30 ble-sdk\src\ble_service_vim.o
                0x100427f8                BLE_NotifyRideResume
 .text.BLE_NotifyLockRequest
                0x10042828       0x30 ble-sdk\src\ble_service_vim.o
                0x10042828                BLE_NotifyLockRequest
 .text.BLE_NotifyPauseRequest
                0x10042858       0x30 ble-sdk\src\ble_service_vim.o
                0x10042858                BLE_NotifyPauseRequest
 .text.BLE_DeactivateAlarm
                0x10042888       0x30 ble-sdk\src\ble_service_vim.o
                0x10042888                BLE_DeactivateAlarm
 .text.BLE_BmsFwUpdateNotify
                0x100428b8       0x30 ble-sdk\src\ble_service_vim.o
                0x100428b8                BLE_BmsFwUpdateNotify
 .text.BLE_DataProcess
                0x100428e8       0x6c ble-sdk\src\ble_service_vim.o
                0x100428e8                BLE_DataProcess
 .text.GetData  0x10042954       0x3c ble-sdk\src\com.o
 .text.BleQueueStoreFromISR
                0x10042990       0x28 ble-sdk\src\com.o
                0x10042990                BleQueueStoreFromISR
 .text.COM_Init
                0x100429b8       0x40 ble-sdk\src\com.o
                0x100429b8                COM_Init
 .text.COM_ReceiveNonBlocking
                0x100429f8        0x8 ble-sdk\src\com.o
                0x100429f8                COM_ReceiveNonBlocking
 .text.COM_SendBlocking
                0x10042a00       0x1a ble-sdk\src\com.o
                0x10042a00                COM_SendBlocking
 *fill*         0x10042a1a        0x2 
 .text.COM_IsDataAvailable
                0x10042a1c        0xc ble-sdk\src\com.o
                0x10042a1c                COM_IsDataAvailable
 .text.COM_FlushBuffer
                0x10042a28       0x10 ble-sdk\src\com.o
                0x10042a28                COM_FlushBuffer
 .text.NVIC_SystemReset
                0x10042a38       0x18 src\BlueNRG1_it.o
 .text.NMI_Handler
                0x10042a50        0x6 src\BlueNRG1_it.o
                0x10042a50                NMI_Handler
 .text.HardFault_Handler
                0x10042a56        0x6 src\BlueNRG1_it.o
                0x10042a56                HardFault_Handler
 .text.SVC_Handler
                0x10042a5c        0x6 src\BlueNRG1_it.o
                0x10042a5c                SVC_Handler
 .text.SysTick_Handler
                0x10042a62        0x8 src\BlueNRG1_it.o
                0x10042a62                SysTick_Handler
 .text.Blue_Handler
                0x10042a6a        0x8 src\BlueNRG1_it.o
                0x10042a6a                Blue_Handler
 *fill*         0x10042a72        0x2 
 .text.UART_Handler
                0x10042a74       0x10 src\BlueNRG1_it.o
                0x10042a74                UART_Handler
 .text.DMA_Handler
                0x10042a84       0x10 src\BlueNRG1_it.o
                0x10042a84                DMA_Handler
 .text.NotifyKeylessUnlock
                0x10042a94        0xa src\app_vim.o
                0x10042a94                NotifyKeylessUnlock
 *fill*         0x10042a9e        0x2 
 .text.App_Init
                0x10042aa0       0x64 src\app_vim.o
                0x10042aa0                App_Init
 .text.App_Process
                0x10042b04      0x1c4 src\app_vim.o
                0x10042b04                App_Process
 .text.hci_le_connection_complete_event
                0x10042cc8       0x18 src\app_vim.o
                0x10042cc8                hci_le_connection_complete_event
 .text.hci_disconnection_complete_event
                0x10042ce0       0x18 src\app_vim.o
                0x10042ce0                hci_disconnection_complete_event
 .text.aci_gatt_attribute_modified_event
                0x10042cf8       0xe0 src\app_vim.o
                0x10042cf8                aci_gatt_attribute_modified_event
 .text.BLE_AuthTokenReceivedCallback
                0x10042dd8       0x20 src\app_vim.o
                0x10042dd8                BLE_AuthTokenReceivedCallback
 .text.BLE_LockReqCallback
                0x10042df8       0x4c src\app_vim.o
                0x10042df8                BLE_LockReqCallback
 .text.BLE_DataReceivedCallback
                0x10042e44       0x40 src\app_vim.o
                0x10042e44                BLE_DataReceivedCallback
 .text.BLE_UnlockCallback
                0x10042e84       0x14 src\app_vim.o
                0x10042e84                BLE_UnlockCallback
 .text.BLE_RidePausedCallback
                0x10042e98        0xc src\app_vim.o
                0x10042e98                BLE_RidePausedCallback
 .text.AddService
                0x10042ea4      0x100 src\gatt_db_vim.o
 .text.Device_Init
                0x10042fa4       0x98 src\gatt_db_vim.o
                0x10042fa4                Device_Init
 .text.SetConnectable
                0x1004303c       0x52 src\gatt_db_vim.o
                0x1004303c                SetConnectable
 *fill*         0x1004308e        0x2 
 .text.main     0x10043090       0x50 src\main.o
                0x10043090                main
 .text.App_SleepMode_Check
                0x100430e0        0x4 src\main.o
                0x100430e0                App_SleepMode_Check
 .text.assert_failed
                0x100430e4        0x2 src\main.o
                0x100430e4                assert_failed
 .text.HAL_uart_RxCallback
                0x100430e6       0x20 src\uart_interface.o
                0x100430e6                HAL_uart_RxCallback
 .text.HAL_uart_ErrorCallback
                0x10043106        0x2 src\uart_interface.o
                0x10043106                HAL_uart_ErrorCallback
 .text.UART_Initialize
                0x10043108       0x1c src\uart_interface.o
                0x10043108                UART_Initialize
 .text.UART_Send
                0x10043124       0x18 src\uart_interface.o
                0x10043124                UART_Send
 .text.UART_StartReceiveNonBlocking
                0x1004313c       0x3c src\uart_interface.o
                0x1004313c                UART_StartReceiveNonBlocking
 .text.Timer_Set
                0x10043178       0x10 utils\src\gp_timer.o
                0x10043178                Timer_Set
 .text.Timer_Restart
                0x10043188        0xe utils\src\gp_timer.o
                0x10043188                Timer_Restart
 .text.Timer_Expired
                0x10043196       0x1e utils\src\gp_timer.o
                0x10043196                Timer_Expired
 .text.create_queue
                0x100431b4       0x54 utils\src\packet_queue.o
                0x100431b4                create_queue
 .text.isFull   0x10043208        0xc utils\src\packet_queue.o
                0x10043208                isFull
 .text.isEmpty  0x10043214        0x8 utils\src\packet_queue.o
                0x10043214                isEmpty
 .text.enqueue  0x1004321c       0x94 utils\src\packet_queue.o
                0x1004321c                enqueue
 .text.dequeue  0x100432b0       0x94 utils\src\packet_queue.o
                0x100432b0                dequeue
 .text.flush    0x10043344       0x12 utils\src\packet_queue.o
                0x10043344                flush
 .text.__aeabi_memclr
                0x10043356        0xa c:/program files (x86)/atollic/truestudio for stm32 9.3.0/armtools/bin/../lib/gcc/arm-atollic-eabi/6.3.1/../../../../arm-atollic-eabi/lib/armv6-m\libc_nano.a(lib_a-aeabi_memclr.o)
                0x10043356                __aeabi_memclr
                0x10043356                __aeabi_memclr4
                0x10043356                __aeabi_memclr8
 .text.__aeabi_memcpy
                0x10043360        0x8 c:/program files (x86)/atollic/truestudio for stm32 9.3.0/armtools/bin/../lib/gcc/arm-atollic-eabi/6.3.1/../../../../arm-atollic-eabi/lib/armv6-m\libc_nano.a(lib_a-aeabi_memcpy.o)
                0x10043360                __aeabi_memcpy4
                0x10043360                __aeabi_memcpy8
                0x10043360                __aeabi_memcpy
 .text.__aeabi_memmove
                0x10043368        0x8 c:/program files (x86)/atollic/truestudio for stm32 9.3.0/armtools/bin/../lib/gcc/arm-atollic-eabi/6.3.1/../../../../arm-atollic-eabi/lib/armv6-m\libc_nano.a(lib_a-aeabi_memmove.o)
                0x10043368                __aeabi_memmove
                0x10043368                __aeabi_memmove4
                0x10043368                __aeabi_memmove8
 .text.__aeabi_memset
                0x10043370        0xe c:/program files (x86)/atollic/truestudio for stm32 9.3.0/armtools/bin/../lib/gcc/arm-atollic-eabi/6.3.1/../../../../arm-atollic-eabi/lib/armv6-m\libc_nano.a(lib_a-aeabi_memset.o)
                0x10043370                __aeabi_memset8
                0x10043370                __aeabi_memset4
                0x10043370                __aeabi_memset
 .text.memcmp   0x1004337e       0x1e c:/program files (x86)/atollic/truestudio for stm32 9.3.0/armtools/bin/../lib/gcc/arm-atollic-eabi/6.3.1/../../../../arm-atollic-eabi/lib/armv6-m\libc_nano.a(lib_a-memcmp.o)
                0x1004337e                memcmp
 .text.memcpy   0x1004339c       0x12 c:/program files (x86)/atollic/truestudio for stm32 9.3.0/armtools/bin/../lib/gcc/arm-atollic-eabi/6.3.1/../../../../arm-atollic-eabi/lib/armv6-m\libc_nano.a(lib_a-memcpy-stub.o)
                0x1004339c                memcpy
 .text.memmove  0x100433ae       0x24 c:/program files (x86)/atollic/truestudio for stm32 9.3.0/armtools/bin/../lib/gcc/arm-atollic-eabi/6.3.1/../../../../arm-atollic-eabi/lib/armv6-m\libc_nano.a(lib_a-memmove.o)
                0x100433ae                memmove
 .text.memset   0x100433d2       0x10 c:/program files (x86)/atollic/truestudio for stm32 9.3.0/armtools/bin/../lib/gcc/arm-atollic-eabi/6.3.1/../../../../arm-atollic-eabi/lib/armv6-m\libc_nano.a(lib_a-memset.o)
                0x100433d2                memset
 *(i.*)
 *fill*         0x100433e2        0x2 
 i._aci_gap_set_discoverable_param_check
                0x100433e4       0x5c ../Bluetooth_LE/library\libbluenrg1_stack.a(bluenrg_gap_aci.o)
 i.aci_gap_init
                0x10043440       0x30 ../Bluetooth_LE/library\libbluenrg1_stack.a(bluenrg_gap_aci.o)
                0x10043440                aci_gap_init
 i.aci_gap_set_discoverable
                0x10043470       0x42 ../Bluetooth_LE/library\libbluenrg1_stack.a(bluenrg_gap_aci.o)
                0x10043470                aci_gap_set_discoverable
 i._load_uuid   0x100434b2       0x26 ../Bluetooth_LE/library\libbluenrg1_stack.a(bluenrg_gatt_aci.o)
 i.aci_gatt_add_char
                0x100434d8       0x3e ../Bluetooth_LE/library\libbluenrg1_stack.a(bluenrg_gatt_aci.o)
                0x100434d8                aci_gatt_add_char
 i.aci_gatt_add_service
                0x10043516       0x36 ../Bluetooth_LE/library\libbluenrg1_stack.a(bluenrg_gatt_aci.o)
                0x10043516                aci_gatt_add_service
 i.aci_gatt_init
                0x1004354c        0x8 ../Bluetooth_LE/library\libbluenrg1_stack.a(bluenrg_gatt_aci.o)
                0x1004354c                aci_gatt_init
 i.aci_gatt_update_char_value_ext
                0x10043554       0x22 ../Bluetooth_LE/library\libbluenrg1_stack.a(bluenrg_gatt_aci.o)
                0x10043554                aci_gatt_update_char_value_ext
 i.aci_hal_set_tx_power_level
                0x10043576        0x8 ../Bluetooth_LE/library\libbluenrg1_stack.a(bluenrg_hal_aci.o)
                0x10043576                aci_hal_set_tx_power_level
 i.aci_hal_write_config_data
                0x1004357e        0x8 ../Bluetooth_LE/library\libbluenrg1_stack.a(bluenrg_hal_aci.o)
                0x1004357e                aci_hal_write_config_data
 *fill*         0x10043586        0x2 
 i.BTLE_StackTick
                0x10043588       0x88 ../Bluetooth_LE/library\libbluenrg1_stack.a(bluenrg_main_func.o)
                0x10043588                BTLE_StackTick
 i.BlueNRG_Stack_Initialization
                0x10043610       0x44 ../Bluetooth_LE/library\libbluenrg1_stack.a(bluenrg_main_func.o)
                0x10043610                BlueNRG_Stack_Initialization
 i.BlueNRG_Stack_Initialize_ConfigData
                0x10043654       0x64 ../Bluetooth_LE/library\libbluenrg1_stack.a(bluenrg_main_func.o)
 i.BlueNRG_Stack_Initialize_Layers
                0x100436b8       0x84 ../Bluetooth_LE/library\libbluenrg1_stack.a(bluenrg_main_func.o)
 i.BlueNRG_Stack_Initialize_RAM_check
                0x1004373c       0x80 ../Bluetooth_LE/library\libbluenrg1_stack.a(bluenrg_main_func.o)
 i.BlueNRG_Stack_Perform_Crystal_Check
                0x100437bc       0xc4 ../Bluetooth_LE/library\libbluenrg1_stack.a(bluenrg_main_func.o)
 i.BlueNRG_Start_Crystal_Measurement
                0x10043880       0x1c ../Bluetooth_LE/library\libbluenrg1_stack.a(bluenrg_main_func.o)
 i._BlueNRG_Stack_Initialization
                0x1004389c       0xe8 ../Bluetooth_LE/library\libbluenrg1_stack.a(bluenrg_main_func.o)
                0x1004389c                _BlueNRG_Stack_Initialization
 i.GAP_Connection_Complete_Handler
                0x10043984       0x68 ../Bluetooth_LE/library\libbluenrg1_stack.a(gap.o)
                0x10043984                GAP_Connection_Complete_Handler
 i.GAP_DiscProcTimeoutcb
                0x100439ec       0x48 ../Bluetooth_LE/library\libbluenrg1_stack.a(gap.o)
                0x100439ec                GAP_DiscProcTimeoutcb
 i.GAP_Init     0x10043a34      0x1fc ../Bluetooth_LE/library\libbluenrg1_stack.a(gap.o)
                0x10043a34                GAP_Init
 i.GAP_Init_Context
                0x10043c30       0x14 ../Bluetooth_LE/library\libbluenrg1_stack.a(gap.o)
                0x10043c30                GAP_Init_Context
 i.GAP_Internal_Evt_Handler
                0x10043c44       0x3c ../Bluetooth_LE/library\libbluenrg1_stack.a(gap.o)
                0x10043c44                GAP_Internal_Evt_Handler
 i.GAP_LL_Event_Handler_ISR
                0x10043c80       0x68 ../Bluetooth_LE/library\libbluenrg1_stack.a(gap.o)
                0x10043c80                GAP_LL_Event_Handler_ISR
 i.GAP_LimDiscTimeoutcb
                0x10043ce8       0x2c ../Bluetooth_LE/library\libbluenrg1_stack.a(gap.o)
                0x10043ce8                GAP_LimDiscTimeoutcb
 i.GAP_Process_Q
                0x10043d14       0x40 ../Bluetooth_LE/library\libbluenrg1_stack.a(gap.o)
                0x10043d14                GAP_Process_Q
 i.GAP_Set_Discoverable_Mode
                0x10043d54       0x38 ../Bluetooth_LE/library\libbluenrg1_stack.a(gap.o)
                0x10043d54                GAP_Set_Discoverable_Mode
 i.GAP_Started_Gatt_Proc
                0x10043d8c       0x2c ../Bluetooth_LE/library\libbluenrg1_stack.a(gap.o)
                0x10043d8c                GAP_Started_Gatt_Proc
 i.GAP_check_and_set_role
                0x10043db8        0xe ../Bluetooth_LE/library\libbluenrg1_stack.a(gap.o)
                0x10043db8                GAP_check_and_set_role
 *fill*         0x10043dc6        0x2 
 i.GAP_discover_peer_name
                0x10043dc8       0x44 ../Bluetooth_LE/library\libbluenrg1_stack.a(gap.o)
                0x10043dc8                GAP_discover_peer_name
 i.GAP_enable_controller_privacy
                0x10043e0c       0x44 ../Bluetooth_LE/library\libbluenrg1_stack.a(gap.o)
                0x10043e0c                GAP_enable_controller_privacy
 i._GAP_Parse_Advertising_Report
                0x10043e50       0x64 ../Bluetooth_LE/library\libbluenrg1_stack.a(gap.o)
 i._gap_set_discoverable_connectable
                0x10043eb4      0x174 ../Bluetooth_LE/library\libbluenrg1_stack.a(gap.o)
                0x10043eb4                _gap_set_discoverable_connectable
 i.aci_gap_limited_discoverable_event_push
                0x10044028       0x50 ../Bluetooth_LE/library\libbluenrg1_stack.a(gap.o)
 i.aci_gap_proc_complete_event_push
                0x10044078       0x74 ../Bluetooth_LE/library\libbluenrg1_stack.a(gap.o)
 i.advParamsCheckAndSet
                0x100440ec       0x8c ../Bluetooth_LE/library\libbluenrg1_stack.a(gap.o)
                0x100440ec                advParamsCheckAndSet
 i.gapClearAllModeFlags
                0x10044178       0x14 ../Bluetooth_LE/library\libbluenrg1_stack.a(gap.o)
                0x10044178                gapClearAllModeFlags
 i.setGapAdvData
                0x1004418c      0x100 ../Bluetooth_LE/library\libbluenrg1_stack.a(gap.o)
                0x1004418c                setGapAdvData
 i.Check_and_find_gatt_client
                0x1004428c       0x18 ../Bluetooth_LE/library\libbluenrg1_stack.a(gatt_client.o)
 i.Find_Gatt_Client
                0x100442a4       0x3c ../Bluetooth_LE/library\libbluenrg1_stack.a(gatt_client.o)
                0x100442a4                Find_Gatt_Client
 i.Gatt_Check_Not_Error_Resp
                0x100442e0       0x52 ../Bluetooth_LE/library\libbluenrg1_stack.a(gatt_client.o)
 *fill*         0x10044332        0x2 
 i.Gatt_Read_Charac_By_Uuid
                0x10044334       0x80 ../Bluetooth_LE/library\libbluenrg1_stack.a(gatt_client.o)
                0x10044334                Gatt_Read_Charac_By_Uuid
 i.Gatt_Read_Charac_By_Uuid_Cb
                0x100443b4        0xa ../Bluetooth_LE/library\libbluenrg1_stack.a(gatt_client.o)
 i.Gatt_Super_Handler_Task7
                0x100443be      0x188 ../Bluetooth_LE/library\libbluenrg1_stack.a(gatt_client.o)
 *fill*         0x10044546        0x2 
 i.aci_att_read_blob_resp_event_push
                0x10044548       0x74 ../Bluetooth_LE/library\libbluenrg1_stack.a(gatt_client.o)
 i.aci_att_read_multiple_resp_event_push
                0x100445bc       0x74 ../Bluetooth_LE/library\libbluenrg1_stack.a(gatt_client.o)
 i.aci_att_read_resp_event_push
                0x10044630       0x74 ../Bluetooth_LE/library\libbluenrg1_stack.a(gatt_client.o)
 i.aci_gatt_disc_read_char_by_uuid_resp_event_push
                0x100446a4       0x84 ../Bluetooth_LE/library\libbluenrg1_stack.a(gatt_client.o)
 i.aci_gatt_error_resp_event_push
                0x10044728       0x78 ../Bluetooth_LE/library\libbluenrg1_stack.a(gatt_client.o)
 i.aci_gatt_proc_complete_event_push
                0x100447a0       0x58 ../Bluetooth_LE/library\libbluenrg1_stack.a(gatt_client.o)
 i.int16ToLe2Byte
                0x100447f8        0x8 ../Bluetooth_LE/library\libbluenrg1_stack.a(gatt_client.o)
 i.le2ByteToInt16
                0x10044800        0xa ../Bluetooth_LE/library\libbluenrg1_stack.a(gatt_client.o)
 i.Build_Notif_Or_Ind
                0x1004480a       0x3e ../Bluetooth_LE/library\libbluenrg1_stack.a(gatt_server.o)
                0x1004480a                Build_Notif_Or_Ind
 i.Check_For_Service_Change
                0x10044848      0x348 ../Bluetooth_LE/library\libbluenrg1_stack.a(gatt_server.o)
                0x10044848                Check_For_Service_Change
 i.Find_Attr_Index
                0x10044b90       0x50 ../Bluetooth_LE/library\libbluenrg1_stack.a(gatt_server.o)
                0x10044b90                Find_Attr_Index
 i.Find_Timed_Out_Connection
                0x10044be0       0x34 ../Bluetooth_LE/library\libbluenrg1_stack.a(gatt_server.o)
                0x10044be0                Find_Timed_Out_Connection
 i.GATT_Connection_Complete_Handler
                0x10044c14       0x44 ../Bluetooth_LE/library\libbluenrg1_stack.a(gatt_server.o)
                0x10044c14                GATT_Connection_Complete_Handler
 i.GATT_Send_Packet
                0x10044c58       0x2c ../Bluetooth_LE/library\libbluenrg1_stack.a(gatt_server.o)
                0x10044c58                GATT_Send_Packet
 i.GATT_Server_Set_Flag
                0x10044c84       0x18 ../Bluetooth_LE/library\libbluenrg1_stack.a(gatt_server.o)
 i.GATT_TimeOut_Handler
                0x10044c9c       0x1a ../Bluetooth_LE/library\libbluenrg1_stack.a(gatt_server.o)
                0x10044c9c                GATT_TimeOut_Handler
 *fill*         0x10044cb6        0x2 
 i.Gatt_Add_Charac_Desc
                0x10044cb8      0x160 ../Bluetooth_LE/library\libbluenrg1_stack.a(gatt_server.o)
                0x10044cb8                Gatt_Add_Charac_Desc
 i.Gatt_Add_Characteristic
                0x10044e18      0x338 ../Bluetooth_LE/library\libbluenrg1_stack.a(gatt_server.o)
                0x10044e18                Gatt_Add_Characteristic
 i.Gatt_Add_Descriptor
                0x10045150      0x154 ../Bluetooth_LE/library\libbluenrg1_stack.a(gatt_server.o)
                0x10045150                Gatt_Add_Descriptor
 i.Gatt_Add_Service
                0x100452a4      0x160 ../Bluetooth_LE/library\libbluenrg1_stack.a(gatt_server.o)
                0x100452a4                Gatt_Add_Service
 i.Gatt_Find_Srv_From_Handle
                0x10045404       0x2c ../Bluetooth_LE/library\libbluenrg1_stack.a(gatt_server.o)
                0x10045404                Gatt_Find_Srv_From_Handle
 i.Gatt_Find_Srv_Owner_Of_Handle
                0x10045430       0x48 ../Bluetooth_LE/library\libbluenrg1_stack.a(gatt_server.o)
                0x10045430                Gatt_Find_Srv_Owner_Of_Handle
 i.Gatt_Find_Timed_Out_Connection_Index
                0x10045478       0x38 ../Bluetooth_LE/library\libbluenrg1_stack.a(gatt_server.o)
                0x10045478                Gatt_Find_Timed_Out_Connection_Index
 i.Gatt_Flush_Pending_AclPacket_Lists
                0x100454b0       0x34 ../Bluetooth_LE/library\libbluenrg1_stack.a(gatt_server.o)
 i.Gatt_Process_Q
                0x100454e4      0x19c ../Bluetooth_LE/library\libbluenrg1_stack.a(gatt_server.o)
                0x100454e4                Gatt_Process_Q
 i.Gatt_Reset_To_Closed_State
                0x10045680       0xfc ../Bluetooth_LE/library\libbluenrg1_stack.a(gatt_server.o)
 i.Gatt_Server_Db_Check
                0x1004577c       0x34 ../Bluetooth_LE/library\libbluenrg1_stack.a(gatt_server.o)
                0x1004577c                Gatt_Server_Db_Check
 i.Gatt_Server_Init
                0x100457b0      0x190 ../Bluetooth_LE/library\libbluenrg1_stack.a(gatt_server.o)
                0x100457b0                Gatt_Server_Init
 i.Gatt_Server_L2C_Handler
                0x10045940      0x200 ../Bluetooth_LE/library\libbluenrg1_stack.a(gatt_server.o)
                0x10045940                Gatt_Server_L2C_Handler
 i.Gatt_Server_L2C_Handler_ISR
                0x10045b40       0x4c ../Bluetooth_LE/library\libbluenrg1_stack.a(gatt_server.o)
                0x10045b40                Gatt_Server_L2C_Handler_ISR
 i.Gatt_Store_Server_Database_And_Reset_CCCD
                0x10045b8c      0x16c ../Bluetooth_LE/library\libbluenrg1_stack.a(gatt_server.o)
 i.Gatt_Update_Charac_Value
                0x10045cf8       0x68 ../Bluetooth_LE/library\libbluenrg1_stack.a(gatt_server.o)
                0x10045cf8                Gatt_Update_Charac_Value
 i.Gatt_Update_Charac_Value_Ext
                0x10045d60      0x38c ../Bluetooth_LE/library\libbluenrg1_stack.a(gatt_server.o)
                0x10045d60                Gatt_Update_Charac_Value_Ext
 i.Gatt_fetch_handle
                0x100460ec       0x3c ../Bluetooth_LE/library\libbluenrg1_stack.a(gatt_server.o)
                0x100460ec                Gatt_fetch_handle
 i.Gatt_search_handle
                0x10046128       0x1e ../Bluetooth_LE/library\libbluenrg1_stack.a(gatt_server.o)
                0x10046128                Gatt_search_handle
 *fill*         0x10046146        0x2 
 i.Gatt_search_service_handle
                0x10046148       0x2c ../Bluetooth_LE/library\libbluenrg1_stack.a(gatt_server.o)
                0x10046148                Gatt_search_service_handle
 i.Ind_Service_Change_Charac
                0x10046174       0x44 ../Bluetooth_LE/library\libbluenrg1_stack.a(gatt_server.o)
                0x10046174                Ind_Service_Change_Charac
 i.Pm_Resize_Host_Acl_Pckt
                0x100461b8        0xe ../Bluetooth_LE/library\libbluenrg1_stack.a(gatt_server.o)
 *fill*         0x100461c6        0x2 
 i.Process_Peer_Client_Data
                0x100461c8      0x1fc ../Bluetooth_LE/library\libbluenrg1_stack.a(gatt_server.o)
                0x100461c8                Process_Peer_Client_Data
 i.Process_Peer_Server_Data
                0x100463c4      0x194 ../Bluetooth_LE/library\libbluenrg1_stack.a(gatt_server.o)
                0x100463c4                Process_Peer_Server_Data
 i.Select_Next_Notification_Client
                0x10046558       0x50 ../Bluetooth_LE/library\libbluenrg1_stack.a(gatt_server.o)
                0x10046558                Select_Next_Notification_Client
 i.Send_Notif_Or_Ind
                0x100465a8       0x4c ../Bluetooth_LE/library\libbluenrg1_stack.a(gatt_server.o)
                0x100465a8                Send_Notif_Or_Ind
 i.aci_gatt_indication_event_push
                0x100465f4       0x90 ../Bluetooth_LE/library\libbluenrg1_stack.a(gatt_server.o)
 i.aci_gatt_notification_event_push
                0x10046684       0x90 ../Bluetooth_LE/library\libbluenrg1_stack.a(gatt_server.o)
 i.store_data   0x10046714       0x1e ../Bluetooth_LE/library\libbluenrg1_stack.a(gatt_server.o)
                0x10046714                store_data
 i.__ARM_common_switch8
                0x10046732       0x1a ../Bluetooth_LE/library\libbluenrg1_stack.a(gatt_server.o)
                0x10046732                __ARM_common_switch8
 i.HAL_Flash_Store_Data
                0x1004674c       0x54 ../Bluetooth_LE/library\libbluenrg1_stack.a(hal.o)
                0x1004674c                HAL_Flash_Store_Data
 i.HAL_Generate_Random_Bytes_To
                0x100467a0       0x20 ../Bluetooth_LE/library\libbluenrg1_stack.a(hal.o)
                0x100467a0                HAL_Generate_Random_Bytes_To
 i.HAL_Set_TX_Power_Level
                0x100467c0       0x44 ../Bluetooth_LE/library\libbluenrg1_stack.a(hal.o)
                0x100467c0                HAL_Set_TX_Power_Level
 i.HAL_Write_ConfigData
                0x10046804      0x11c ../Bluetooth_LE/library\libbluenrg1_stack.a(hal.o)
                0x10046804                HAL_Write_ConfigData
 i.Hal_Get_Random_Number
                0x10046920       0x3a ../Bluetooth_LE/library\libbluenrg1_stack.a(hal.o)
                0x10046920                Hal_Get_Random_Number
 i.Hal_Get_Random_Number32
                0x1004695a       0x12 ../Bluetooth_LE/library\libbluenrg1_stack.a(hal.o)
                0x1004695a                Hal_Get_Random_Number32
 i.aci_hal_end_of_radio_activity_event
                0x1004696c        0x2 ../Bluetooth_LE/library\libbluenrg1_stack.a(hal.o)
                0x1004696c                aci_hal_end_of_radio_activity_event
 *fill*         0x1004696e        0x2 
 i.ble_HAL_Init
                0x10046970       0x1c ../Bluetooth_LE/library\libbluenrg1_stack.a(hal.o)
                0x10046970                ble_HAL_Init
 i.char_copy    0x1004698c       0x12 ../Bluetooth_LE/library\libbluenrg1_stack.a(hal.o)
                0x1004698c                char_copy
 *fill*         0x1004699e        0x2 
 i.hal_radio_activity_state_callback_check
                0x100469a0       0x34 ../Bluetooth_LE/library\libbluenrg1_stack.a(hal.o)
                0x100469a0                hal_radio_activity_state_callback_check
 i.hal_radio_activity_state_init
                0x100469d4       0x1c ../Bluetooth_LE/library\libbluenrg1_stack.a(hal.o)
                0x100469d4                hal_radio_activity_state_init
 i.hal_read_radio_activity_state
                0x100469f0       0x40 ../Bluetooth_LE/library\libbluenrg1_stack.a(hal.o)
                0x100469f0                hal_read_radio_activity_state
 i.set_string   0x10046a30       0x10 ../Bluetooth_LE/library\libbluenrg1_stack.a(hal.o)
                0x10046a30                set_string
 i.Controller_Process_Q
                0x10046a40       0x1c ../Bluetooth_LE/library\libbluenrg1_stack.a(hci.o)
                0x10046a40                Controller_Process_Q
 i.HCI_Init     0x10046a5c       0x74 ../Bluetooth_LE/library\libbluenrg1_stack.a(hci.o)
                0x10046a5c                HCI_Init
 i.PKA_Offline_Processing
                0x10046ad0      0x164 ../Bluetooth_LE/library\libbluenrg1_stack.a(hci.o)
                0x10046ad0                PKA_Offline_Processing
 i.hci_acl_Process_Q
                0x10046c34       0x70 ../Bluetooth_LE/library\libbluenrg1_stack.a(hci.o)
                0x10046c34                hci_acl_Process_Q
 i.hci_disconnect
                0x10046ca4        0x8 ../Bluetooth_LE/library\libbluenrg1_stack.a(hci.o)
                0x10046ca4                hci_disconnect
 i.hci_le_generate_dhkey_api
                0x10046cac       0x80 ../Bluetooth_LE/library\libbluenrg1_stack.a(hci.o)
                0x10046cac                hci_le_generate_dhkey_api
 i.hci_le_long_term_key_request_reply
                0x10046d2c        0xe ../Bluetooth_LE/library\libbluenrg1_stack.a(hci.o)
                0x10046d2c                hci_le_long_term_key_request_reply
 i.hci_le_long_term_key_requested_negative_reply
                0x10046d3a        0xe ../Bluetooth_LE/library\libbluenrg1_stack.a(hci.o)
                0x10046d3a                hci_le_long_term_key_requested_negative_reply
 i.hci_le_read_local_p256_public_key_api
                0x10046d48       0x3c ../Bluetooth_LE/library\libbluenrg1_stack.a(hci.o)
                0x10046d48                hci_le_read_local_p256_public_key_api
 i.hci_le_set_event_mask
                0x10046d84       0x40 ../Bluetooth_LE/library\libbluenrg1_stack.a(hci.o)
                0x10046d84                hci_le_set_event_mask
 i.hci_le_set_scan_response_data
                0x10046dc4       0x16 ../Bluetooth_LE/library\libbluenrg1_stack.a(hci.o)
                0x10046dc4                hci_le_set_scan_response_data
 *fill*         0x10046dda        0x2 
 i.hci_rx_acl_data
                0x10046ddc       0x6c ../Bluetooth_LE/library\libbluenrg1_stack.a(hci.o)
                0x10046ddc                hci_rx_acl_data
 i.hci_tx_acl_data_done
                0x10046e48       0x48 ../Bluetooth_LE/library\libbluenrg1_stack.a(hci.o)
                0x10046e48                hci_tx_acl_data_done
 i.HAL_VTimerAcc_sysT32_ms
                0x10046e90       0x24 ../Bluetooth_LE/library\libbluenrg1_stack.a(host_timer.o)
                0x10046e90                HAL_VTimerAcc_sysT32_ms
 i.HAL_VTimerGetCurrentTime_sysT32
                0x10046eb4       0x12 ../Bluetooth_LE/library\libbluenrg1_stack.a(host_timer.o)
                0x10046eb4                HAL_VTimerGetCurrentTime_sysT32
 i.HAL_VTimerTimeoutCallback
                0x10046ec6        0x2 ../Bluetooth_LE/library\libbluenrg1_stack.a(host_timer.o)
                0x10046ec6                HAL_VTimerTimeoutCallback
 i.Set_Host_Timer_value
                0x10046ec8       0x50 ../Bluetooth_LE/library\libbluenrg1_stack.a(host_timer.o)
                0x10046ec8                Set_Host_Timer_value
 i.TimerCallback
                0x10046f18       0x7c ../Bluetooth_LE/library\libbluenrg1_stack.a(host_timer.o)
 i.Timer_ExpiryCallback
                0x10046f94       0x14 ../Bluetooth_LE/library\libbluenrg1_stack.a(host_timer.o)
                0x10046f94                Timer_ExpiryCallback
 i.Timer_Init   0x10046fa8       0x38 ../Bluetooth_LE/library\libbluenrg1_stack.a(host_timer.o)
                0x10046fa8                Timer_Init
 i.Timer_ProcessQ
                0x10046fe0      0x11c ../Bluetooth_LE/library\libbluenrg1_stack.a(host_timer.o)
                0x10046fe0                Timer_ProcessQ
 i.Timer_StartOneShot
                0x100470fc       0x22 ../Bluetooth_LE/library\libbluenrg1_stack.a(host_timer.o)
                0x100470fc                Timer_StartOneShot
 *fill*         0x1004711e        0x2 
 i.Timer_StartOneShot_sysTime32
                0x10047120       0x78 ../Bluetooth_LE/library\libbluenrg1_stack.a(host_timer.o)
                0x10047120                Timer_StartOneShot_sysTime32
 i.Timer_StopOneShot
                0x10047198       0x58 ../Bluetooth_LE/library\libbluenrg1_stack.a(host_timer.o)
                0x10047198                Timer_StopOneShot
 i.Timer_sysTime32_convMachineTime
                0x100471f0       0x24 ../Bluetooth_LE/library\libbluenrg1_stack.a(host_timer.o)
                0x100471f0                Timer_sysTime32_convMachineTime
 i.L2C_Build_Command_Reject_Pdu
                0x10047214       0x7c ../Bluetooth_LE/library\libbluenrg1_stack.a(l2cap.o)
                0x10047214                L2C_Build_Command_Reject_Pdu
 i.L2C_Connection_Complete_Handler
                0x10047290       0x24 ../Bluetooth_LE/library\libbluenrg1_stack.a(l2cap.o)
                0x10047290                L2C_Connection_Complete_Handler
 i.L2C_Connection_Complete_Signal_Handler
                0x100472b4       0x2a ../Bluetooth_LE/library\libbluenrg1_stack.a(l2cap.o)
                0x100472b4                L2C_Connection_Complete_Signal_Handler
 *fill*         0x100472de        0x2 
 i.L2C_Get_Connection_Info
                0x100472e0       0x34 ../Bluetooth_LE/library\libbluenrg1_stack.a(l2cap.o)
 i.L2C_Get_Connection_Info_Index
                0x10047314       0x30 ../Bluetooth_LE/library\libbluenrg1_stack.a(l2cap.o)
 i.L2C_Get_PDU_Len
                0x10047344        0xe ../Bluetooth_LE/library\libbluenrg1_stack.a(l2cap.o)
                0x10047344                L2C_Get_PDU_Len
 *fill*         0x10047352        0x2 
 i.L2C_Init     0x10047354       0x58 ../Bluetooth_LE/library\libbluenrg1_stack.a(l2cap.o)
                0x10047354                L2C_Init
 i.L2C_Mux_Acl_Packet
                0x100473ac       0x58 ../Bluetooth_LE/library\libbluenrg1_stack.a(l2cap.o)
 i.L2C_Rcv_Data
                0x10047404       0xa6 ../Bluetooth_LE/library\libbluenrg1_stack.a(l2cap.o)
 i.L2C_Rcv_Event_Handler
                0x100474aa       0x1e ../Bluetooth_LE/library\libbluenrg1_stack.a(l2cap.o)
                0x100474aa                L2C_Rcv_Event_Handler
 i.L2C_Rcv_Event_Handler_ISR
                0x100474c8       0x52 ../Bluetooth_LE/library\libbluenrg1_stack.a(l2cap.o)
                0x100474c8                L2C_Rcv_Event_Handler_ISR
 *fill*         0x1004751a        0x2 
 i.L2C_Reset_To_Closed_State
                0x1004751c       0x7c ../Bluetooth_LE/library\libbluenrg1_stack.a(l2cap.o)
 i.L2C_Send_Data
                0x10047598       0x4c ../Bluetooth_LE/library\libbluenrg1_stack.a(l2cap.o)
                0x10047598                L2C_Send_Data
 i.L2C_SigChan_Req_TimeOut_Handler
                0x100475e4       0x60 ../Bluetooth_LE/library\libbluenrg1_stack.a(l2cap.o)
                0x100475e4                L2C_SigChan_Req_TimeOut_Handler
 i.L2C_Signal_Channel_Handler
                0x10047644      0x1b4 ../Bluetooth_LE/library\libbluenrg1_stack.a(l2cap.o)
                0x10047644                L2C_Signal_Channel_Handler
 i.L2C_Signal_Channel_Handler_ISR
                0x100477f8       0x24 ../Bluetooth_LE/library\libbluenrg1_stack.a(l2cap.o)
                0x100477f8                L2C_Signal_Channel_Handler_ISR
 i.L2C_discard_corrupted_acl_packet
                0x1004781c       0x5c ../Bluetooth_LE/library\libbluenrg1_stack.a(l2cap.o)
 i.aci_l2cap_connection_update_req_event_push
                0x10047878       0x98 ../Bluetooth_LE/library\libbluenrg1_stack.a(l2cap.o)
 i.Data_Length_Update_Control_ISR
                0x10047910      0x12c ../Bluetooth_LE/library\libbluenrg1_stack.a(ll_isr.o)
                0x10047910                Data_Length_Update_Control_ISR
 i.RAL_Isr      0x10047a3c      0x21c ../Bluetooth_LE/library\libbluenrg1_stack.a(ll_isr.o)
                0x10047a3c                RAL_Isr
 i.copy_4_u32   0x10047c58       0x12 ../Bluetooth_LE/library\libbluenrg1_stack.a(ll_isr.o)
                0x10047c58                copy_4_u32
 *fill*         0x10047c6a        0x2 
 i.copy_tx_data_packet
                0x10047c6c       0x84 ../Bluetooth_LE/library\libbluenrg1_stack.a(ll_isr.o)
                0x10047c6c                copy_tx_data_packet
 i.encrypt      0x10047cf0       0x74 ../Bluetooth_LE/library\libbluenrg1_stack.a(ll_isr.o)
                0x10047cf0                encrypt
 i.full_state_func_call_init
                0x10047d64       0x18 ../Bluetooth_LE/library\libbluenrg1_stack.a(ll_isr.o)
                0x10047d64                full_state_func_call_init
 i.isr_advertise_state
                0x10047d7c      0x390 ../Bluetooth_LE/library\libbluenrg1_stack.a(ll_isr.o)
 i.isr_connect_master_state
                0x1004810c      0x6d8 ../Bluetooth_LE/library\libbluenrg1_stack.a(ll_isr.o)
 i.isr_connect_slave_state
                0x100487e4      0x7d4 ../Bluetooth_LE/library\libbluenrg1_stack.a(ll_isr.o)
 i.isr_scan_state
                0x10048fb8      0x610 ../Bluetooth_LE/library\libbluenrg1_stack.a(ll_isr.o)
 i.isr_test_rx_state
                0x100495c8       0x38 ../Bluetooth_LE/library\libbluenrg1_stack.a(ll_isr.o)
 i.isr_test_tx_state
                0x10049600       0x68 ../Bluetooth_LE/library\libbluenrg1_stack.a(ll_isr.o)
 i.isr_unknown_state
                0x10049668       0x2c ../Bluetooth_LE/library\libbluenrg1_stack.a(ll_isr.o)
 i.__ARM_common_memcpy1_6
                0x10049694       0x1a ../Bluetooth_LE/library\libbluenrg1_stack.a(ll_isr.o)
                0x10049694                __ARM_common_memcpy1_6
 *fill*         0x100496ae        0x2 
 i.LL_LE_Clear_White_List
                0x100496b0       0x28 ../Bluetooth_LE/library\libbluenrg1_stack.a(ll_privacy.o)
                0x100496b0                LL_LE_Clear_White_List
 i.LL_LE_Set_Address_Resolution_Enable
                0x100496d8       0x20 ../Bluetooth_LE/library\libbluenrg1_stack.a(ll_privacy.o)
                0x100496d8                LL_LE_Set_Address_Resolution_Enable
 i.LL_LE_Set_Resolvable_Private_Address_Timeout
                0x100496f8       0x24 ../Bluetooth_LE/library\libbluenrg1_stack.a(ll_privacy.o)
                0x100496f8                LL_LE_Set_Resolvable_Private_Address_Timeout
 i.PRIVWHIT_u8AddAddrInList
                0x1004971c      0x1f0 ../Bluetooth_LE/library\libbluenrg1_stack.a(ll_privacy.o)
                0x1004971c                PRIVWHIT_u8AddAddrInList
 i.PRIVWHIT_u8RemoveAddrInList
                0x1004990c      0x12c ../Bluetooth_LE/library\libbluenrg1_stack.a(ll_privacy.o)
                0x1004990c                PRIVWHIT_u8RemoveAddrInList
 i.PRIVWHIT_u8SearchAddrInList
                0x10049a38       0x84 ../Bluetooth_LE/library\libbluenrg1_stack.a(ll_privacy.o)
                0x10049a38                PRIVWHIT_u8SearchAddrInList
 i.PRIVWHIT_vInit_Struct
                0x10049abc       0xb4 ../Bluetooth_LE/library\libbluenrg1_stack.a(ll_privacy.o)
                0x10049abc                PRIVWHIT_vInit_Struct
 i.PRIV_SearchAddrInRPAList
                0x10049b70       0x50 ../Bluetooth_LE/library\libbluenrg1_stack.a(ll_privacy.o)
                0x10049b70                PRIV_SearchAddrInRPAList
 i.PRIV_SearchAddrInScratchList
                0x10049bc0       0x50 ../Bluetooth_LE/library\libbluenrg1_stack.a(ll_privacy.o)
                0x10049bc0                PRIV_SearchAddrInScratchList
 i.PRIV_SearchAddrInWhiteList
                0x10049c10       0x58 ../Bluetooth_LE/library\libbluenrg1_stack.a(ll_privacy.o)
                0x10049c10                PRIV_SearchAddrInWhiteList
 i.PRIV_u32ProcessAdvPacket
                0x10049c68      0x574 ../Bluetooth_LE/library\libbluenrg1_stack.a(ll_privacy.o)
                0x10049c68                PRIV_u32ProcessAdvPacket
 i.PRIV_u8OfflineProcessing
                0x1004a1dc      0x114 ../Bluetooth_LE/library\libbluenrg1_stack.a(ll_privacy.o)
                0x1004a1dc                PRIV_u8OfflineProcessing
 i.PRIV_u8ResolvePrivateAddress
                0x1004a2f0      0x110 ../Bluetooth_LE/library\libbluenrg1_stack.a(ll_privacy.o)
                0x1004a2f0                PRIV_u8ResolvePrivateAddress
 i.PRIV_u8ResolvePrivateAddressUnit
                0x1004a400       0x34 ../Bluetooth_LE/library\libbluenrg1_stack.a(ll_privacy.o)
                0x1004a400                PRIV_u8ResolvePrivateAddressUnit
 i.PRIV_vGeneratePrivateAddress
                0x1004a434       0x62 ../Bluetooth_LE/library\libbluenrg1_stack.a(ll_privacy.o)
                0x1004a434                PRIV_vGeneratePrivateAddress
 *fill*         0x1004a496        0x2 
 i.PRIV_vGenerate_hci_le_direct_advertising_report_event
                0x1004a498      0x17c ../Bluetooth_LE/library\libbluenrg1_stack.a(ll_privacy.o)
                0x1004a498                PRIV_vGenerate_hci_le_direct_advertising_report_event
 i.PRIV_vGenerate_hci_le_enhanced_connection_complete_event
                0x1004a614      0x1d4 ../Bluetooth_LE/library\libbluenrg1_stack.a(ll_privacy.o)
                0x1004a614                PRIV_vGenerate_hci_le_enhanced_connection_complete_event
 i.hci_le_direct_advertising_report_event_push
                0x1004a7e8       0x8c ../Bluetooth_LE/library\libbluenrg1_stack.a(ll_privacy.o)
 i.scan_connection_or_advertiser
                0x1004a874       0x1a ../Bluetooth_LE/library\libbluenrg1_stack.a(ll_privacy.o)
 *fill*         0x1004a88e        0x2 
 i.Data_Len_Update_Offline_Processing
                0x1004a890       0x58 ../Bluetooth_LE/library\libbluenrg1_stack.a(ll_routines.o)
                0x1004a890                Data_Len_Update_Offline_Processing
 i.Disconnection_Offline_Processing
                0x1004a8e8       0x48 ../Bluetooth_LE/library\libbluenrg1_stack.a(ll_routines.o)
                0x1004a8e8                Disconnection_Offline_Processing
 i.LL_Data_Length_Change_Event
                0x1004a930       0x54 ../Bluetooth_LE/library\libbluenrg1_stack.a(ll_routines.o)
                0x1004a930                LL_Data_Length_Change_Event
 i.LL_Data_Length_Update
                0x1004a984       0x38 ../Bluetooth_LE/library\libbluenrg1_stack.a(ll_routines.o)
                0x1004a984                LL_Data_Length_Update
 i.LL_Disconnect_Link
                0x1004a9bc       0x3c ../Bluetooth_LE/library\libbluenrg1_stack.a(ll_routines.o)
                0x1004a9bc                LL_Disconnect_Link
 i.LL_Send_Disconnection_Req
                0x1004a9f8       0xa4 ../Bluetooth_LE/library\libbluenrg1_stack.a(ll_routines.o)
                0x1004a9f8                LL_Send_Disconnection_Req
 i.LL_Send_Length_Req
                0x1004aa9c       0xd0 ../Bluetooth_LE/library\libbluenrg1_stack.a(ll_routines.o)
 i.LL_Send_Length_Resp
                0x1004ab6c       0xb4 ../Bluetooth_LE/library\libbluenrg1_stack.a(ll_routines.o)
                0x1004ab6c                LL_Send_Length_Resp
 i.LL_Set_Data_Length
                0x1004ac20       0xb0 ../Bluetooth_LE/library\libbluenrg1_stack.a(ll_routines.o)
                0x1004ac20                LL_Set_Data_Length
 i.MIN_U16      0x1004acd0        0x8 ../Bluetooth_LE/library\libbluenrg1_stack.a(ll_routines.o)
 i.ll_write_supported_data
                0x1004acd8       0x78 ../Bluetooth_LE/library\libbluenrg1_stack.a(ll_routines.o)
                0x1004acd8                ll_write_supported_data
 i.read_rssi    0x1004ad50       0x7c ../Bluetooth_LE/library\libbluenrg1_stack.a(ll_routines.o)
                0x1004ad50                read_rssi
 i.LL_Enable_Disable_Scan
                0x1004adcc      0x27c ../Bluetooth_LE/library\libbluenrg1_stack.a(ll_routines_master.o)
                0x1004adcc                LL_Enable_Disable_Scan
 i.Reclassify_All_Channels
                0x1004b048       0xc4 ../Bluetooth_LE/library\libbluenrg1_stack.a(ll_routines_master.o)
                0x1004b048                Reclassify_All_Channels
 i.hci_encryption_change_event_push
                0x1004b10c       0x5c ../Bluetooth_LE/library\libbluenrg1_stack.a(ll_routines_master.o)
 i.hci_encryption_key_refresh_complete_event_push
                0x1004b168       0x58 ../Bluetooth_LE/library\libbluenrg1_stack.a(ll_routines_master.o)
 i.hci_le_advertising_report_event_push
                0x1004b1c0       0x94 ../Bluetooth_LE/library\libbluenrg1_stack.a(ll_routines_master.o)
 i.hci_le_connection_complete_event_push
                0x1004b254       0x88 ../Bluetooth_LE/library\libbluenrg1_stack.a(ll_routines_master.o)
 i.hci_le_connection_update_complete_event_push
                0x1004b2dc       0x6c ../Bluetooth_LE/library\libbluenrg1_stack.a(ll_routines_master.o)
 i.int32ToLe4Byte
                0x1004b348       0x10 ../Bluetooth_LE/library\libbluenrg1_stack.a(ll_routines_master.o)
 i.isr_event_handler
                0x1004b358      0x600 ../Bluetooth_LE/library\libbluenrg1_stack.a(ll_routines_master.o)
                0x1004b358                isr_event_handler
 i.isr_event_handler_scan_data
                0x1004b958      0x200 ../Bluetooth_LE/library\libbluenrg1_stack.a(ll_routines_master.o)
                0x1004b958                isr_event_handler_scan_data
 i.LL_Encrypt_Plain_Data
                0x1004bb58       0x88 ../Bluetooth_LE/library\libbluenrg1_stack.a(ll_routines_support.o)
                0x1004bb58                LL_Encrypt_Plain_Data
 i.LL_Set_LTK   0x1004bbe0       0x9c ../Bluetooth_LE/library\libbluenrg1_stack.a(ll_routines_support.o)
                0x1004bbe0                LL_Set_LTK
 i.Dynamic_allocator
                0x1004bc7c      0x260 ../Bluetooth_LE/library\libbluenrg1_stack.a(mem_alloc.o)
                0x1004bc7c                Dynamic_allocator
 i.Dynamic_allocator_noRet
                0x1004bedc        0x2 ../Bluetooth_LE/library\libbluenrg1_stack.a(mem_alloc.o)
                0x1004bedc                Dynamic_allocator_noRet
 i.Mem_assign   0x1004bede       0x16 ../Bluetooth_LE/library\libbluenrg1_stack.a(mem_alloc.o)
 i.mem_alloc_ctx_init
                0x1004bef4       0xa4 ../Bluetooth_LE/library\libbluenrg1_stack.a(mem_alloc.o)
                0x1004bef4                mem_alloc_ctx_init
 i.Mem_Buff_Append
                0x1004bf98       0x12 ../Bluetooth_LE/library\libbluenrg1_stack.a(mem_buff.o)
                0x1004bf98                Mem_Buff_Append
 i.Mem_Buff_Block_Copy
                0x1004bfaa       0x48 ../Bluetooth_LE/library\libbluenrg1_stack.a(mem_buff.o)
                0x1004bfaa                Mem_Buff_Block_Copy
 i.Mem_Buff_Block_Write
                0x1004bff2       0x56 ../Bluetooth_LE/library\libbluenrg1_stack.a(mem_buff.o)
                0x1004bff2                Mem_Buff_Block_Write
 i.Mem_Buff_Clone
                0x1004c048       0x32 ../Bluetooth_LE/library\libbluenrg1_stack.a(mem_buff.o)
                0x1004c048                Mem_Buff_Clone
 i.Mem_Buff_Cmp
                0x1004c07a       0x78 ../Bluetooth_LE/library\libbluenrg1_stack.a(mem_buff.o)
                0x1004c07a                Mem_Buff_Cmp
 i.Mem_Buff_Compact
                0x1004c0f2       0xba ../Bluetooth_LE/library\libbluenrg1_stack.a(mem_buff.o)
                0x1004c0f2                Mem_Buff_Compact
 i.Mem_Buff_Get
                0x1004c1ac       0x2e ../Bluetooth_LE/library\libbluenrg1_stack.a(mem_buff.o)
                0x1004c1ac                Mem_Buff_Get
 i.Mem_Buff_Get_Chain_Count
                0x1004c1da       0x14 ../Bluetooth_LE/library\libbluenrg1_stack.a(mem_buff.o)
                0x1004c1da                Mem_Buff_Get_Chain_Count
 i.Mem_Buff_Get_Chain_Size
                0x1004c1ee       0x14 ../Bluetooth_LE/library\libbluenrg1_stack.a(mem_buff.o)
                0x1004c1ee                Mem_Buff_Get_Chain_Size
 i.Mem_Buff_Init
                0x1004c202       0x6a ../Bluetooth_LE/library\libbluenrg1_stack.a(mem_buff.o)
                0x1004c202                Mem_Buff_Init
 i.Mem_Buff_Read
                0x1004c26c       0x62 ../Bluetooth_LE/library\libbluenrg1_stack.a(mem_buff.o)
                0x1004c26c                Mem_Buff_Read
 i.Mem_Buff_Release
                0x1004c2ce       0x36 ../Bluetooth_LE/library\libbluenrg1_stack.a(mem_buff.o)
                0x1004c2ce                Mem_Buff_Release
 i.Mem_Buff_Resize
                0x1004c304       0x8e ../Bluetooth_LE/library\libbluenrg1_stack.a(mem_buff.o)
                0x1004c304                Mem_Buff_Resize
 i.Mem_Buff_Write
                0x1004c392       0x68 ../Bluetooth_LE/library\libbluenrg1_stack.a(mem_buff.o)
                0x1004c392                Mem_Buff_Write
 *fill*         0x1004c3fa        0x2 
 i.adapt_slot   0x1004c3fc      0x260 ../Bluetooth_LE/library\libbluenrg1_stack.a(multi_master_time.o)
 i.advance_slave_timing_MultiSlave
                0x1004c65c      0x2cc ../Bluetooth_LE/library\libbluenrg1_stack.a(multi_master_time.o)
                0x1004c65c                advance_slave_timing_MultiSlave
 i.anchor_replace
                0x1004c928       0x4c ../Bluetooth_LE/library\libbluenrg1_stack.a(multi_master_time.o)
                0x1004c928                anchor_replace
 i.cancel_current_master
                0x1004c974      0x1a8 ../Bluetooth_LE/library\libbluenrg1_stack.a(multi_master_time.o)
                0x1004c974                cancel_current_master
 i.get_advertiser
                0x1004cb1c       0x48 ../Bluetooth_LE/library\libbluenrg1_stack.a(multi_master_time.o)
                0x1004cb1c                get_advertiser
 i.get_connection_no
                0x1004cb64       0x8c ../Bluetooth_LE/library\libbluenrg1_stack.a(multi_master_time.o)
                0x1004cb64                get_connection_no
 i.get_next_free_slot
                0x1004cbf0       0x34 ../Bluetooth_LE/library\libbluenrg1_stack.a(multi_master_time.o)
                0x1004cbf0                get_next_free_slot
 i.get_scan_connection
                0x1004cc24       0x48 ../Bluetooth_LE/library\libbluenrg1_stack.a(multi_master_time.o)
                0x1004cc24                get_scan_connection
 i.is_slave     0x1004cc6c       0x34 ../Bluetooth_LE/library\libbluenrg1_stack.a(multi_master_time.o)
                0x1004cc6c                is_slave
 i.nsar_init    0x1004cca0       0x1c ../Bluetooth_LE/library\libbluenrg1_stack.a(multi_master_time.o)
                0x1004cca0                nsar_init
 i.nsar_insertSlotListEntry
                0x1004ccbc       0x20 ../Bluetooth_LE/library\libbluenrg1_stack.a(multi_master_time.o)
 i.nsar_searchBestFreeSlot
                0x1004ccdc       0xc4 ../Bluetooth_LE/library\libbluenrg1_stack.a(multi_master_time.o)
 i.nsar_updateBestFreeSlot
                0x1004cda0       0x22 ../Bluetooth_LE/library\libbluenrg1_stack.a(multi_master_time.o)
 *fill*         0x1004cdc2        0x2 
 i.nsar_updateSlotListEntry
                0x1004cdc4       0x6c ../Bluetooth_LE/library\libbluenrg1_stack.a(multi_master_time.o)
 i.request_scan_slot
                0x1004ce30       0x94 ../Bluetooth_LE/library\libbluenrg1_stack.a(multi_master_time.o)
                0x1004ce30                request_scan_slot
 i.schedule_advertise_slot
                0x1004cec4       0xb4 ../Bluetooth_LE/library\libbluenrg1_stack.a(multi_master_time.o)
                0x1004cec4                schedule_advertise_slot
 i.start_timebase
                0x1004cf78       0xbc ../Bluetooth_LE/library\libbluenrg1_stack.a(multi_master_time.o)
                0x1004cf78                start_timebase
 i.swap_u16     0x1004d034        0xa ../Bluetooth_LE/library\libbluenrg1_stack.a(multi_master_time.o)
 *fill*         0x1004d03e        0x2 
 i.timebase_start_connect
                0x1004d040       0x3c ../Bluetooth_LE/library\libbluenrg1_stack.a(multi_master_time.o)
                0x1004d040                timebase_start_connect
 i.Flash_Write_Flagged
                0x1004d07c       0x3c ../Bluetooth_LE/library\libbluenrg1_stack.a(nvm.o)
                0x1004d07c                Flash_Write_Flagged
 i.Is_Flash_Write_On_Going
                0x1004d0b8       0x10 ../Bluetooth_LE/library\libbluenrg1_stack.a(nvm.o)
                0x1004d0b8                Is_Flash_Write_On_Going
 i.BLEPLAT_PKA_Get_Current_Operation
                0x1004d0c8       0x14 ../Bluetooth_LE/library\libbluenrg1_stack.a(pka.o)
                0x1004d0c8                BLEPLAT_PKA_Get_Current_Operation
 i.BLEPLAT_PKA_Start_P256_DHKey_Generation
                0x1004d0dc       0x50 ../Bluetooth_LE/library\libbluenrg1_stack.a(pka.o)
                0x1004d0dc                BLEPLAT_PKA_Start_P256_DHKey_Generation
 i.BLEPLAT_PKA_Start_P256_Public_Key_Generation
                0x1004d12c       0x6c ../Bluetooth_LE/library\libbluenrg1_stack.a(pka.o)
                0x1004d12c                BLEPLAT_PKA_Start_P256_Public_Key_Generation
 i.PM_Check_And_Set
                0x1004d198       0x50 ../Bluetooth_LE/library\libbluenrg1_stack.a(pm.o)
 i.PM_Clone_Pckt
                0x1004d1e8       0x22 ../Bluetooth_LE/library\libbluenrg1_stack.a(pm.o)
                0x1004d1e8                PM_Clone_Pckt
 *fill*         0x1004d20a        0x2 
 i.PM_Compact   0x1004d20c       0x54 ../Bluetooth_LE/library\libbluenrg1_stack.a(pm.o)
                0x1004d20c                PM_Compact
 i.PM_Copy_Pckt_Data
                0x1004d260       0x12 ../Bluetooth_LE/library\libbluenrg1_stack.a(pm.o)
                0x1004d260                PM_Copy_Pckt_Data
 *fill*         0x1004d272        0x2 
 i.PM_Eng_Config
                0x1004d274       0x18 ../Bluetooth_LE/library\libbluenrg1_stack.a(pm.o)
                0x1004d274                PM_Eng_Config
 i.PM_Extract_Pdu_MBuff
                0x1004d28c        0xc ../Bluetooth_LE/library\libbluenrg1_stack.a(pm.o)
                0x1004d28c                PM_Extract_Pdu_MBuff
 i.PM_Get_Available_Buffer
                0x1004d298       0x3c ../Bluetooth_LE/library\libbluenrg1_stack.a(pm.o)
                0x1004d298                PM_Get_Available_Buffer
 i.PM_Get_Mem_Buff_Count
                0x1004d2d4        0xa ../Bluetooth_LE/library\libbluenrg1_stack.a(pm.o)
                0x1004d2d4                PM_Get_Mem_Buff_Count
 *fill*         0x1004d2de        0x2 
 i.PM_Get_Pckt  0x1004d2e0       0x44 ../Bluetooth_LE/library\libbluenrg1_stack.a(pm.o)
                0x1004d2e0                PM_Get_Pckt
 i.PM_Init      0x1004d324       0x68 ../Bluetooth_LE/library\libbluenrg1_stack.a(pm.o)
                0x1004d324                PM_Init
 i.PM_Pckt_Cmp  0x1004d38c        0xa ../Bluetooth_LE/library\libbluenrg1_stack.a(pm.o)
                0x1004d38c                PM_Pckt_Cmp
 *fill*         0x1004d396        0x2 
 i.PM_Release_Acl_Pckt
                0x1004d398       0x3c ../Bluetooth_LE/library\libbluenrg1_stack.a(pm.o)
                0x1004d398                PM_Release_Acl_Pckt
 i.PM_Resize_Pckt_Pdu_Size
                0x1004d3d4       0x6c ../Bluetooth_LE/library\libbluenrg1_stack.a(pm.o)
                0x1004d3d4                PM_Resize_Pckt_Pdu_Size
 i.PM_Write_Pckt_Data
                0x1004d440       0x12 ../Bluetooth_LE/library\libbluenrg1_stack.a(pm.o)
                0x1004d440                PM_Write_Pckt_Data
 i.Accu_Handles_Requiring_Auth
                0x1004d452       0x6e ../Bluetooth_LE/library\libbluenrg1_stack.a(rom_att.o)
                0x1004d452                Accu_Handles_Requiring_Auth
 i.Accu_UuidTypes_Requiring_Auth
                0x1004d4c0       0xea ../Bluetooth_LE/library\libbluenrg1_stack.a(rom_att.o)
                0x1004d4c0                Accu_UuidTypes_Requiring_Auth
 i.Att_Send_Read_Blob_Req_Pdu
                0x1004d5aa       0x48 ../Bluetooth_LE/library\libbluenrg1_stack.a(rom_att.o)
                0x1004d5aa                Att_Send_Read_Blob_Req_Pdu
 i.Att_Send_Read_By_Typ_Req_Pdu
                0x1004d5f2       0x76 ../Bluetooth_LE/library\libbluenrg1_stack.a(rom_att.o)
                0x1004d5f2                Att_Send_Read_By_Typ_Req_Pdu
 i.GAP_Privacy1v2
                0x1004d668      0x1d8 ../Bluetooth_LE/library\libbluenrg1_stack.a(rom_gap.o)
                0x1004d668                GAP_Privacy1v2
 i.GAP_PrivateAddrTimercb
                0x1004d840       0x48 ../Bluetooth_LE/library\libbluenrg1_stack.a(rom_gap.o)
                0x1004d840                GAP_PrivateAddrTimercb
 i.GapIsPrivacySupported
                0x1004d888       0x14 ../Bluetooth_LE/library\libbluenrg1_stack.a(rom_gap.o)
                0x1004d888                GapIsPrivacySupported
 i.Generate_Non_Resolvable_Private_Address
                0x1004d89c       0x88 ../Bluetooth_LE/library\libbluenrg1_stack.a(rom_gap.o)
                0x1004d89c                Generate_Non_Resolvable_Private_Address
 i.GAP_Notify_Add_Charac
                0x1004d924       0x70 ../Bluetooth_LE/library\libbluenrg1_stack.a(rom_gap_rom.o)
                0x1004d924                GAP_Notify_Add_Charac
 i.Get_GAP_Handle
                0x1004d994       0x10 ../Bluetooth_LE/library\libbluenrg1_stack.a(rom_gap_rom.o)
                0x1004d994                Get_GAP_Handle
 i.Get_StaticRandAddr
                0x1004d9a4       0x14 ../Bluetooth_LE/library\libbluenrg1_stack.a(rom_gap_rom.o)
                0x1004d9a4                Get_StaticRandAddr
 i.Check_Encry_Key_Size
                0x1004d9b8       0x18 ../Bluetooth_LE/library\libbluenrg1_stack.a(rom_gatt_server.o)
                0x1004d9b8                Check_Encry_Key_Size
 i.GATT_Num_Charac_Present
                0x1004d9d0       0x3a ../Bluetooth_LE/library\libbluenrg1_stack.a(rom_gatt_server.o)
                0x1004d9d0                GATT_Num_Charac_Present
 *fill*         0x1004da0a        0x2 
 i.Start_Gatt_Timer
                0x1004da0c       0x24 ../Bluetooth_LE/library\libbluenrg1_stack.a(rom_gatt_server.o)
                0x1004da0c                Start_Gatt_Timer
 i.Stop_Gatt_Timer
                0x1004da30       0x1c ../Bluetooth_LE/library\libbluenrg1_stack.a(rom_gatt_server.o)
                0x1004da30                Stop_Gatt_Timer
 i.List_Circular_Get_Size
                0x1004da4c       0x14 ../Bluetooth_LE/library\libbluenrg1_stack.a(rom_list.o)
                0x1004da4c                List_Circular_Get_Size
 i.List_Circular_Insert_Tail
                0x1004da60        0xe ../Bluetooth_LE/library\libbluenrg1_stack.a(rom_list.o)
                0x1004da60                List_Circular_Insert_Tail
 i.List_Circular_Node_Present
                0x1004da6e       0x16 ../Bluetooth_LE/library\libbluenrg1_stack.a(rom_list.o)
                0x1004da6e                List_Circular_Node_Present
 i.List_Circular_Remove_Head
                0x1004da84       0x1a ../Bluetooth_LE/library\libbluenrg1_stack.a(rom_list.o)
                0x1004da84                List_Circular_Remove_Head
 i.List_Circular_Remove_Node
                0x1004da9e       0x20 ../Bluetooth_LE/library\libbluenrg1_stack.a(rom_list.o)
                0x1004da9e                List_Circular_Remove_Node
 *fill*         0x1004dabe        0x2 
 i.isr_postproc1
                0x1004dac0      0x110 ../Bluetooth_LE/library\libbluenrg1_stack.a(rom_ll_isr_postproc.o)
                0x1004dac0                isr_postproc1
 i.isr_postproc_encrypt_data
                0x1004dbd0       0x16 ../Bluetooth_LE/library\libbluenrg1_stack.a(rom_ll_isr_postproc.o)
                0x1004dbd0                isr_postproc_encrypt_data
 i.wait_for_aes_ready
                0x1004dbe6       0x24 ../Bluetooth_LE/library\libbluenrg1_stack.a(rom_ll_isr_postproc.o)
 *fill*         0x1004dc0a        0x2 
 i.LL_update_proc
                0x1004dc0c       0x98 ../Bluetooth_LE/library\libbluenrg1_stack.a(rom_ll_isr_routines.o)
                0x1004dc0c                LL_update_proc
 i.addr_u32_from_u8
                0x1004dca4       0x1e ../Bluetooth_LE/library\libbluenrg1_stack.a(rom_ll_isr_routines.o)
 *fill*         0x1004dcc2        0x2 
 i.cancel_connect_master
                0x1004dcc4       0xf4 ../Bluetooth_LE/library\libbluenrg1_stack.a(rom_ll_isr_routines.o)
                0x1004dcc4                cancel_connect_master
 i.cancel_master
                0x1004ddb8       0x80 ../Bluetooth_LE/library\libbluenrg1_stack.a(rom_ll_isr_routines.o)
                0x1004ddb8                cancel_master
 i.get_adv_addr
                0x1004de38       0x14 ../Bluetooth_LE/library\libbluenrg1_stack.a(rom_ll_isr_routines.o)
                0x1004de38                get_adv_addr
 i.get_scan_addr
                0x1004de4c       0x14 ../Bluetooth_LE/library\libbluenrg1_stack.a(rom_ll_isr_routines.o)
                0x1004de4c                get_scan_addr
 i.go_to_connect
                0x1004de60      0x298 ../Bluetooth_LE/library\libbluenrg1_stack.a(rom_ll_isr_routines.o)
                0x1004de60                go_to_connect
 i.le2ByteToInt16
                0x1004e0f8        0xa ../Bluetooth_LE/library\libbluenrg1_stack.a(rom_ll_isr_routines.o)
 i.le4ByteToInt32
                0x1004e102       0x16 ../Bluetooth_LE/library\libbluenrg1_stack.a(rom_ll_isr_routines.o)
 i.unpack_channel_map
                0x1004e118       0x2e ../Bluetooth_LE/library\libbluenrg1_stack.a(rom_ll_isr_routines.o)
                0x1004e118                unpack_channel_map
 i.unpack_update_request
                0x1004e146       0x48 ../Bluetooth_LE/library\libbluenrg1_stack.a(rom_ll_isr_routines.o)
                0x1004e146                unpack_update_request
 i.Is_Address_Initialized
                0x1004e18e       0x18 ../Bluetooth_LE/library\libbluenrg1_stack.a(rom_ll_ll_routines.o)
                0x1004e18e                Is_Address_Initialized
 i.LL_Allow_Address_Setting
                0x1004e1a6       0x42 ../Bluetooth_LE/library\libbluenrg1_stack.a(rom_ll_ll_routines.o)
                0x1004e1a6                LL_Allow_Address_Setting
 i.LL_Check_And_Set_Addresses
                0x1004e1e8      0x1f0 ../Bluetooth_LE/library\libbluenrg1_stack.a(rom_ll_ll_routines.o)
                0x1004e1e8                LL_Check_And_Set_Addresses
 i.LL_Enable_Disable_Adv
                0x1004e3d8      0x25c ../Bluetooth_LE/library\libbluenrg1_stack.a(rom_ll_ll_routines.o)
                0x1004e3d8                LL_Enable_Disable_Adv
 i.LL_Get_Address
                0x1004e634       0x30 ../Bluetooth_LE/library\libbluenrg1_stack.a(rom_ll_ll_routines.o)
                0x1004e634                LL_Get_Address
 i.LL_Get_AdvAddress
                0x1004e664       0x40 ../Bluetooth_LE/library\libbluenrg1_stack.a(rom_ll_ll_routines.o)
                0x1004e664                LL_Get_AdvAddress
 i.LL_Get_ScanAddress
                0x1004e6a4       0x40 ../Bluetooth_LE/library\libbluenrg1_stack.a(rom_ll_ll_routines.o)
                0x1004e6a4                LL_Get_ScanAddress
 i.LL_Init      0x1004e6e4      0x184 ../Bluetooth_LE/library\libbluenrg1_stack.a(rom_ll_ll_routines.o)
                0x1004e6e4                LL_Init
 i.LL_Send_ACL_Data
                0x1004e868       0x50 ../Bluetooth_LE/library\libbluenrg1_stack.a(rom_ll_ll_routines.o)
                0x1004e868                LL_Send_ACL_Data
 i.LL_Set_Adv_Data
                0x1004e8b8       0x78 ../Bluetooth_LE/library\libbluenrg1_stack.a(rom_ll_ll_routines.o)
                0x1004e8b8                LL_Set_Adv_Data
 i.LL_Set_Adv_PDU_Format
                0x1004e930       0xd0 ../Bluetooth_LE/library\libbluenrg1_stack.a(rom_ll_ll_routines.o)